OpenROAD b16bda7e82721d10566ff7e2b68f1ff0be9f9e38 
Features included (+) or not (-): +Charts +GPU +GUI +Python
This program is licensed under the BSD-3 license. See the LICENSE file for details.
Components of this program may be licensed under more restrictive licenses which must be honored.
define_corners Typical
read_liberty -corner Typical /root/.volare/sky130A/libs.ref/sky130_fd_sc_hd/lib/sky130_fd_sc_hd__tt_025C_1v80.lib
Using 1e-12 for capacitance...
Using 1e+03 for resistance...
Using 1e-09 for time...
Using 1e+00 for voltage...
Using 1e-03 for current...
Using 1e-09 for power...
Using 1e-06 for distance...
[INFO]: Reading ODB at '/openlane/designs/full_cpu/runs/RUN_2025.06.16_16.44.08/results/floorplan/Main.odb'…
Reading design constraints file at '/openlane/designs/full_cpu/src/Main.sdc'…
[INFO]: Setting RC values...
[INFO]: Setting signal min routing layer to: met1 and clock min routing layer to met3. 
[INFO]: Setting signal max routing layer to: met5 and clock max routing layer to met5. 
[INFO GPL-0002] DBU: 1000
[INFO GPL-0003] SiteSize: (  0.460  2.720 ) um
[INFO GPL-0004] CoreBBox: (  5.520 10.880 ) ( 174.340 258.400 ) um
[INFO GPL-0006] NumInstances:              4141
[INFO GPL-0007] NumPlaceInstances:         3401
[INFO GPL-0008] NumFixedInstances:          740
[INFO GPL-0009] NumDummyInstances:            0
[INFO GPL-0010] NumNets:                   3404
[INFO GPL-0011] NumPins:                  11281
[INFO GPL-0012] DieBBox:  (  0.000  0.000 ) ( 180.000 270.000 ) um
[INFO GPL-0013] CoreBBox: (  5.520 10.880 ) ( 174.340 258.400 ) um
[INFO GPL-0016] CoreArea:             41786.326 um^2
[INFO GPL-0017] NonPlaceInstsArea:     1381.325 um^2
[INFO GPL-0018] PlaceInstsArea:       34404.246 um^2
[INFO GPL-0019] Util:                    85.148 %
[INFO GPL-0020] StdInstsArea:         34404.246 um^2
[INFO GPL-0021] MacroInstsArea:           0.000 um^2
[InitialPlace]  Iter: 1 CG residual: 0.00072246 HPWL: 30842400
[InitialPlace]  Iter: 2 CG residual: 0.00018465 HPWL: 31989357
[InitialPlace]  Iter: 3 CG residual: 0.00011166 HPWL: 32049747
[InitialPlace]  Iter: 4 CG residual: 0.00014647 HPWL: 32206842
[InitialPlace]  Iter: 5 CG residual: 0.00022665 HPWL: 32134380
[InitialPlace]  Iter: 6 CG residual: 0.00006392 HPWL: 32220220
[InitialPlace]  Iter: 7 CG residual: 0.00023771 HPWL: 32142313
[InitialPlace]  Iter: 8 CG residual: 0.00005452 HPWL: 32217364
[InitialPlace]  Iter: 9 CG residual: 0.00022320 HPWL: 32147797
[InitialPlace]  Iter: 10 CG residual: 0.00007141 HPWL: 32219227
[InitialPlace]  Iter: 11 CG residual: 0.00022385 HPWL: 32156853
[InitialPlace]  Iter: 12 CG residual: 0.00002045 HPWL: 32225713
[InitialPlace]  Iter: 13 CG residual: 0.00020165 HPWL: 32153140
[InitialPlace]  Iter: 14 CG residual: 0.00004839 HPWL: 32225712
[InitialPlace]  Iter: 15 CG residual: 0.00017549 HPWL: 32158267
[InitialPlace]  Iter: 16 CG residual: 0.00006492 HPWL: 32218032
[InitialPlace]  Iter: 17 CG residual: 0.00020609 HPWL: 32161110
[InitialPlace]  Iter: 18 CG residual: 0.00007074 HPWL: 32218803
[InitialPlace]  Iter: 19 CG residual: 0.00011716 HPWL: 32155658
[InitialPlace]  Iter: 20 CG residual: 0.00007213 HPWL: 32230820
[INFO GPL-0031] FillerInit:NumGCells:      3436
[INFO GPL-0032] FillerInit:NumGNets:       3404
[INFO GPL-0033] FillerInit:NumGPins:      11281
[INFO GPL-0023] TargetDensity:            0.860
[INFO GPL-0024] AvrgPlaceInstArea:       10.116 um^2
[INFO GPL-0025] IdealBinArea:            11.763 um^2
[INFO GPL-0026] IdealBinCnt:               3552
[INFO GPL-0027] TotalBinArea:         41786.326 um^2
[INFO GPL-0028] BinCnt:        32     32
[INFO GPL-0029] BinSize: (  5.276  7.735 )
[INFO GPL-0030] NumBins: 1024
[NesterovSolve] Iter:    1 overflow: 0.978 HPWL: 9623909
[NesterovSolve] Iter:   10 overflow: 0.954 HPWL: 10610825
[NesterovSolve] Iter:   20 overflow: 0.949 HPWL: 10622651
[NesterovSolve] Iter:   30 overflow: 0.946 HPWL: 10920374
[NesterovSolve] Iter:   40 overflow: 0.945 HPWL: 11066060
[NesterovSolve] Iter:   50 overflow: 0.945 HPWL: 11086867
[NesterovSolve] Iter:   60 overflow: 0.945 HPWL: 11029184
[NesterovSolve] Iter:   70 overflow: 0.945 HPWL: 10940455
[NesterovSolve] Iter:   80 overflow: 0.945 HPWL: 10872569
[NesterovSolve] Iter:   90 overflow: 0.944 HPWL: 10844477
[NesterovSolve] Iter:  100 overflow: 0.946 HPWL: 10850238
[NesterovSolve] Iter:  110 overflow: 0.943 HPWL: 10885784
[NesterovSolve] Iter:  120 overflow: 0.943 HPWL: 10974228
[NesterovSolve] Iter:  130 overflow: 0.943 HPWL: 11137706
[NesterovSolve] Iter:  140 overflow: 0.940 HPWL: 11529813
[NesterovSolve] Iter:  150 overflow: 0.933 HPWL: 12363453
[NesterovSolve] Iter:  160 overflow: 0.922 HPWL: 13582092
[NesterovSolve] Iter:  170 overflow: 0.913 HPWL: 14997396
[NesterovSolve] Iter:  180 overflow: 0.898 HPWL: 16578539
[NesterovSolve] Iter:  190 overflow: 0.883 HPWL: 18521833
[NesterovSolve] Iter:  200 overflow: 0.862 HPWL: 20853615
[NesterovSolve] Iter:  210 overflow: 0.832 HPWL: 23216332
[NesterovSolve] Iter:  220 overflow: 0.803 HPWL: 25428473
[INFO GPL-0100] worst slack 7.42e-09
[INFO GPL-0103] Weighted 339 nets.
[NesterovSolve] Iter:  230 overflow: 0.771 HPWL: 27836023
[NesterovSolve] Iter:  240 overflow: 0.727 HPWL: 30369305
[NesterovSolve] Iter:  250 overflow: 0.682 HPWL: 32796482
[NesterovSolve] Iter:  260 overflow: 0.641 HPWL: 35250620
[INFO GPL-0100] worst slack 7.35e-09
[INFO GPL-0103] Weighted 340 nets.
[NesterovSolve] Snapshot saved at iter = 267
[NesterovSolve] Iter:  270 overflow: 0.588 HPWL: 38013291
[NesterovSolve] Iter:  280 overflow: 0.541 HPWL: 40847706
[NesterovSolve] Iter:  290 overflow: 0.494 HPWL: 43481776
[INFO GPL-0100] worst slack 7.34e-09
[INFO GPL-0103] Weighted 340 nets.
[NesterovSolve] Iter:  300 overflow: 0.443 HPWL: 45523199
[NesterovSolve] Iter:  310 overflow: 0.390 HPWL: 47185166
[NesterovSolve] Iter:  320 overflow: 0.346 HPWL: 48946944
[NesterovSolve] Iter:  330 overflow: 0.315 HPWL: 50035137
[INFO GPL-0100] worst slack 7.34e-09
[INFO GPL-0103] Weighted 340 nets.
[NesterovSolve] Iter:  340 overflow: 0.281 HPWL: 50956991
[NesterovSolve] Iter:  350 overflow: 0.257 HPWL: 51798412
[NesterovSolve] Iter:  360 overflow: 0.228 HPWL: 53032423
[INFO GPL-0100] worst slack 7.37e-09
[INFO GPL-0103] Weighted 340 nets.
[NesterovSolve] Iter:  370 overflow: 0.202 HPWL: 53549269
[INFO GPL-0075] Routability numCall: 1 inflationIterCnt: 1 bloatIterCnt: 0
[INFO GPL-0036] TileBBox: (    0    0 ) ( 6900 6900 ) DBU
[INFO GPL-0038] TileCnt:      26   39
[INFO GPL-0039] numRoutingLayers: 6
[INFO GPL-0040] NumTiles: 1014
[INFO GPL-0063] TotalRouteOverflowH2: 1
[INFO GPL-0064] TotalRouteOverflowV2: 18.533333897590637
[INFO GPL-0065] OverflowTileCnt2: 84
[INFO GPL-0066] 0.5%RC: 1.4267
[INFO GPL-0067] 1.0%RC: 1.3800
[INFO GPL-0068] 2.0%RC: 1.3317
[INFO GPL-0069] 5.0%RC: 1.1853
[INFO GPL-0070] 0.5rcK: 1
[INFO GPL-0071] 1.0rcK: 1
[INFO GPL-0072] 2.0rcK: 0
[INFO GPL-0073] 5.0rcK: 0
[INFO GPL-0074] FinalRC: 1.4033
[INFO GPL-0078] FinalRC lower than minRC (1e+30), min RC updated.
[INFO GPL-0045] InflatedAreaDelta:     2873.091 um^2
[INFO GPL-0046] TargetDensity:            0.860
[INFO GPL-0049] WhiteSpaceArea:       40405.002 um^2
[INFO GPL-0050] NesterovInstsArea:    34404.246 um^2
[INFO GPL-0051] TotalFillerArea:        344.055 um^2
[INFO GPL-0052] TotalGCellsArea:      34748.301 um^2
[INFO GPL-0053] ExpectedGCellsArea:   37621.392 um^2
[INFO GPL-0054] NewTargetDensity:         0.931
[INFO GPL-0055] NewWhiteSpaceArea:    40405.002 um^2
[INFO GPL-0056] MovableArea:          37621.391 um^2
[INFO GPL-0057] NewNesterovInstArea:  37277.337 um^2
[INFO GPL-0058] NewTotalFillerArea:     344.054 um^2
[INFO GPL-0059] NewTotalGCellsArea:   37621.391 um^2
[NesterovSolve] Revert back to snapshot coordi
[NesterovSolve] Iter:  380 overflow: 0.555 HPWL: 41899723
[NesterovSolve] Iter:  390 overflow: 0.526 HPWL: 44013021
[NesterovSolve] Iter:  400 overflow: 0.492 HPWL: 45706909
[NesterovSolve] Iter:  410 overflow: 0.456 HPWL: 47546525
[NesterovSolve] Iter:  420 overflow: 0.410 HPWL: 48954808
[NesterovSolve] Iter:  430 overflow: 0.373 HPWL: 50659460
[NesterovSolve] Iter:  440 overflow: 0.333 HPWL: 51701793
[NesterovSolve] Iter:  450 overflow: 0.305 HPWL: 52882880
[NesterovSolve] Iter:  460 overflow: 0.280 HPWL: 54211775
[NesterovSolve] Iter:  470 overflow: 0.246 HPWL: 55106867
[NesterovSolve] Iter:  480 overflow: 0.219 HPWL: 55598896
[INFO GPL-0075] Routability numCall: 2 inflationIterCnt: 2 bloatIterCnt: 0
[INFO GPL-0036] TileBBox: (    0    0 ) ( 6900 6900 ) DBU
[INFO GPL-0038] TileCnt:      26   39
[INFO GPL-0039] numRoutingLayers: 6
[INFO GPL-0040] NumTiles: 1014
[INFO GPL-0063] TotalRouteOverflowH2: 0.5000001192092896
[INFO GPL-0064] TotalRouteOverflowV2: 9.033334374427795
[INFO GPL-0065] OverflowTileCnt2: 65
[INFO GPL-0066] 0.5%RC: 1.3000
[INFO GPL-0067] 1.0%RC: 1.2417
[INFO GPL-0068] 2.0%RC: 1.1925
[INFO GPL-0069] 5.0%RC: 1.0903
[INFO GPL-0070] 0.5rcK: 1
[INFO GPL-0071] 1.0rcK: 1
[INFO GPL-0072] 2.0rcK: 0
[INFO GPL-0073] 5.0rcK: 0
[INFO GPL-0074] FinalRC: 1.2708
[INFO GPL-0078] FinalRC lower than minRC (1.4033333), min RC updated.
[INFO GPL-0045] InflatedAreaDelta:     2153.163 um^2
[INFO GPL-0046] TargetDensity:            0.931
[INFO GPL-0049] WhiteSpaceArea:       40405.002 um^2
[INFO GPL-0050] NesterovInstsArea:    37277.337 um^2
[INFO GPL-0051] TotalFillerArea:        344.054 um^2
[INFO GPL-0052] TotalGCellsArea:      37621.391 um^2
[INFO GPL-0053] ExpectedGCellsArea:   39774.555 um^2
[INFO GPL-0054] NewTargetDensity:         0.984
[INFO GPL-0055] NewWhiteSpaceArea:    40405.002 um^2
[INFO GPL-0056] MovableArea:          39774.556 um^2
[INFO GPL-0057] NewNesterovInstArea:  39430.500 um^2
[INFO GPL-0058] NewTotalFillerArea:     344.056 um^2
[INFO GPL-0059] NewTotalGCellsArea:   39774.556 um^2
[NesterovSolve] Revert back to snapshot coordi
[NesterovSolve] Iter:  490 overflow: 0.591 HPWL: 39466931
[NesterovSolve] Iter:  500 overflow: 0.537 HPWL: 43930628
[NesterovSolve] Iter:  510 overflow: 0.510 HPWL: 45963323
[NesterovSolve] Iter:  520 overflow: 0.482 HPWL: 47170547
[NesterovSolve] Iter:  530 overflow: 0.432 HPWL: 49185048
[NesterovSolve] Iter:  540 overflow: 0.393 HPWL: 50690974
[NesterovSolve] Iter:  550 overflow: 0.351 HPWL: 51964737
[NesterovSolve] Iter:  560 overflow: 0.317 HPWL: 53234342
[NesterovSolve] Iter:  570 overflow: 0.285 HPWL: 54425950
[NesterovSolve] Iter:  580 overflow: 0.255 HPWL: 55647028
[NesterovSolve] Iter:  590 overflow: 0.224 HPWL: 56214309
[NesterovSolve] Iter:  600 overflow: 0.201 HPWL: 56880152
[INFO GPL-0075] Routability numCall: 3 inflationIterCnt: 3 bloatIterCnt: 0
[INFO GPL-0036] TileBBox: (    0    0 ) ( 6900 6900 ) DBU
[INFO GPL-0038] TileCnt:      26   39
[INFO GPL-0039] numRoutingLayers: 6
[INFO GPL-0040] NumTiles: 1014
[INFO GPL-0063] TotalRouteOverflowH2: 1.2000000476837158
[INFO GPL-0064] TotalRouteOverflowV2: 12.000000596046448
[INFO GPL-0065] OverflowTileCnt2: 80
[INFO GPL-0066] 0.5%RC: 1.3500
[INFO GPL-0067] 1.0%RC: 1.2717
[INFO GPL-0068] 2.0%RC: 1.2192
[INFO GPL-0069] 5.0%RC: 1.1200
[INFO GPL-0070] 0.5rcK: 1
[INFO GPL-0071] 1.0rcK: 1
[INFO GPL-0072] 2.0rcK: 0
[INFO GPL-0073] 5.0rcK: 0
[INFO GPL-0074] FinalRC: 1.3108
[INFO GPL-0079] MinRC (1.2708334) violation occurred, total count: 1.
[INFO GPL-0045] InflatedAreaDelta:     2787.399 um^2
[INFO GPL-0046] TargetDensity:            0.984
Revert Routability Procedure. Target density higher than max, or minRC max violations.
[INFO GPL-0080] minRcViolatedCnt: 1
[INFO GPL-0047] SavedMinRC: 1.2708
[INFO GPL-0048] SavedTargetDensity: 0.9311
[NesterovSolve] Revert back to snapshot coordi
[NesterovSolve] Iter:  610 overflow: 0.541 HPWL: 40611990
[NesterovSolve] Iter:  620 overflow: 0.513 HPWL: 42911671
[NesterovSolve] Iter:  630 overflow: 0.474 HPWL: 44817399
[NesterovSolve] Iter:  640 overflow: 0.441 HPWL: 46644917
[NesterovSolve] Iter:  650 overflow: 0.396 HPWL: 48200644
[NesterovSolve] Iter:  660 overflow: 0.360 HPWL: 50092689
[NesterovSolve] Iter:  670 overflow: 0.322 HPWL: 51402905
[NesterovSolve] Iter:  680 overflow: 0.295 HPWL: 52638017
[NesterovSolve] Iter:  690 overflow: 0.267 HPWL: 54016315
[NesterovSolve] Iter:  700 overflow: 0.235 HPWL: 54963162
[NesterovSolve] Iter:  710 overflow: 0.208 HPWL: 55462387
[NesterovSolve] Iter:  720 overflow: 0.183 HPWL: 56222257
[NesterovSolve] Iter:  730 overflow: 0.159 HPWL: 56742160
[INFO GPL-0100] worst slack 7.38e-09
[INFO GPL-0103] Weighted 340 nets.
[NesterovSolve] Iter:  740 overflow: 0.139 HPWL: 57238979
[NesterovSolve] Iter:  750 overflow: 0.117 HPWL: 57597114
[NesterovSolve] Iter:  760 overflow: 0.102 HPWL: 57898062
[NesterovSolve] Finished with Overflow: 0.099053
Setting global connections for newly added cells…
Writing OpenROAD database to '/openlane/designs/full_cpu/runs/RUN_2025.06.16_16.44.08/tmp/placement/7-global.odb'…
Writing netlist to '/openlane/designs/full_cpu/runs/RUN_2025.06.16_16.44.08/tmp/placement/7-global.nl.v'…
Writing powered netlist to '/openlane/designs/full_cpu/runs/RUN_2025.06.16_16.44.08/tmp/placement/7-global.pnl.v'…
Writing layout to '/openlane/designs/full_cpu/runs/RUN_2025.06.16_16.44.08/tmp/placement/7-global.def'…
