OpenROAD b16bda7e82721d10566ff7e2b68f1ff0be9f9e38 
Features included (+) or not (-): +Charts +GPU +GUI +Python
This program is licensed under the BSD-3 license. See the LICENSE file for details.
Components of this program may be licensed under more restrictive licenses which must be honored.
define_corners Typical
read_liberty -corner Typical /root/.volare/sky130A/libs.ref/sky130_fd_sc_hd/lib/sky130_fd_sc_hd__tt_025C_1v80.lib
Using 1e-12 for capacitance...
Using 1e+03 for resistance...
Using 1e-09 for time...
Using 1e+00 for voltage...
Using 1e-03 for current...
Using 1e-09 for power...
Using 1e-06 for distance...
[INFO]: Reading ODB at '/openlane/designs/full_cpu/runs/RUN_2025.06.16_16.44.08/tmp/routing/22-fill.odb'…
Reading design constraints file at '/openlane/designs/full_cpu/src/Main.sdc'…
[INFO ORD-0030] Using 2 thread(s).
[INFO DRT-0149] Reading tech and libs.
[WARNING DRT-0349] LEF58_ENCLOSURE with no CUTCLASS is not supported. Skipping for layer mcon
[WARNING DRT-0349] LEF58_ENCLOSURE with no CUTCLASS is not supported. Skipping for layer mcon
[WARNING DRT-0349] LEF58_ENCLOSURE with no CUTCLASS is not supported. Skipping for layer via
[WARNING DRT-0349] LEF58_ENCLOSURE with no CUTCLASS is not supported. Skipping for layer via
[WARNING DRT-0349] LEF58_ENCLOSURE with no CUTCLASS is not supported. Skipping for layer via2
[WARNING DRT-0349] LEF58_ENCLOSURE with no CUTCLASS is not supported. Skipping for layer via2
[WARNING DRT-0349] LEF58_ENCLOSURE with no CUTCLASS is not supported. Skipping for layer via3
[WARNING DRT-0349] LEF58_ENCLOSURE with no CUTCLASS is not supported. Skipping for layer via3
[WARNING DRT-0349] LEF58_ENCLOSURE with no CUTCLASS is not supported. Skipping for layer via4
[WARNING DRT-0349] LEF58_ENCLOSURE with no CUTCLASS is not supported. Skipping for layer via4

Units:                1000
Number of layers:     13
Number of macros:     441
Number of vias:       29
Number of viarulegen: 25

[INFO DRT-0150] Reading design.

Design:                   Main
Die area:                 ( 0 0 ) ( 180000 270000 )
Number of track patterns: 12
Number of DEF vias:       0
Number of components:     5943
Number of terminals:      21
Number of snets:          2
Number of nets:           3452

[INFO DRT-0167] List of default vias:
  Layer via
    default via: M1M2_PR
  Layer via2
    default via: M2M3_PR
  Layer via3
    default via: M3M4_PR
  Layer via4
    default via: M4M5_PR
[INFO DRT-0162] Library cell analysis.
[INFO DRT-0163] Instance analysis.
[INFO DRT-0164] Number of unique instances = 330.
[INFO DRT-0168] Init region query.
[INFO DRT-0024]   Complete FR_MASTERSLICE.
[INFO DRT-0024]   Complete Fr_VIA.
[INFO DRT-0024]   Complete li1.
[INFO DRT-0024]   Complete mcon.
[INFO DRT-0024]   Complete met1.
[INFO DRT-0024]   Complete via.
[INFO DRT-0024]   Complete met2.
[INFO DRT-0024]   Complete via2.
[INFO DRT-0024]   Complete met3.
[INFO DRT-0024]   Complete via3.
[INFO DRT-0024]   Complete met4.
[INFO DRT-0024]   Complete via4.
[INFO DRT-0024]   Complete met5.
[INFO DRT-0033] FR_MASTERSLICE shape region query size = 0.
[INFO DRT-0033] FR_VIA shape region query size = 0.
[INFO DRT-0033] li1 shape region query size = 113723.
[INFO DRT-0033] mcon shape region query size = 4560.
[INFO DRT-0033] met1 shape region query size = 16605.
[INFO DRT-0033] via shape region query size = 1840.
[INFO DRT-0033] met2 shape region query size = 1120.
[INFO DRT-0033] via2 shape region query size = 1472.
[INFO DRT-0033] met3 shape region query size = 1107.
[INFO DRT-0033] via3 shape region query size = 1472.
[INFO DRT-0033] met4 shape region query size = 424.
[INFO DRT-0033] via4 shape region query size = 40.
[INFO DRT-0033] met5 shape region query size = 60.
[INFO DRT-0165] Start pin access.
[INFO DRT-0076]   Complete 1000 pins.
[INFO DRT-0078]   Complete 1178 pins.
[INFO DRT-0079]   Complete 100 unique inst patterns.
[INFO DRT-0079]   Complete 200 unique inst patterns.
[INFO DRT-0079]   Complete 300 unique inst patterns.
[INFO DRT-0081]   Complete 312 unique inst patterns.
[INFO DRT-0084]   Complete 1462 groups.
#scanned instances     = 5943
#unique  instances     = 330
#stdCellGenAp          = 8939
#stdCellValidPlanarAp  = 38
#stdCellValidViaAp     = 6903
#stdCellPinNoAp        = 0
#stdCellPinCnt         = 11385
#instTermValidViaApCnt = 0
#macroGenAp            = 0
#macroValidPlanarAp    = 0
#macroValidViaAp       = 0
#macroNoAp             = 0
[INFO DRT-0166] Complete pin access.
[INFO DRT-0267] cpu time = 00:00:55, elapsed time = 00:00:26, memory = 140.52 (MB), peak = 140.52 (MB)

Number of guides:     25697

[INFO DRT-0169] Post process guides.
[INFO DRT-0176] GCELLGRID X 0 DO 26 STEP 6900 ;
[INFO DRT-0177] GCELLGRID Y 0 DO 39 STEP 6900 ;
[INFO DRT-0028]   Complete FR_MASTERSLICE.
[INFO DRT-0028]   Complete Fr_VIA.
[INFO DRT-0028]   Complete li1.
[INFO DRT-0028]   Complete mcon.
[INFO DRT-0028]   Complete met1.
[INFO DRT-0028]   Complete via.
[INFO DRT-0028]   Complete met2.
[INFO DRT-0028]   Complete via2.
[INFO DRT-0028]   Complete met3.
[INFO DRT-0028]   Complete via3.
[INFO DRT-0028]   Complete met4.
[INFO DRT-0028]   Complete via4.
[INFO DRT-0028]   Complete met5.
[INFO DRT-0178] Init guide query.
[INFO DRT-0035]   Complete FR_MASTERSLICE (guide).
[INFO DRT-0035]   Complete Fr_VIA (guide).
[INFO DRT-0035]   Complete li1 (guide).
[INFO DRT-0035]   Complete mcon (guide).
[INFO DRT-0035]   Complete met1 (guide).
[INFO DRT-0035]   Complete via (guide).
[INFO DRT-0035]   Complete met2 (guide).
[INFO DRT-0035]   Complete via2 (guide).
[INFO DRT-0035]   Complete met3 (guide).
[INFO DRT-0035]   Complete via3 (guide).
[INFO DRT-0035]   Complete met4 (guide).
[INFO DRT-0035]   Complete via4 (guide).
[INFO DRT-0035]   Complete met5 (guide).
[INFO DRT-0036] FR_MASTERSLICE guide region query size = 0.
[INFO DRT-0036] FR_VIA guide region query size = 0.
[INFO DRT-0036] li1 guide region query size = 9097.
[INFO DRT-0036] mcon guide region query size = 0.
[INFO DRT-0036] met1 guide region query size = 7168.
[INFO DRT-0036] via guide region query size = 0.
[INFO DRT-0036] met2 guide region query size = 3851.
[INFO DRT-0036] via2 guide region query size = 0.
[INFO DRT-0036] met3 guide region query size = 426.
[INFO DRT-0036] via3 guide region query size = 0.
[INFO DRT-0036] met4 guide region query size = 217.
[INFO DRT-0036] via4 guide region query size = 0.
[INFO DRT-0036] met5 guide region query size = 0.
[INFO DRT-0179] Init gr pin query.
[INFO DRT-0245] skipped writing guide updates to database.
[INFO DRT-0185] Post process initialize RPin region query.
[INFO DRT-0181] Start track assignment.
[INFO DRT-0184] Done with 13165 vertical wires in 1 frboxes and 7594 horizontal wires in 1 frboxes.
[INFO DRT-0186] Done with 1920 vertical wires in 1 frboxes and 2477 horizontal wires in 1 frboxes.
[INFO DRT-0182] Complete track assignment.
[INFO DRT-0267] cpu time = 00:00:02, elapsed time = 00:00:01, memory = 181.27 (MB), peak = 181.27 (MB)
[INFO DRT-0187] Start routing data preparation.
[INFO DRT-0267] cpu time = 00:00:00, elapsed time = 00:00:00, memory = 181.27 (MB), peak = 181.27 (MB)
[INFO DRT-0194] Start detail routing.
[INFO DRT-0195] Start 0th optimization iteration.
    Completing 10% with 0 violations.
    elapsed time = 00:00:04, memory = 251.79 (MB).
    Completing 20% with 0 violations.
    elapsed time = 00:00:10, memory = 277.93 (MB).
    Completing 30% with 355 violations.
    elapsed time = 00:00:22, memory = 300.75 (MB).
    Completing 40% with 355 violations.
    elapsed time = 00:00:23, memory = 331.62 (MB).
    Completing 50% with 355 violations.
    elapsed time = 00:00:28, memory = 300.74 (MB).
    Completing 60% with 574 violations.
    elapsed time = 00:00:32, memory = 301.87 (MB).
    Completing 70% with 574 violations.
    elapsed time = 00:00:39, memory = 306.12 (MB).
    Completing 80% with 1030 violations.
    elapsed time = 00:00:50, memory = 328.24 (MB).
    Completing 90% with 1030 violations.
    elapsed time = 00:00:54, memory = 328.24 (MB).
    Completing 100% with 1370 violations.
    elapsed time = 00:00:58, memory = 328.24 (MB).
[INFO DRT-0199]   Number of violations = 2018.
Viol/Layer         li1   met1   met2   met3   met4
Metal Spacing       32    267     45      5      1
NS Metal             1      0      0      0      0
Recheck              2    390    216     26     14
Short                0    899    113      0      7
[INFO DRT-0267] cpu time = 00:01:36, elapsed time = 00:00:58, memory = 588.37 (MB), peak = 588.37 (MB)
Total wire length = 95748 um.
Total wire length on LAYER li1 = 0 um.
Total wire length on LAYER met1 = 37761 um.
Total wire length on LAYER met2 = 44145 um.
Total wire length on LAYER met3 = 5215 um.
Total wire length on LAYER met4 = 8626 um.
Total wire length on LAYER met5 = 0 um.
Total number of vias = 24747.
Up-via summary (total 24747):

------------------------
 FR_MASTERSLICE        0
            li1    11391
           met1    12252
           met2      685
           met3      419
           met4        0
------------------------
                   24747


[INFO DRT-0195] Start 1st optimization iteration.
    Completing 10% with 2018 violations.
    elapsed time = 00:00:01, memory = 588.37 (MB).
    Completing 20% with 2018 violations.
    elapsed time = 00:00:05, memory = 588.37 (MB).
    Completing 30% with 1798 violations.
    elapsed time = 00:00:13, memory = 588.37 (MB).
    Completing 40% with 1798 violations.
    elapsed time = 00:00:14, memory = 625.12 (MB).
    Completing 50% with 1798 violations.
    elapsed time = 00:00:23, memory = 588.48 (MB).
    Completing 60% with 1616 violations.
    elapsed time = 00:00:29, memory = 590.73 (MB).
    Completing 70% with 1616 violations.
    elapsed time = 00:00:34, memory = 598.73 (MB).
    Completing 80% with 1208 violations.
    elapsed time = 00:00:39, memory = 603.23 (MB).
    Completing 90% with 1208 violations.
    elapsed time = 00:00:45, memory = 615.36 (MB).
    Completing 100% with 841 violations.
    elapsed time = 00:00:47, memory = 615.86 (MB).
[INFO DRT-0199]   Number of violations = 841.
Viol/Layer        mcon   met1    via   met2   met3
Cut Spacing          1      0      0      0      0
Metal Spacing        0     91      0     38      4
Short                0    639      1     67      0
[INFO DRT-0267] cpu time = 00:01:20, elapsed time = 00:00:47, memory = 616.23 (MB), peak = 625.12 (MB)
Total wire length = 94717 um.
Total wire length on LAYER li1 = 0 um.
Total wire length on LAYER met1 = 37388 um.
Total wire length on LAYER met2 = 43663 um.
Total wire length on LAYER met3 = 5179 um.
Total wire length on LAYER met4 = 8485 um.
Total wire length on LAYER met5 = 0 um.
Total number of vias = 24487.
Up-via summary (total 24487):

------------------------
 FR_MASTERSLICE        0
            li1    11386
           met1    12027
           met2      677
           met3      397
           met4        0
------------------------
                   24487


[INFO DRT-0195] Start 2nd optimization iteration.
    Completing 10% with 841 violations.
    elapsed time = 00:00:00, memory = 647.23 (MB).
    Completing 20% with 841 violations.
    elapsed time = 00:00:03, memory = 647.23 (MB).
    Completing 30% with 841 violations.
    elapsed time = 00:00:04, memory = 647.23 (MB).
    Completing 40% with 859 violations.
    elapsed time = 00:00:07, memory = 619.51 (MB).
    Completing 50% with 859 violations.
    elapsed time = 00:00:14, memory = 619.51 (MB).
    Completing 60% with 859 violations.
    elapsed time = 00:00:16, memory = 619.51 (MB).
    Completing 70% with 825 violations.
    elapsed time = 00:00:22, memory = 629.38 (MB).
    Completing 80% with 825 violations.
    elapsed time = 00:00:23, memory = 629.38 (MB).
    Completing 90% with 804 violations.
    elapsed time = 00:00:34, memory = 629.38 (MB).
    Completing 100% with 776 violations.
    elapsed time = 00:00:41, memory = 629.38 (MB).
[INFO DRT-0199]   Number of violations = 776.
Viol/Layer        met1    via   met2
Metal Spacing      116      0     48
Short              570      1     41
[INFO DRT-0267] cpu time = 00:01:17, elapsed time = 00:00:42, memory = 630.13 (MB), peak = 647.23 (MB)
Total wire length = 94480 um.
Total wire length on LAYER li1 = 0 um.
Total wire length on LAYER met1 = 37162 um.
Total wire length on LAYER met2 = 43854 um.
Total wire length on LAYER met3 = 5069 um.
Total wire length on LAYER met4 = 8393 um.
Total wire length on LAYER met5 = 0 um.
Total number of vias = 24554.
Up-via summary (total 24554):

------------------------
 FR_MASTERSLICE        0
            li1    11385
           met1    12100
           met2      677
           met3      392
           met4        0
------------------------
                   24554


[INFO DRT-0195] Start 3rd optimization iteration.
    Completing 10% with 776 violations.
    elapsed time = 00:00:02, memory = 634.88 (MB).
    Completing 20% with 776 violations.
    elapsed time = 00:00:11, memory = 639.63 (MB).
    Completing 30% with 586 violations.
    elapsed time = 00:00:17, memory = 642.76 (MB).
    Completing 40% with 586 violations.
    elapsed time = 00:00:19, memory = 642.76 (MB).
    Completing 50% with 586 violations.
    elapsed time = 00:00:20, memory = 642.76 (MB).
    Completing 60% with 483 violations.
    elapsed time = 00:00:22, memory = 642.76 (MB).
    Completing 70% with 483 violations.
    elapsed time = 00:00:26, memory = 642.76 (MB).
    Completing 80% with 268 violations.
    elapsed time = 00:00:28, memory = 642.76 (MB).
    Completing 90% with 268 violations.
    elapsed time = 00:00:30, memory = 642.76 (MB).
    Completing 100% with 106 violations.
    elapsed time = 00:00:37, memory = 642.76 (MB).
[INFO DRT-0199]   Number of violations = 106.
Viol/Layer        mcon   met1   met2
Cut Spacing          1      0      0
Metal Spacing        0     37      8
Short                0     57      3
[INFO DRT-0267] cpu time = 00:01:02, elapsed time = 00:00:37, memory = 642.76 (MB), peak = 647.23 (MB)
Total wire length = 94308 um.
Total wire length on LAYER li1 = 0 um.
Total wire length on LAYER met1 = 35060 um.
Total wire length on LAYER met2 = 43629 um.
Total wire length on LAYER met3 = 6974 um.
Total wire length on LAYER met4 = 8644 um.
Total wire length on LAYER met5 = 0 um.
Total number of vias = 24911.
Up-via summary (total 24911):

------------------------
 FR_MASTERSLICE        0
            li1    11385
           met1    12063
           met2     1048
           met3      415
           met4        0
------------------------
                   24911


[INFO DRT-0195] Start 4th optimization iteration.
    Completing 10% with 106 violations.
    elapsed time = 00:00:00, memory = 642.76 (MB).
    Completing 20% with 106 violations.
    elapsed time = 00:00:01, memory = 642.76 (MB).
    Completing 30% with 62 violations.
    elapsed time = 00:00:02, memory = 642.76 (MB).
    Completing 40% with 62 violations.
    elapsed time = 00:00:02, memory = 642.76 (MB).
    Completing 50% with 62 violations.
    elapsed time = 00:00:02, memory = 642.76 (MB).
    Completing 60% with 50 violations.
    elapsed time = 00:00:02, memory = 642.76 (MB).
    Completing 70% with 50 violations.
    elapsed time = 00:00:03, memory = 642.76 (MB).
    Completing 80% with 14 violations.
    elapsed time = 00:00:04, memory = 642.76 (MB).
    Completing 90% with 14 violations.
    elapsed time = 00:00:04, memory = 642.76 (MB).
    Completing 100% with 13 violations.
    elapsed time = 00:00:06, memory = 642.76 (MB).
[INFO DRT-0199]   Number of violations = 13.
Viol/Layer        met1
Metal Spacing        3
Min Hole             1
Short                9
[INFO DRT-0267] cpu time = 00:00:10, elapsed time = 00:00:06, memory = 642.76 (MB), peak = 647.23 (MB)
Total wire length = 94301 um.
Total wire length on LAYER li1 = 0 um.
Total wire length on LAYER met1 = 34826 um.
Total wire length on LAYER met2 = 43640 um.
Total wire length on LAYER met3 = 7189 um.
Total wire length on LAYER met4 = 8644 um.
Total wire length on LAYER met5 = 0 um.
Total number of vias = 24946.
Up-via summary (total 24946):

------------------------
 FR_MASTERSLICE        0
            li1    11385
           met1    12071
           met2     1075
           met3      415
           met4        0
------------------------
                   24946


[INFO DRT-0195] Start 5th optimization iteration.
    Completing 10% with 13 violations.
    elapsed time = 00:00:00, memory = 642.76 (MB).
    Completing 20% with 13 violations.
    elapsed time = 00:00:00, memory = 642.76 (MB).
    Completing 30% with 13 violations.
    elapsed time = 00:00:00, memory = 642.76 (MB).
    Completing 40% with 13 violations.
    elapsed time = 00:00:00, memory = 642.76 (MB).
    Completing 50% with 13 violations.
    elapsed time = 00:00:00, memory = 642.76 (MB).
    Completing 60% with 13 violations.
    elapsed time = 00:00:00, memory = 642.76 (MB).
    Completing 70% with 13 violations.
    elapsed time = 00:00:00, memory = 642.76 (MB).
    Completing 80% with 13 violations.
    elapsed time = 00:00:00, memory = 642.76 (MB).
    Completing 90% with 13 violations.
    elapsed time = 00:00:00, memory = 642.76 (MB).
    Completing 100% with 0 violations.
    elapsed time = 00:00:02, memory = 642.76 (MB).
[INFO DRT-0199]   Number of violations = 0.
[INFO DRT-0267] cpu time = 00:00:02, elapsed time = 00:00:02, memory = 642.76 (MB), peak = 647.23 (MB)
Total wire length = 94301 um.
Total wire length on LAYER li1 = 0 um.
Total wire length on LAYER met1 = 34817 um.
Total wire length on LAYER met2 = 43644 um.
Total wire length on LAYER met3 = 7194 um.
Total wire length on LAYER met4 = 8645 um.
Total wire length on LAYER met5 = 0 um.
Total number of vias = 24953.
Up-via summary (total 24953):

------------------------
 FR_MASTERSLICE        0
            li1    11385
           met1    12075
           met2     1077
           met3      416
           met4        0
------------------------
                   24953


[INFO DRT-0198] Complete detail routing.
Total wire length = 94301 um.
Total wire length on LAYER li1 = 0 um.
Total wire length on LAYER met1 = 34817 um.
Total wire length on LAYER met2 = 43644 um.
Total wire length on LAYER met3 = 7194 um.
Total wire length on LAYER met4 = 8645 um.
Total wire length on LAYER met5 = 0 um.
Total number of vias = 24953.
Up-via summary (total 24953):

------------------------
 FR_MASTERSLICE        0
            li1    11385
           met1    12075
           met2     1077
           met3      416
           met4        0
------------------------
                   24953


[INFO DRT-0267] cpu time = 00:05:29, elapsed time = 00:03:14, memory = 642.76 (MB), peak = 647.23 (MB)

[INFO DRT-0180] Post processing.
Setting global connections for newly added cells…
Writing OpenROAD database to '/openlane/designs/full_cpu/runs/RUN_2025.06.16_16.44.08/results/routing/Main.odb'…
Writing netlist to '/openlane/designs/full_cpu/runs/RUN_2025.06.16_16.44.08/results/routing/Main.nl.v'…
Writing powered netlist to '/openlane/designs/full_cpu/runs/RUN_2025.06.16_16.44.08/results/routing/Main.pnl.v'…
Writing layout to '/openlane/designs/full_cpu/runs/RUN_2025.06.16_16.44.08/results/routing/Main.def'…
