
70. Printing statistics.

=== Main ===

   Number of wires:               3390
   Number of wire bits:           3404
   Number of public wires:         520
   Number of public wire bits:     534
   Number of memories:               0
   Number of memory bits:            0
   Number of processes:              0
   Number of cells:               3401
     sky130_fd_sc_hd__a2111o_2       1
     sky130_fd_sc_hd__a2111oi_2      1
     sky130_fd_sc_hd__a211o_2       62
     sky130_fd_sc_hd__a211o_4        1
     sky130_fd_sc_hd__a211oi_2       1
     sky130_fd_sc_hd__a21bo_2       13
     sky130_fd_sc_hd__a21boi_2       2
     sky130_fd_sc_hd__a21boi_4       1
     sky130_fd_sc_hd__a21o_2        44
     sky130_fd_sc_hd__a21o_4         6
     sky130_fd_sc_hd__a21oi_2       49
     sky130_fd_sc_hd__a21oi_4        4
     sky130_fd_sc_hd__a221o_2        8
     sky130_fd_sc_hd__a22o_2         6
     sky130_fd_sc_hd__a22o_4         1
     sky130_fd_sc_hd__a22oi_2        1
     sky130_fd_sc_hd__a2bb2o_2       8
     sky130_fd_sc_hd__a2bb2o_4      11
     sky130_fd_sc_hd__a311o_2        9
     sky130_fd_sc_hd__a31o_2        24
     sky130_fd_sc_hd__a31oi_2        1
     sky130_fd_sc_hd__a32o_2         6
     sky130_fd_sc_hd__and2_2        42
     sky130_fd_sc_hd__and2_4         3
     sky130_fd_sc_hd__and2b_2       29
     sky130_fd_sc_hd__and3_2        34
     sky130_fd_sc_hd__and3_4         8
     sky130_fd_sc_hd__and3b_2       12
     sky130_fd_sc_hd__and4_2         7
     sky130_fd_sc_hd__and4b_2        1
     sky130_fd_sc_hd__and4bb_2       1
     sky130_fd_sc_hd__buf_1        756
     sky130_fd_sc_hd__buf_2          3
     sky130_fd_sc_hd__buf_4          4
     sky130_fd_sc_hd__buf_6          2
     sky130_fd_sc_hd__buf_8          3
     sky130_fd_sc_hd__bufinv_8       2
     sky130_fd_sc_hd__conb_1         1
     sky130_fd_sc_hd__dfrtp_2        5
     sky130_fd_sc_hd__dfxtp_2      492
     sky130_fd_sc_hd__dlxtn_1       33
     sky130_fd_sc_hd__inv_12         1
     sky130_fd_sc_hd__inv_2         66
     sky130_fd_sc_hd__inv_8          1
     sky130_fd_sc_hd__mux2_1         2
     sky130_fd_sc_hd__mux2_2       721
     sky130_fd_sc_hd__nand2_2      225
     sky130_fd_sc_hd__nand2b_2       2
     sky130_fd_sc_hd__nand3_2        6
     sky130_fd_sc_hd__nand4_2        1
     sky130_fd_sc_hd__nor2_2       121
     sky130_fd_sc_hd__nor2b_2        2
     sky130_fd_sc_hd__nor3_2         2
     sky130_fd_sc_hd__nor3_4         1
     sky130_fd_sc_hd__nor3b_2        1
     sky130_fd_sc_hd__nor4_2         1
     sky130_fd_sc_hd__o2111a_2       1
     sky130_fd_sc_hd__o2111ai_2      1
     sky130_fd_sc_hd__o211a_2       55
     sky130_fd_sc_hd__o211ai_2      30
     sky130_fd_sc_hd__o21a_2        64
     sky130_fd_sc_hd__o21ai_2       43
     sky130_fd_sc_hd__o21ba_2        7
     sky130_fd_sc_hd__o21bai_2       2
     sky130_fd_sc_hd__o21bai_4       2
     sky130_fd_sc_hd__o221a_2       41
     sky130_fd_sc_hd__o22a_2        20
     sky130_fd_sc_hd__o22ai_2       12
     sky130_fd_sc_hd__o2bb2a_2       7
     sky130_fd_sc_hd__o2bb2a_4       2
     sky130_fd_sc_hd__o311a_2        1
     sky130_fd_sc_hd__o31a_2        10
     sky130_fd_sc_hd__o31ai_2        6
     sky130_fd_sc_hd__o32a_2        12
     sky130_fd_sc_hd__or2_2         85
     sky130_fd_sc_hd__or2_4          1
     sky130_fd_sc_hd__or2b_2        13
     sky130_fd_sc_hd__or3_2         17
     sky130_fd_sc_hd__or3_4         11
     sky130_fd_sc_hd__or3b_2        12
     sky130_fd_sc_hd__or3b_4         1
     sky130_fd_sc_hd__or4_2         14
     sky130_fd_sc_hd__or4_4          1
     sky130_fd_sc_hd__or4b_2         4
     sky130_fd_sc_hd__or4b_4         1
     sky130_fd_sc_hd__or4bb_2        4
     sky130_fd_sc_hd__xnor2_2       45
     sky130_fd_sc_hd__xnor2_4        4
     sky130_fd_sc_hd__xor2_2        21

   Chip area for module '\Main': 34404.246400

