
===========================================================================
report_checks -unconstrained
===========================================================================
======================= Typical Corner ===================================

Startpoint: _5745_ (rising edge-triggered flip-flop clocked by core_clock)
Endpoint: _5761_ (rising edge-triggered flip-flop clocked by core_clock)
Path Group: core_clock
Path Type: max

Fanout     Cap    Slew   Delay    Time   Description
-----------------------------------------------------------------------------
                  0.00    0.00    0.00   clock core_clock (rise edge)
                          0.00    0.00   clock network delay (ideal)
                  0.00    0.00    0.00 ^ _5745_/CLK (sky130_fd_sc_hd__dfxtp_2)
     5    0.01    0.05    0.32    0.32 v _5745_/Q (sky130_fd_sc_hd__dfxtp_2)
                                         clk_div.counter[0] (net)
                  0.05    0.00    0.32 v _4700_/B (sky130_fd_sc_hd__and3_2)
     4    0.02    0.07    0.23    0.55 v _4700_/X (sky130_fd_sc_hd__and3_2)
                                         _2304_ (net)
                  0.07    0.00    0.55 v _4706_/C (sky130_fd_sc_hd__and3_2)
     4    0.01    0.06    0.25    0.79 v _4706_/X (sky130_fd_sc_hd__and3_2)
                                         _2308_ (net)
                  0.06    0.00    0.79 v _4711_/B (sky130_fd_sc_hd__and2_2)
     4    0.01    0.06    0.23    1.02 v _4711_/X (sky130_fd_sc_hd__and2_2)
                                         _2312_ (net)
                  0.06    0.00    1.02 v _4717_/C (sky130_fd_sc_hd__and3_2)
     4    0.02    0.07    0.26    1.28 v _4717_/X (sky130_fd_sc_hd__and3_2)
                                         _2316_ (net)
                  0.07    0.00    1.28 v _4722_/C (sky130_fd_sc_hd__and3_2)
     4    0.02    0.07    0.26    1.54 v _4722_/X (sky130_fd_sc_hd__and3_2)
                                         _2319_ (net)
                  0.07    0.00    1.54 v _4726_/C (sky130_fd_sc_hd__and3_2)
     5    0.01    0.07    0.25    1.79 v _4726_/X (sky130_fd_sc_hd__and3_2)
                                         _2321_ (net)
                  0.07    0.00    1.79 v _4732_/C (sky130_fd_sc_hd__and3_2)
     4    0.02    0.07    0.26    2.05 v _4732_/X (sky130_fd_sc_hd__and3_2)
                                         _2325_ (net)
                  0.07    0.00    2.05 v _4737_/C (sky130_fd_sc_hd__and3_2)
     3    0.01    0.06    0.24    2.29 v _4737_/X (sky130_fd_sc_hd__and3_2)
                                         _2328_ (net)
                  0.06    0.00    2.29 v _4741_/B (sky130_fd_sc_hd__or2_2)
     1    0.00    0.05    0.26    2.55 v _4741_/X (sky130_fd_sc_hd__or2_2)
                                         _2331_ (net)
                  0.05    0.00    2.55 v _4742_/B (sky130_fd_sc_hd__and2_2)
     1    0.00    0.03    0.18    2.73 v _4742_/X (sky130_fd_sc_hd__and2_2)
                                         _2332_ (net)
                  0.03    0.00    2.73 v _4743_/A (sky130_fd_sc_hd__buf_1)
     1    0.00    0.02    0.08    2.81 v _4743_/X (sky130_fd_sc_hd__buf_1)
                                         _0045_ (net)
                  0.02    0.00    2.81 v _5761_/D (sky130_fd_sc_hd__dfxtp_2)
                                  2.81   data arrival time

                  0.00   10.00   10.00   clock core_clock (rise edge)
                          0.00   10.00   clock network delay (ideal)
                          0.00   10.00   clock reconvergence pessimism
                                 10.00 ^ _5761_/CLK (sky130_fd_sc_hd__dfxtp_2)
                         -0.11    9.89   library setup time
                                  9.89   data required time
-----------------------------------------------------------------------------
                                  9.89   data required time
                                 -2.81   data arrival time
-----------------------------------------------------------------------------
                                  7.08   slack (MET)




===========================================================================
report_checks --slack_max -0.01
============================================================================
======================= Typical Corner ===================================

No paths found.


===========================================================================
 report_check_types -max_slew -max_cap -max_fanout -violators
============================================================================
======================= Typical Corner ===================================


max slew violations count Typical: 0
max fanout violations count Typical: 0
max cap violations count Typical: 0

===========================================================================
report_parasitic_annotation -report_unannotated
============================================================================
Found 3405 unannotated drivers.
 clk
 next
 rst
 _2870_/Y
 _2871_/Y
 _2872_/X
 _2873_/Y
 _2874_/Y
 _2875_/X
 _2876_/Y
 _2877_/Y
 _2878_/Y
 _2879_/X
 _2880_/X
 _2881_/X
 _2882_/X
 _2883_/X
 _2884_/X
 _2885_/Y
 _2886_/Y
 _2887_/X
 _2888_/X
 _2889_/X
 _2890_/Y
 _2891_/Y
 _2892_/Y
 _2893_/Y
 _2894_/Y
 _2895_/Y
 _2896_/Y
 _2897_/Y
 _2898_/Y
 _2899_/Y
 _2900_/Y
 _2901_/X
 _2902_/X
 _2903_/Y
 _2904_/Y
 _2905_/Y
 _2906_/X
 _2907_/X
 _2908_/X
 _2909_/X
 _2910_/X
 _2911_/X
 _2912_/X
 _2913_/X
 _2914_/X
 _2915_/X
 _2916_/X
 _2917_/X
 _2918_/Y
 _2919_/X
 _2920_/Y
 _2921_/Y
 _2922_/Y
 _2923_/X
 _2924_/X
 _2925_/X
 _2926_/X
 _2927_/X
 _2928_/X
 _2929_/X
 _2930_/X
 _2931_/X
 _2932_/X
 _2933_/X
 _2934_/X
 _2935_/X
 _2936_/X
 _2937_/X
 _2938_/X
 _2939_/Y
 _2940_/X
 _2941_/X
 _2942_/X
 _2943_/X
 _2944_/X
 _2945_/X
 _2946_/X
 _2947_/X
 _2948_/X
 _2949_/X
 _2950_/X
 _2951_/X
 _2952_/X
 _2953_/X
 _2954_/X
 _2955_/Y
 _2956_/Y
 _2957_/X
 _2958_/Y
 _2959_/X
 _2960_/X
 _2961_/X
 _2962_/Y
 _2963_/X
 _2964_/X
 _2965_/Y
 _2966_/Y
 _2967_/Y
 _2968_/Y
 _2969_/X
 _2970_/X
 _2971_/X
 _2972_/X
 _2973_/X
 _2974_/X
 _2975_/X
 _2976_/X
 _2977_/X
 _2978_/Y
 _2979_/X
 _2980_/X
 _2981_/X
 _2982_/X
 _2983_/X
 _2984_/X
 _2985_/X
 _2986_/X
 _2987_/Y
 _2988_/X
 _2989_/X
 _2990_/X
 _2991_/X
 _2992_/X
 _2993_/X
 _2994_/X
 _2995_/X
 _2996_/X
 _2997_/Y
 _2998_/X
 _2999_/X
 _3000_/X
 _3001_/X
 _3002_/X
 _3003_/X
 _3004_/X
 _3005_/X
 _3006_/X
 _3007_/X
 _3008_/X
 _3009_/X
 _3010_/X
 _3011_/X
 _3012_/X
 _3013_/X
 _3014_/X
 _3015_/X
 _3016_/X
 _3017_/Y
 _3018_/X
 _3019_/X
 _3020_/X
 _3021_/X
 _3022_/X
 _3023_/X
 _3024_/X
 _3025_/Y
 _3026_/X
 _3027_/X
 _3028_/X
 _3029_/X
 _3030_/X
 _3031_/X
 _3032_/X
 _3033_/Y
 _3034_/X
 _3035_/X
 _3036_/X
 _3037_/X
 _3038_/X
 _3039_/X
 _3040_/X
 _3041_/Y
 _3042_/X
 _3043_/X
 _3044_/X
 _3045_/X
 _3046_/X
 _3047_/X
 _3048_/X
 _3049_/Y
 _3050_/X
 _3051_/X
 _3052_/X
 _3053_/X
 _3054_/X
 _3055_/X
 _3056_/X
 _3057_/X
 _3058_/X
 _3059_/X
 _3060_/X
 _3061_/X
 _3062_/X
 _3063_/X
 _3064_/X
 _3065_/Y
 _3066_/X
 _3067_/X
 _3068_/X
 _3069_/X
 _3070_/X
 _3071_/X
 _3072_/X
 _3073_/Y
 _3074_/X
 _3075_/X
 _3076_/X
 _3077_/X
 _3078_/X
 _3079_/X
 _3080_/X
 _3081_/Y
 _3082_/Y
 _3083_/X
 _3084_/X
 _3085_/X
 _3086_/X
 _3087_/X
 _3088_/X
 _3089_/X
 _3090_/Y
 _3091_/X
 _3092_/X
 _3093_/X
 _3094_/X
 _3095_/X
 _3096_/X
 _3097_/X
 _3098_/X
 _3099_/Y
 _3100_/X
 _3101_/X
 _3102_/X
 _3103_/X
 _3104_/X
 _3105_/X
 _3106_/X
 _3107_/Y
 _3108_/X
 _3109_/Y
 _3110_/X
 _3111_/X
 _3112_/X
 _3113_/X
 _3114_/X
 _3115_/X
 _3116_/X
 _3117_/Y
 _3118_/X
 _3119_/X
 _3120_/X
 _3121_/X
 _3122_/X
 _3123_/X
 _3124_/X
 _3125_/Y
 _3126_/X
 _3127_/X
 _3128_/X
 _3129_/X
 _3130_/X
 _3131_/X
 _3132_/X
 _3133_/Y
 _3134_/X
 _3135_/X
 _3136_/X
 _3137_/X
 _3138_/X
 _3139_/X
 _3140_/X
 _3141_/Y
 _3142_/X
 _3143_/X
 _3144_/X
 _3145_/X
 _3146_/X
 _3147_/X
 _3148_/X
 _3149_/Y
 _3150_/X
 _3151_/X
 _3152_/X
 _3153_/X
 _3154_/X
 _3155_/X
 _3156_/X
 _3157_/Y
 _3158_/X
 _3159_/X
 _3160_/X
 _3161_/X
 _3162_/X
 _3163_/X
 _3164_/X
 _3165_/Y
 _3166_/X
 _3167_/X
 _3168_/X
 _3169_/X
 _3170_/X
 _3171_/X
 _3172_/X
 _3173_/Y
 _3174_/X
 _3175_/X
 _3176_/X
 _3177_/X
 _3178_/X
 _3179_/X
 _3180_/X
 _3181_/Y
 _3182_/X
 _3183_/X
 _3184_/X
 _3185_/X
 _3186_/X
 _3187_/X
 _3188_/X
 _3189_/Y
 _3190_/X
 _3191_/X
 _3192_/X
 _3193_/X
 _3194_/X
 _3195_/X
 _3196_/X
 _3197_/Y
 _3198_/X
 _3199_/X
 _3200_/X
 _3201_/X
 _3202_/X
 _3203_/X
 _3204_/X
 _3205_/X
 _3206_/X
 _3207_/X
 _3208_/X
 _3209_/X
 _3210_/X
 _3211_/X
 _3212_/Y
 _3213_/X
 _3214_/X
 _3215_/X
 _3216_/X
 _3217_/X
 _3218_/X
 _3219_/X
 _3220_/X
 _3221_/X
 _3222_/X
 _3223_/X
 _3224_/X
 _3225_/X
 _3226_/X
 _3227_/X
 _3228_/Y
 _3229_/X
 _3230_/X
 _3231_/X
 _3232_/X
 _3233_/X
 _3234_/X
 _3235_/X
 _3236_/Y
 _3237_/X
 _3238_/Y
 _3239_/X
 _3240_/X
 _3241_/X
 _3242_/X
 _3243_/X
 _3244_/X
 _3245_/X
 _3246_/Y
 _3247_/X
 _3248_/X
 _3249_/X
 _3250_/X
 _3251_/X
 _3252_/X
 _3253_/X
 _3254_/Y
 _3255_/X
 _3256_/X
 _3257_/X
 _3258_/X
 _3259_/X
 _3260_/X
 _3261_/X
 _3262_/Y
 _3263_/X
 _3264_/X
 _3265_/X
 _3266_/X
 _3267_/X
 _3268_/X
 _3269_/X
 _3270_/Y
 _3271_/X
 _3272_/X
 _3273_/X
 _3274_/X
 _3275_/X
 _3276_/X
 _3277_/X
 _3278_/Y
 _3279_/X
 _3280_/X
 _3281_/X
 _3282_/X
 _3283_/X
 _3284_/X
 _3285_/X
 _3286_/Y
 _3287_/X
 _3288_/X
 _3289_/X
 _3290_/X
 _3291_/X
 _3292_/X
 _3293_/X
 _3294_/Y
 _3295_/X
 _3296_/X
 _3297_/X
 _3298_/X
 _3299_/X
 _3300_/X
 _3301_/X
 _3302_/X
 _3303_/X
 _3304_/X
 _3305_/X
 _3306_/X
 _3307_/X
 _3308_/X
 _3309_/Y
 _3310_/X
 _3311_/X
 _3312_/X
 _3313_/X
 _3314_/X
 _3315_/X
 _3316_/X
 _3317_/Y
 _3318_/X
 _3319_/X
 _3320_/X
 _3321_/X
 _3322_/X
 _3323_/X
 _3324_/X
 _3325_/Y
 _3326_/X
 _3327_/X
 _3328_/X
 _3329_/X
 _3330_/X
 _3331_/X
 _3332_/X
 _3333_/Y
 _3334_/X
 _3335_/X
 _3336_/X
 _3337_/X
 _3338_/X
 _3339_/X
 _3340_/X
 _3341_/Y
 _3342_/X
 _3343_/X
 _3344_/X
 _3345_/X
 _3346_/X
 _3347_/X
 _3348_/X
 _3349_/Y
 _3350_/X
 _3351_/X
 _3352_/X
 _3353_/X
 _3354_/X
 _3355_/X
 _3356_/X
 _3357_/Y
 _3358_/X
 _3359_/X
 _3360_/X
 _3361_/X
 _3362_/X
 _3363_/X
 _3364_/X
 _3365_/Y
 _3366_/X
 _3367_/X
 _3368_/X
 _3369_/X
 _3370_/X
 _3371_/X
 _3372_/X
 _3373_/Y
 _3374_/X
 _3375_/X
 _3376_/X
 _3377_/X
 _3378_/X
 _3379_/X
 _3380_/X
 _3381_/Y
 _3382_/Y
 _3383_/X
 _3384_/X
 _3385_/X
 _3386_/X
 _3387_/X
 _3388_/Y
 _3389_/Y
 _3390_/X
 _3391_/X
 _3392_/X
 _3393_/X
 _3394_/X
 _3395_/X
 _3396_/X
 _3397_/X
 _3398_/X
 _3399_/Y
 _3400_/X
 _3401_/X
 _3402_/X
 _3403_/X
 _3404_/X
 _3405_/X
 _3406_/X
 _3407_/X
 _3408_/X
 _3409_/X
 _3410_/X
 _3411_/X
 _3412_/X
 _3413_/X
 _3414_/X
 _3415_/Y
 _3416_/X
 _3417_/X
 _3418_/Y
 _3419_/X
 _3420_/X
 _3421_/X
 _3422_/X
 _3423_/X
 _3424_/Y
 _3425_/Y
 _3426_/X
 _3427_/X
 _3428_/X
 _3429_/X
 _3430_/X
 _3431_/X
 _3432_/X
 _3433_/X
 _3434_/X
 _3435_/X
 _3436_/X
 _3437_/X
 _3438_/X
 _3439_/X
 _3440_/Y
 _3441_/X
 _3442_/Y
 _3443_/Y
 _3444_/X
 _3445_/X
 _3446_/X
 _3447_/X
 _3448_/Y
 _3449_/X
 _3450_/X
 _3451_/Y
 _3452_/Y
 _3453_/X
 _3454_/Y
 _3455_/X
 _3456_/X
 _3457_/X
 _3458_/X
 _3459_/X
 _3460_/X
 _3461_/X
 _3462_/X
 _3463_/X
 _3464_/X
 _3465_/X
 _3466_/X
 _3467_/Y
 _3468_/X
 _3469_/X
 _3470_/Y
 _3471_/Y
 _3472_/X
 _3473_/X
 _3474_/X
 _3475_/X
 _3476_/X
 _3477_/X
 _3478_/X
 _3479_/X
 _3480_/Y
 _3481_/X
 _3482_/X
 _3483_/X
 _3484_/X
 _3485_/X
 _3486_/X
 _3487_/X
 _3488_/Y
 _3489_/X
 _3490_/X
 _3491_/Y
 _3492_/X
 _3493_/X
 _3494_/X
 _3495_/X
 _3496_/X
 _3497_/X
 _3498_/X
 _3499_/X
 _3500_/X
 _3501_/X
 _3502_/X
 _3503_/X
 _3504_/Y
 _3505_/X
 _3506_/X
 _3507_/Y
 _3508_/Y
 _3509_/X
 _3510_/Y
 _3511_/Y
 _3512_/Y
 _3513_/Y
 _3514_/X
 _3515_/Y
 _3516_/X
 _3517_/Y
 _3518_/Y
 _3519_/X
 _3520_/Y
 _3521_/X
 _3522_/X
 _3523_/Y
 _3524_/X
 _3525_/X
 _3526_/Y
 _3527_/X
 _3528_/X
 _3529_/Y
 _3530_/X
 _3531_/X
 _3532_/Y
 _3533_/X
 _3534_/X
 _3535_/Y
 _3536_/X
 _3537_/X
 _3538_/Y
 _3539_/X
 _3540_/Y
 _3541_/Y
 _3542_/Y
 _3543_/Y
 _3544_/X
 _3545_/X
 _3546_/Y
 _3547_/X
 _3548_/X
 _3549_/Y
 _3550_/X
 _3551_/Y
 _3552_/X
 _3553_/X
 _3554_/Y
 _3555_/Y
 _3556_/X
 _3557_/X
 _3558_/Y
 _3559_/X
 _3560_/X
 _3561_/Y
 _3562_/X
 _3563_/X
 _3564_/X
 _3565_/X
 _3566_/Y
 _3567_/Y
 _3568_/Y
 _3569_/Y
 _3570_/X
 _3571_/X
 _3572_/X
 _3573_/Y
 _3574_/X
 _3575_/Y
 _3576_/X
 _3577_/Y
 _3578_/Y
 _3579_/X
 _3580_/X
 _3581_/X
 _3582_/X
 _3583_/X
 _3584_/X
 _3585_/X
 _3586_/X
 _3587_/Y
 _3588_/X
 _3589_/X
 _3590_/X
 _3591_/X
 _3592_/X
 _3593_/X
 _3594_/X
 _3595_/Y
 _3596_/Y
 _3597_/X
 _3598_/Y
 _3599_/X
 _3600_/Y
 _3601_/X
 _3602_/X
 _3603_/X
 _3604_/Y
 _3605_/X
 _3606_/X
 _3607_/X
 _3608_/X
 _3609_/X
 _3610_/X
 _3611_/Y
 _3612_/Y
 _3613_/Y
 _3614_/X
 _3615_/X
 _3616_/Y
 _3617_/Y
 _3618_/Y
 _3619_/Y
 _3620_/Y
 _3621_/Y
 _3622_/Y
 _3623_/Y
 _3624_/X
 _3625_/X
 _3626_/Y
 _3627_/Y
 _3628_/Y
 _3629_/X
 _3630_/Y
 _3631_/X
 _3632_/X
 _3633_/Y
 _3634_/Y
 _3635_/X
 _3636_/Y
 _3637_/Y
 _3638_/X
 _3639_/X
 _3640_/Y
 _3641_/Y
 _3642_/X
 _3643_/Y
 _3644_/Y
 _3645_/Y
 _3646_/X
 _3647_/X
 _3648_/Y
 _3649_/Y
 _3650_/Y
 _3651_/X
 _3652_/X
 _3653_/X
 _3654_/X
 _3655_/X
 _3656_/Y
 _3657_/Y
 _3658_/Y
 _3659_/X
 _3660_/X
 _3661_/X
 _3662_/Y
 _3663_/X
 _3664_/X
 _3665_/Y
 _3666_/Y
 _3667_/X
 _3668_/Y
 _3669_/Y
 _3670_/Y
 _3671_/Y
 _3672_/X
 _3673_/X
 _3674_/X
 _3675_/X
 _3676_/X
 _3677_/X
 _3678_/X
 _3679_/X
 _3680_/Y
 _3681_/X
 _3682_/Y
 _3683_/Y
 _3684_/X
 _3685_/X
 _3686_/X
 _3687_/X
 _3688_/Y
 _3689_/X
 _3690_/X
 _3691_/X
 _3692_/Y
 _3693_/X
 _3694_/X
 _3695_/X
 _3696_/X
 _3697_/X
 _3698_/X
 _3699_/X
 _3700_/X
 _3701_/X
 _3702_/Y
 _3703_/X
 _3704_/Y
 _3705_/X
 _3706_/X
 _3707_/X
 _3708_/Y
 _3709_/X
 _3710_/Y
 _3711_/X
 _3712_/X
 _3713_/X
 _3714_/X
 _3715_/Y
 _3716_/X
 _3717_/X
 _3718_/Y
 _3719_/X
 _3720_/X
 _3721_/X
 _3722_/Y
 _3723_/X
 _3724_/X
 _3725_/Y
 _3726_/X
 _3727_/X
 _3728_/X
 _3729_/X
 _3730_/X
 _3731_/X
 _3732_/X
 _3733_/X
 _3734_/X
 _3735_/X
 _3736_/X
 _3737_/Y
 _3738_/X
 _3739_/X
 _3740_/X
 _3741_/X
 _3742_/Y
 _3743_/X
 _3744_/Y
 _3745_/X
 _3746_/X
 _3747_/Y
 _3748_/Y
 _3749_/Y
 _3750_/Y
 _3751_/X
 _3752_/Y
 _3753_/Y
 _3754_/Y
 _3755_/Y
 _3756_/X
 _3757_/X
 _3758_/Y
 _3759_/Y
 _3760_/Y
 _3761_/X
 _3762_/X
 _3763_/X
 _3764_/X
 _3765_/Y
 _3766_/X
 _3767_/Y
 _3768_/Y
 _3769_/X
 _3770_/X
 _3771_/X
 _3772_/Y
 _3773_/X
 _3774_/Y
 _3775_/X
 _3776_/Y
 _3777_/X
 _3778_/Y
 _3779_/Y
 _3780_/X
 _3781_/X
 _3782_/Y
 _3783_/Y
 _3784_/X
 _3785_/Y
 _3786_/Y
 _3787_/X
 _3788_/X
 _3789_/X
 _3790_/Y
 _3791_/Y
 _3792_/Y
 _3793_/X
 _3794_/X
 _3795_/Y
 _3796_/X
 _3797_/Y
 _3798_/Y
 _3799_/X
 _3800_/Y
 _3801_/X
 _3802_/X
 _3803_/Y
 _3804_/X
 _3805_/Y
 _3806_/X
 _3807_/Y
 _3808_/X
 _3809_/Y
 _3810_/Y
 _3811_/X
 _3812_/X
 _3813_/X
 _3814_/X
 _3815_/X
 _3816_/X
 _3817_/Y
 _3818_/X
 _3819_/X
 _3820_/X
 _3821_/X
 _3822_/Y
 _3823_/X
 _3824_/Y
 _3825_/X
 _3826_/Y
 _3827_/X
 _3828_/X
 _3829_/Y
 _3830_/X
 _3831_/X
 _3832_/X
 _3833_/X
 _3834_/Y
 _3835_/X
 _3836_/X
 _3837_/X
 _3838_/X
 _3839_/Y
 _3840_/X
 _3841_/X
 _3842_/Y
 _3843_/Y
 _3844_/X
 _3845_/Y
 _3846_/X
 _3847_/Y
 _3848_/X
 _3849_/X
 _3850_/X
 _3851_/Y
 _3852_/Y
 _3853_/Y
 _3854_/X
 _3855_/Y
 _3856_/X
 _3857_/Y
 _3858_/Y
 _3859_/Y
 _3860_/X
 _3861_/X
 _3862_/X
 _3863_/Y
 _3864_/X
 _3865_/X
 _3866_/Y
 _3867_/Y
 _3868_/X
 _3869_/X
 _3870_/X
 _3871_/Y
 _3872_/X
 _3873_/X
 _3874_/X
 _3875_/Y
 _3876_/X
 _3877_/X
 _3878_/Y
 _3879_/X
 _3880_/X
 _3881_/Y
 _3882_/X
 _3883_/X
 _3884_/X
 _3885_/Y
 _3886_/Y
 _3887_/Y
 _3888_/X
 _3889_/Y
 _3890_/X
 _3891_/X
 _3892_/Y
 _3893_/Y
 _3894_/X
 _3895_/Y
 _3896_/X
 _3897_/Y
 _3898_/Y
 _3899_/X
 _3900_/Y
 _3901_/X
 _3902_/Y
 _3903_/Y
 _3904_/X
 _3905_/X
 _3906_/X
 _3907_/Y
 _3908_/Y
 _3909_/Y
 _3910_/X
 _3911_/X
 _3912_/Y
 _3913_/X
 _3914_/Y
 _3915_/Y
 _3916_/X
 _3917_/X
 _3918_/X
 _3919_/X
 _3920_/Y
 _3921_/X
 _3922_/Y
 _3923_/X
 _3924_/Y
 _3925_/Y
 _3926_/Y
 _3927_/X
 _3928_/X
 _3929_/X
 _3930_/Y
 _3931_/X
 _3932_/Y
 _3933_/X
 _3934_/X
 _3935_/Y
 _3936_/Y
 _3937_/X
 _3938_/Y
 _3939_/Y
 _3940_/Y
 _3941_/X
 _3942_/X
 _3943_/Y
 _3944_/X
 _3945_/X
 _3946_/Y
 _3947_/X
 _3948_/X
 _3949_/Y
 _3950_/X
 _3951_/X
 _3952_/X
 _3953_/X
 _3954_/X
 _3955_/Y
 _3956_/X
 _3957_/Y
 _3958_/X
 _3959_/Y
 _3960_/Y
 _3961_/Y
 _3962_/X
 _3963_/Y
 _3964_/X
 _3965_/X
 _3966_/Y
 _3967_/Y
 _3968_/Y
 _3969_/X
 _3970_/Y
 _3971_/X
 _3972_/X
 _3973_/Y
 _3974_/Y
 _3975_/X
 _3976_/X
 _3977_/X
 _3978_/Y
 _3979_/X
 _3980_/X
 _3981_/Y
 _3982_/X
 _3983_/Y
 _3984_/X
 _3985_/Y
 _3986_/Y
 _3987_/X
 _3988_/X
 _3989_/X
 _3990_/Y
 _3991_/Y
 _3992_/Y
 _3993_/X
 _3994_/X
 _3995_/Y
 _3996_/Y
 _3997_/X
 _3998_/X
 _3999_/Y
 _4000_/X
 _4001_/X
 _4002_/X
 _4003_/X
 _4004_/Y
 _4005_/X
 _4006_/X
 _4007_/X
 _4008_/Y
 _4009_/Y
 _4010_/Y
 _4011_/X
 _4012_/X
 _4013_/X
 _4014_/X
 _4015_/X
 _4016_/X
 _4017_/X
 _4018_/X
 _4019_/X
 _4020_/X
 _4021_/X
 _4022_/X
 _4023_/X
 _4024_/X
 _4025_/X
 _4026_/Y
 _4027_/Y
 _4028_/Y
 _4029_/X
 _4030_/Y
 _4031_/Y
 _4032_/Y
 _4033_/X
 _4034_/Y
 _4035_/Y
 _4036_/X
 _4037_/Y
 _4038_/Y
 _4039_/Y
 _4040_/X
 _4041_/X
 _4042_/X
 _4043_/X
 _4044_/Y
 _4045_/Y
 _4046_/Y
 _4047_/Y
 _4048_/Y
 _4049_/Y
 _4050_/Y
 _4051_/X
 _4052_/Y
 _4053_/Y
 _4054_/Y
 _4055_/X
 _4056_/X
 _4057_/Y
 _4058_/X
 _4059_/X
 _4060_/X
 _4061_/X
 _4062_/X
 _4063_/Y
 _4064_/X
 _4065_/Y
 _4066_/Y
 _4067_/X
 _4068_/Y
 _4069_/Y
 _4070_/Y
 _4071_/Y
 _4072_/Y
 _4073_/X
 _4074_/X
 _4075_/Y
 _4076_/Y
 _4077_/Y
 _4078_/Y
 _4079_/Y
 _4080_/Y
 _4081_/Y
 _4082_/Y
 _4083_/Y
 _4084_/Y
 _4085_/X
 _4086_/X
 _4087_/X
 _4088_/X
 _4089_/X
 _4090_/Y
 _4091_/X
 _4092_/X
 _4093_/Y
 _4094_/Y
 _4095_/X
 _4096_/Y
 _4097_/Y
 _4098_/X
 _4099_/Y
 _4100_/Y
 _4101_/Y
 _4102_/Y
 _4103_/Y
 _4104_/Y
 _4105_/Y
 _4106_/Y
 _4107_/Y
 _4108_/Y
 _4109_/X
 _4110_/Y
 _4111_/Y
 _4112_/Y
 _4113_/X
 _4114_/Y
 _4115_/X
 _4116_/Y
 _4117_/X
 _4118_/X
 _4119_/X
 _4120_/X
 _4121_/X
 _4122_/X
 _4123_/Y
 _4124_/Y
 _4125_/Y
 _4126_/X
 _4127_/X
 _4128_/Y
 _4129_/Y
 _4130_/Y
 _4131_/X
 _4132_/X
 _4133_/X
 _4134_/X
 _4135_/Y
 _4136_/X
 _4137_/Y
 _4138_/X
 _4139_/Y
 _4140_/X
 _4141_/Y
 _4142_/X
 _4143_/X
 _4144_/X
 _4145_/X
 _4146_/Y
 _4147_/X
 _4148_/X
 _4149_/Y
 _4150_/Y
 _4151_/X
 _4152_/Y
 _4153_/Y
 _4154_/X
 _4155_/X
 _4156_/Y
 _4157_/Y
 _4158_/Y
 _4159_/Y
 _4160_/Y
 _4161_/Y
 _4162_/X
 _4163_/Y
 _4164_/Y
 _4165_/Y
 _4166_/Y
 _4167_/Y
 _4168_/Y
 _4169_/X
 _4170_/X
 _4171_/X
 _4172_/Y
 _4173_/Y
 _4174_/X
 _4175_/Y
 _4176_/X
 _4177_/Y
 _4178_/X
 _4179_/X
 _4180_/X
 _4181_/Y
 _4182_/Y
 _4183_/X
 _4184_/X
 _4185_/Y
 _4186_/Y
 _4187_/Y
 _4188_/X
 _4189_/Y
 _4190_/Y
 _4191_/X
 _4192_/Y
 _4193_/Y
 _4194_/X
 _4195_/Y
 _4196_/Y
 _4197_/Y
 _4198_/Y
 _4199_/X
 _4200_/Y
 _4201_/X
 _4202_/Y
 _4203_/Y
 _4204_/Y
 _4205_/Y
 _4206_/Y
 _4207_/Y
 _4208_/X
 _4209_/Y
 _4210_/Y
 _4211_/Y
 _4212_/Y
 _4213_/Y
 _4214_/X
 _4215_/Y
 _4216_/X
 _4217_/X
 _4218_/Y
 _4219_/X
 _4220_/X
 _4221_/Y
 _4222_/X
 _4223_/Y
 _4224_/X
 _4225_/X
 _4226_/X
 _4227_/X
 _4228_/X
 _4229_/Y
 _4230_/X
 _4231_/X
 _4232_/X
 _4233_/X
 _4234_/X
 _4235_/X
 _4236_/Y
 _4237_/X
 _4238_/X
 _4239_/X
 _4240_/X
 _4241_/X
 _4242_/X
 _4243_/X
 _4244_/Y
 _4245_/X
 _4246_/X
 _4247_/X
 _4248_/X
 _4249_/Y
 _4250_/Y
 _4251_/X
 _4252_/X
 _4253_/Y
 _4254_/X
 _4255_/X
 _4256_/Y
 _4257_/X
 _4258_/X
 _4259_/X
 _4260_/Y
 _4261_/X
 _4262_/X
 _4263_/X
 _4264_/X
 _4265_/Y
 _4266_/Y
 _4267_/Y
 _4268_/Y
 _4269_/X
 _4270_/X
 _4271_/X
 _4272_/X
 _4273_/Y
 _4274_/Y
 _4275_/Y
 _4276_/X
 _4277_/X
 _4278_/X
 _4279_/X
 _4280_/X
 _4281_/X
 _4282_/Y
 _4283_/X
 _4284_/X
 _4285_/Y
 _4286_/Y
 _4287_/Y
 _4288_/X
 _4289_/X
 _4290_/Y
 _4291_/X
 _4292_/X
 _4293_/X
 _4294_/X
 _4295_/Y
 _4296_/Y
 _4297_/Y
 _4298_/X
 _4299_/Y
 _4300_/X
 _4301_/X
 _4302_/Y
 _4303_/X
 _4304_/Y
 _4305_/X
 _4306_/X
 _4307_/Y
 _4308_/Y
 _4309_/X
 _4310_/X
 _4311_/X
 _4312_/X
 _4313_/Y
 _4314_/Y
 _4315_/Y
 _4316_/X
 _4317_/X
 _4318_/X
 _4319_/Y
 _4320_/X
 _4321_/X
 _4322_/X
 _4323_/X
 _4324_/Y
 _4325_/X
 _4326_/Y
 _4327_/Y
 _4328_/X
 _4329_/X
 _4330_/Y
 _4331_/X
 _4332_/Y
 _4333_/X
 _4334_/X
 _4335_/X
 _4336_/X
 _4337_/X
 _4338_/X
 _4339_/Y
 _4340_/Y
 _4341_/Y
 _4342_/Y
 _4343_/X
 _4344_/X
 _4345_/X
 _4346_/Y
 _4347_/X
 _4348_/Y
 _4349_/X
 _4350_/X
 _4351_/Y
 _4352_/X
 _4353_/X
 _4354_/X
 _4355_/X
 _4356_/X
 _4357_/X
 _4358_/X
 _4359_/X
 _4360_/X
 _4361_/X
 _4362_/X
 _4363_/X
 _4364_/Y
 _4365_/X
 _4366_/Y
 _4367_/X
 _4368_/X
 _4369_/Y
 _4370_/X
 _4371_/Y
 _4372_/Y
 _4373_/X
 _4374_/X
 _4375_/X
 _4376_/X
 _4377_/X
 _4378_/X
 _4379_/Y
 _4380_/X
 _4381_/Y
 _4382_/X
 _4383_/Y
 _4384_/X
 _4385_/X
 _4386_/X
 _4387_/Y
 _4388_/X
 _4389_/X
 _4390_/X
 _4391_/X
 _4392_/X
 _4393_/X
 _4394_/X
 _4395_/Y
 _4396_/X
 _4397_/Y
 _4398_/Y
 _4399_/X
 _4400_/X
 _4401_/X
 _4402_/X
 _4403_/X
 _4404_/X
 _4405_/X
 _4406_/X
 _4407_/X
 _4408_/X
 _4409_/Y
 _4410_/X
 _4411_/Y
 _4412_/X
 _4413_/X
 _4414_/X
 _4415_/Y
 _4416_/X
 _4417_/X
 _4418_/X
 _4419_/X
 _4420_/X
 _4421_/X
 _4422_/X
 _4423_/Y
 _4424_/X
 _4425_/X
 _4426_/Y
 _4427_/X
 _4428_/X
 _4429_/X
 _4430_/X
 _4431_/X
 _4432_/X
 _4433_/Y
 _4434_/Y
 _4435_/X
 _4436_/Y
 _4437_/X
 _4438_/Y
 _4439_/X
 _4440_/X
 _4441_/Y
 _4442_/Y
 _4443_/X
 _4444_/X
 _4445_/Y
 _4446_/X
 _4447_/X
 _4448_/X
 _4449_/X
 _4450_/X
 _4451_/Y
 _4452_/X
 _4453_/X
 _4454_/Y
 _4455_/X
 _4456_/X
 _4457_/X
 _4458_/Y
 _4459_/X
 _4460_/X
 _4461_/X
 _4462_/X
 _4463_/X
 _4464_/X
 _4465_/X
 _4466_/Y
 _4467_/X
 _4468_/X
 _4469_/Y
 _4470_/X
 _4471_/X
 _4472_/X
 _4473_/Y
 _4474_/X
 _4475_/X
 _4476_/X
 _4477_/X
 _4478_/X
 _4479_/X
 _4480_/X
 _4481_/X
 _4482_/X
 _4483_/Y
 _4484_/X
 _4485_/X
 _4486_/X
 _4487_/Y
 _4488_/X
 _4489_/X
 _4490_/X
 _4491_/X
 _4492_/X
 _4493_/X
 _4494_/Y
 _4495_/X
 _4496_/Y
 _4497_/X
 _4498_/X
 _4499_/Y
 _4500_/Y
 _4501_/X
 _4502_/Y
 _4503_/X
 _4504_/X
 _4505_/X
 _4506_/X
 _4507_/Y
 _4508_/X
 _4509_/X
 _4510_/Y
 _4511_/X
 _4512_/X
 _4513_/X
 _4514_/X
 _4515_/Y
 _4516_/Y
 _4517_/X
 _4518_/X
 _4519_/X
 _4520_/Y
 _4521_/Y
 _4522_/Y
 _4523_/X
 _4524_/X
 _4525_/X
 _4526_/X
 _4527_/X
 _4528_/X
 _4529_/Y
 _4530_/X
 _4531_/X
 _4532_/X
 _4533_/X
 _4534_/Y
 _4535_/X
 _4536_/X
 _4537_/X
 _4538_/X
 _4539_/X
 _4540_/X
 _4541_/X
 _4542_/X
 _4543_/Y
 _4544_/Y
 _4545_/X
 _4546_/X
 _4547_/Y
 _4548_/X
 _4549_/Y
 _4550_/Y
 _4551_/Y
 _4552_/X
 _4553_/X
 _4554_/Y
 _4555_/X
 _4556_/Y
 _4557_/X
 _4558_/X
 _4559_/Y
 _4560_/X
 _4561_/X
 _4562_/X
 _4563_/X
 _4564_/X
 _4565_/X
 _4566_/X
 _4567_/Y
 _4568_/X
 _4569_/X
 _4570_/X
 _4571_/X
 _4572_/X
 _4573_/X
 _4574_/X
 _4575_/X
 _4576_/Y
 _4577_/Y
 _4578_/X
 _4579_/X
 _4580_/Y
 _4581_/X
 _4582_/X
 _4583_/Y
 _4584_/X
 _4585_/X
 _4586_/X
 _4587_/X
 _4588_/Y
 _4589_/X
 _4590_/X
 _4591_/Y
 _4592_/X
 _4593_/X
 _4594_/X
 _4595_/X
 _4596_/Y
 _4597_/Y
 _4598_/Y
 _4599_/Y
 _4600_/Y
 _4601_/X
 _4602_/Y
 _4603_/X
 _4604_/Y
 _4605_/X
 _4606_/X
 _4607_/X
 _4608_/X
 _4609_/X
 _4610_/Y
 _4611_/X
 _4612_/Y
 _4613_/X
 _4614_/Y
 _4615_/X
 _4616_/Y
 _4617_/X
 _4618_/X
 _4619_/X
 _4620_/X
 _4621_/X
 _4622_/X
 _4623_/X
 _4624_/Y
 _4625_/X
 _4626_/Y
 _4627_/Y
 _4628_/Y
 _4629_/X
 _4630_/X
 _4631_/X
 _4632_/X
 _4633_/Y
 _4634_/X
 _4635_/Y
 _4636_/Y
 _4637_/Y
 _4638_/Y
 _4639_/Y
 _4640_/Y
 _4641_/Y
 _4642_/X
 _4643_/X
 _4644_/X
 _4645_/Y
 _4646_/X
 _4647_/X
 _4648_/Y
 _4649_/X
 _4650_/X
 _4651_/Y
 _4652_/X
 _4653_/X
 _4654_/Y
 _4655_/X
 _4656_/X
 _4657_/X
 _4658_/X
 _4659_/X
 _4660_/X
 _4661_/X
 _4662_/X
 _4663_/Y
 _4664_/X
 _4665_/X
 _4666_/X
 _4667_/Y
 _4668_/X
 _4669_/Y
 _4670_/Y
 _4671_/X
 _4672_/X
 _4673_/Y
 _4674_/X
 _4675_/X
 _4676_/X
 _4677_/Y
 _4678_/Y
 _4679_/Y
 _4680_/Y
 _4681_/X
 _4682_/Y
 _4683_/Y
 _4684_/X
 _4685_/Y
 _4686_/Y
 _4687_/Y
 _4688_/Y
 _4689_/Y
 _4690_/Y
 _4691_/X
 _4692_/X
 _4693_/X
 _4694_/X
 _4695_/X
 _4696_/X
 _4697_/X
 _4698_/X
 _4699_/X
 _4700_/X
 _4701_/Y
 _4702_/X
 _4703_/X
 _4704_/X
 _4705_/X
 _4706_/X
 _4707_/Y
 _4708_/X
 _4709_/X
 _4710_/X
 _4711_/X
 _4712_/Y
 _4713_/Y
 _4714_/Y
 _4715_/Y
 _4716_/X
 _4717_/X
 _4718_/Y
 _4719_/X
 _4720_/X
 _4721_/X
 _4722_/X
 _4723_/Y
 _4724_/Y
 _4725_/X
 _4726_/X
 _4727_/Y
 _4728_/Y
 _4729_/Y
 _4730_/X
 _4731_/X
 _4732_/X
 _4733_/Y
 _4734_/X
 _4735_/X
 _4736_/X
 _4737_/X
 _4738_/Y
 _4739_/Y
 _4740_/Y
 _4741_/X
 _4742_/X
 _4743_/X
 _4744_/Y
 _4745_/X
 _4746_/X
 _4747_/X
 _4748_/X
 _4749_/X
 _4750_/X
 _4751_/X
 _4752_/Y
 _4753_/X
 _4754_/X
 _4755_/X
 _4756_/X
 _4757_/X
 _4758_/X
 _4759_/Y
 _4760_/X
 _4761_/X
 _4762_/X
 _4763_/X
 _4764_/X
 _4765_/X
 _4766_/X
 _4767_/Y
 _4768_/X
 _4769_/X
 _4770_/Y
 _4771_/Y
 _4772_/Y
 _4773_/X
 _4774_/X
 _4775_/Y
 _4776_/Y
 _4777_/Y
 _4778_/X
 _4779_/X
 _4780_/X
 _4781_/X
 _4782_/X
 _4783_/X
 _4784_/X
 _4785_/Y
 _4786_/X
 _4787_/X
 _4788_/X
 _4789_/X
 _4790_/X
 _4791_/X
 _4792_/X
 _4793_/Y
 _4794_/X
 _4795_/X
 _4796_/X
 _4797_/X
 _4798_/Y
 _4799_/X
 _4800_/X
 _4801_/X
 _4802_/X
 _4803_/Y
 _4804_/X
 _4805_/X
 _4806_/X
 _4807_/X
 _4808_/X
 _4809_/X
 _4810_/X
 _4811_/X
 _4812_/X
 _4813_/X
 _4814_/X
 _4815_/X
 _4816_/X
 _4817_/X
 _4818_/X
 _4819_/X
 _4820_/X
 _4821_/X
 _4822_/X
 _4823_/X
 _4824_/X
 _4825_/X
 _4826_/X
 _4827_/X
 _4828_/X
 _4829_/X
 _4830_/X
 _4831_/X
 _4832_/X
 _4833_/X
 _4834_/X
 _4835_/X
 _4836_/X
 _4837_/X
 _4838_/X
 _4839_/X
 _4840_/X
 _4841_/X
 _4842_/X
 _4843_/X
 _4844_/X
 _4845_/X
 _4846_/X
 _4847_/X
 _4848_/X
 _4849_/X
 _4850_/X
 _4851_/X
 _4852_/X
 _4853_/X
 _4854_/X
 _4855_/X
 _4856_/X
 _4857_/X
 _4858_/X
 _4859_/X
 _4860_/X
 _4861_/X
 _4862_/X
 _4863_/X
 _4864_/X
 _4865_/X
 _4866_/X
 _4867_/X
 _4868_/X
 _4869_/X
 _4870_/X
 _4871_/X
 _4872_/X
 _4873_/X
 _4874_/Y
 _4875_/X
 _4876_/Y
 _4877_/X
 _4878_/X
 _4879_/Y
 _4880_/Y
 _4881_/X
 _4882_/X
 _4883_/X
 _4884_/X
 _4885_/X
 _4886_/X
 _4887_/X
 _4888_/X
 _4889_/X
 _4890_/X
 _4891_/X
 _4892_/X
 _4893_/X
 _4894_/X
 _4895_/X
 _4896_/X
 _4897_/X
 _4898_/X
 _4899_/X
 _4900_/X
 _4901_/X
 _4902_/X
 _4903_/X
 _4904_/X
 _4905_/X
 _4906_/X
 _4907_/X
 _4908_/X
 _4909_/X
 _4910_/X
 _4911_/X
 _4912_/X
 _4913_/X
 _4914_/X
 _4915_/X
 _4916_/X
 _4917_/X
 _4918_/X
 _4919_/X
 _4920_/X
 _4921_/X
 _4922_/X
 _4923_/X
 _4924_/X
 _4925_/X
 _4926_/X
 _4927_/X
 _4928_/X
 _4929_/X
 _4930_/X
 _4931_/X
 _4932_/X
 _4933_/X
 _4934_/X
 _4935_/X
 _4936_/X
 _4937_/X
 _4938_/X
 _4939_/X
 _4940_/X
 _4941_/X
 _4942_/X
 _4943_/X
 _4944_/X
 _4945_/X
 _4946_/X
 _4947_/X
 _4948_/X
 _4949_/X
 _4950_/X
 _4951_/X
 _4952_/X
 _4953_/X
 _4954_/X
 _4955_/X
 _4956_/X
 _4957_/X
 _4958_/X
 _4959_/X
 _4960_/X
 _4961_/X
 _4962_/X
 _4963_/X
 _4964_/X
 _4965_/X
 _4966_/X
 _4967_/X
 _4968_/X
 _4969_/X
 _4970_/X
 _4971_/X
 _4972_/X
 _4973_/X
 _4974_/X
 _4975_/X
 _4976_/X
 _4977_/X
 _4978_/X
 _4979_/X
 _4980_/X
 _4981_/X
 _4982_/X
 _4983_/X
 _4984_/X
 _4985_/X
 _4986_/X
 _4987_/X
 _4988_/X
 _4989_/X
 _4990_/X
 _4991_/X
 _4992_/X
 _4993_/X
 _4994_/X
 _4995_/X
 _4996_/X
 _4997_/X
 _4998_/X
 _4999_/X
 _5000_/X
 _5001_/X
 _5002_/X
 _5003_/X
 _5004_/X
 _5005_/X
 _5006_/X
 _5007_/X
 _5008_/X
 _5009_/X
 _5010_/X
 _5011_/X
 _5012_/X
 _5013_/X
 _5014_/X
 _5015_/X
 _5016_/X
 _5017_/X
 _5018_/X
 _5019_/X
 _5020_/X
 _5021_/X
 _5022_/X
 _5023_/X
 _5024_/X
 _5025_/X
 _5026_/X
 _5027_/X
 _5028_/X
 _5029_/X
 _5030_/X
 _5031_/X
 _5032_/X
 _5033_/X
 _5034_/X
 _5035_/X
 _5036_/X
 _5037_/X
 _5038_/X
 _5039_/X
 _5040_/X
 _5041_/X
 _5042_/X
 _5043_/X
 _5044_/X
 _5045_/X
 _5046_/X
 _5047_/X
 _5048_/Y
 _5049_/X
 _5050_/X
 _5051_/X
 _5052_/X
 _5053_/X
 _5054_/X
 _5055_/X
 _5056_/X
 _5057_/X
 _5058_/X
 _5059_/X
 _5060_/X
 _5061_/X
 _5062_/X
 _5063_/X
 _5064_/X
 _5065_/X
 _5066_/X
 _5067_/X
 _5068_/X
 _5069_/X
 _5070_/X
 _5071_/X
 _5072_/X
 _5073_/X
 _5074_/X
 _5075_/X
 _5076_/X
 _5077_/X
 _5078_/X
 _5079_/X
 _5080_/X
 _5081_/X
 _5082_/X
 _5083_/X
 _5084_/X
 _5085_/X
 _5086_/X
 _5087_/X
 _5088_/X
 _5089_/X
 _5090_/X
 _5091_/X
 _5092_/X
 _5093_/X
 _5094_/X
 _5095_/X
 _5096_/X
 _5097_/X
 _5098_/X
 _5099_/X
 _5100_/X
 _5101_/X
 _5102_/X
 _5103_/X
 _5104_/X
 _5105_/X
 _5106_/X
 _5107_/X
 _5108_/X
 _5109_/X
 _5110_/X
 _5111_/X
 _5112_/X
 _5113_/X
 _5114_/X
 _5115_/X
 _5116_/X
 _5117_/X
 _5118_/X
 _5119_/X
 _5120_/X
 _5121_/X
 _5122_/X
 _5123_/X
 _5124_/X
 _5125_/X
 _5126_/X
 _5127_/X
 _5128_/X
 _5129_/X
 _5130_/X
 _5131_/X
 _5132_/X
 _5133_/X
 _5134_/X
 _5135_/X
 _5136_/X
 _5137_/X
 _5138_/X
 _5139_/X
 _5140_/X
 _5141_/X
 _5142_/X
 _5143_/X
 _5144_/X
 _5145_/X
 _5146_/X
 _5147_/X
 _5148_/X
 _5149_/X
 _5150_/X
 _5151_/X
 _5152_/X
 _5153_/X
 _5154_/X
 _5155_/X
 _5156_/X
 _5157_/X
 _5158_/X
 _5159_/X
 _5160_/X
 _5161_/X
 _5162_/X
 _5163_/X
 _5164_/X
 _5165_/X
 _5166_/X
 _5167_/X
 _5168_/X
 _5169_/X
 _5170_/X
 _5171_/X
 _5172_/X
 _5173_/X
 _5174_/X
 _5175_/X
 _5176_/X
 _5177_/X
 _5178_/X
 _5179_/X
 _5180_/X
 _5181_/X
 _5182_/X
 _5183_/X
 _5184_/X
 _5185_/Y
 _5186_/X
 _5187_/Y
 _5188_/X
 _5189_/X
 _5190_/X
 _5191_/X
 _5192_/X
 _5193_/X
 _5194_/X
 _5195_/X
 _5196_/X
 _5197_/X
 _5198_/X
 _5199_/X
 _5200_/X
 _5201_/X
 _5202_/X
 _5203_/X
 _5204_/X
 _5205_/X
 _5206_/X
 _5207_/X
 _5208_/X
 _5209_/X
 _5210_/X
 _5211_/X
 _5212_/X
 _5213_/X
 _5214_/X
 _5215_/X
 _5216_/X
 _5217_/X
 _5218_/X
 _5219_/X
 _5220_/X
 _5221_/X
 _5222_/X
 _5223_/X
 _5224_/X
 _5225_/X
 _5226_/X
 _5227_/X
 _5228_/X
 _5229_/X
 _5230_/X
 _5231_/X
 _5232_/X
 _5233_/X
 _5234_/X
 _5235_/X
 _5236_/X
 _5237_/X
 _5238_/X
 _5239_/X
 _5240_/X
 _5241_/X
 _5242_/X
 _5243_/X
 _5244_/X
 _5245_/X
 _5246_/X
 _5247_/X
 _5248_/X
 _5249_/X
 _5250_/X
 _5251_/X
 _5252_/X
 _5253_/X
 _5254_/X
 _5255_/X
 _5256_/X
 _5257_/X
 _5258_/X
 _5259_/X
 _5260_/X
 _5261_/X
 _5262_/X
 _5263_/X
 _5264_/X
 _5265_/X
 _5266_/X
 _5267_/X
 _5268_/X
 _5269_/X
 _5270_/X
 _5271_/X
 _5272_/X
 _5273_/X
 _5274_/X
 _5275_/X
 _5276_/X
 _5277_/X
 _5278_/X
 _5279_/X
 _5280_/X
 _5281_/X
 _5282_/X
 _5283_/X
 _5284_/X
 _5285_/X
 _5286_/X
 _5287_/X
 _5288_/X
 _5289_/X
 _5290_/X
 _5291_/X
 _5292_/X
 _5293_/X
 _5294_/X
 _5295_/X
 _5296_/X
 _5297_/X
 _5298_/X
 _5299_/X
 _5300_/X
 _5301_/X
 _5302_/X
 _5303_/X
 _5304_/X
 _5305_/X
 _5306_/X
 _5307_/X
 _5308_/X
 _5309_/X
 _5310_/X
 _5311_/X
 _5312_/X
 _5313_/X
 _5314_/X
 _5315_/X
 _5316_/X
 _5317_/X
 _5318_/X
 _5319_/Y
 _5320_/X
 _5321_/X
 _5322_/X
 _5323_/X
 _5324_/X
 _5325_/X
 _5326_/X
 _5327_/X
 _5328_/X
 _5329_/X
 _5330_/X
 _5331_/X
 _5332_/X
 _5333_/X
 _5334_/X
 _5335_/X
 _5336_/X
 _5337_/X
 _5338_/X
 _5339_/X
 _5340_/X
 _5341_/X
 _5342_/X
 _5343_/X
 _5344_/X
 _5345_/X
 _5346_/X
 _5347_/X
 _5348_/X
 _5349_/X
 _5350_/X
 _5351_/X
 _5352_/X
 _5353_/X
 _5354_/X
 _5355_/X
 _5356_/X
 _5357_/X
 _5358_/X
 _5359_/X
 _5360_/X
 _5361_/X
 _5362_/X
 _5363_/X
 _5364_/X
 _5365_/X
 _5366_/X
 _5367_/X
 _5368_/X
 _5369_/X
 _5370_/X
 _5371_/X
 _5372_/X
 _5373_/X
 _5374_/X
 _5375_/X
 _5376_/X
 _5377_/X
 _5378_/X
 _5379_/X
 _5380_/X
 _5381_/X
 _5382_/X
 _5383_/X
 _5384_/X
 _5385_/X
 _5386_/X
 _5387_/X
 _5388_/X
 _5389_/X
 _5390_/X
 _5391_/X
 _5392_/X
 _5393_/X
 _5394_/X
 _5395_/X
 _5396_/X
 _5397_/X
 _5398_/X
 _5399_/X
 _5400_/X
 _5401_/X
 _5402_/X
 _5403_/X
 _5404_/X
 _5405_/X
 _5406_/X
 _5407_/X
 _5408_/X
 _5409_/X
 _5410_/X
 _5411_/X
 _5412_/X
 _5413_/X
 _5414_/X
 _5415_/X
 _5416_/X
 _5417_/X
 _5418_/X
 _5419_/X
 _5420_/X
 _5421_/X
 _5422_/X
 _5423_/X
 _5424_/X
 _5425_/X
 _5426_/X
 _5427_/X
 _5428_/X
 _5429_/X
 _5430_/X
 _5431_/X
 _5432_/X
 _5433_/X
 _5434_/X
 _5435_/X
 _5436_/X
 _5437_/X
 _5438_/X
 _5439_/X
 _5440_/X
 _5441_/X
 _5442_/X
 _5443_/X
 _5444_/X
 _5445_/X
 _5446_/X
 _5447_/X
 _5448_/X
 _5449_/X
 _5450_/X
 _5451_/X
 _5452_/X
 _5453_/X
 _5454_/X
 _5455_/X
 _5456_/X
 _5457_/X
 _5458_/X
 _5459_/X
 _5460_/X
 _5461_/X
 _5462_/X
 _5463_/X
 _5464_/X
 _5465_/X
 _5466_/X
 _5467_/X
 _5468_/X
 _5469_/X
 _5470_/X
 _5471_/X
 _5472_/X
 _5473_/X
 _5474_/X
 _5475_/X
 _5476_/X
 _5477_/X
 _5478_/X
 _5479_/X
 _5480_/X
 _5481_/X
 _5482_/X
 _5483_/X
 _5484_/X
 _5485_/X
 _5486_/X
 _5487_/X
 _5488_/X
 _5489_/X
 _5490_/X
 _5491_/X
 _5492_/X
 _5493_/X
 _5494_/X
 _5495_/X
 _5496_/X
 _5497_/X
 _5498_/X
 _5499_/X
 _5500_/X
 _5501_/X
 _5502_/X
 _5503_/X
 _5504_/X
 _5505_/X
 _5506_/X
 _5507_/X
 _5508_/X
 _5509_/X
 _5510_/X
 _5511_/X
 _5512_/X
 _5513_/X
 _5514_/X
 _5515_/X
 _5516_/X
 _5517_/X
 _5518_/X
 _5519_/X
 _5520_/X
 _5521_/X
 _5522_/X
 _5523_/X
 _5524_/X
 _5525_/X
 _5526_/X
 _5527_/X
 _5528_/X
 _5529_/X
 _5530_/X
 _5531_/X
 _5532_/X
 _5533_/X
 _5534_/X
 _5535_/X
 _5536_/X
 _5537_/X
 _5538_/X
 _5539_/X
 _5540_/X
 _5541_/X
 _5542_/X
 _5543_/X
 _5544_/X
 _5545_/X
 _5546_/X
 _5547_/X
 _5548_/X
 _5549_/X
 _5550_/X
 _5551_/X
 _5552_/X
 _5553_/X
 _5554_/X
 _5555_/X
 _5556_/X
 _5557_/X
 _5558_/X
 _5559_/X
 _5560_/X
 _5561_/X
 _5562_/X
 _5563_/X
 _5564_/X
 _5565_/X
 _5566_/X
 _5567_/X
 _5568_/X
 _5569_/X
 _5570_/X
 _5571_/X
 _5572_/X
 _5573_/X
 _5574_/X
 _5575_/X
 _5576_/X
 _5577_/X
 _5578_/X
 _5579_/X
 _5580_/X
 _5581_/X
 _5582_/X
 _5583_/X
 _5584_/X
 _5585_/X
 _5586_/X
 _5587_/X
 _5588_/X
 _5589_/Y
 _5590_/Y
 _5591_/X
 _5592_/X
 _5593_/X
 _5594_/X
 _5595_/X
 _5596_/X
 _5597_/X
 _5598_/X
 _5599_/X
 _5600_/X
 _5601_/X
 _5602_/X
 _5603_/X
 _5604_/X
 _5605_/X
 _5606_/X
 _5607_/X
 _5608_/X
 _5609_/X
 _5610_/X
 _5611_/X
 _5612_/X
 _5613_/X
 _5614_/X
 _5615_/X
 _5616_/X
 _5617_/X
 _5618_/X
 _5619_/X
 _5620_/X
 _5621_/X
 _5622_/X
 _5623_/X
 _5624_/X
 _5625_/X
 _5626_/X
 _5627_/X
 _5628_/X
 _5629_/X
 _5630_/X
 _5631_/X
 _5632_/X
 _5633_/X
 _5634_/X
 _5635_/X
 _5636_/X
 _5637_/X
 _5638_/X
 _5639_/X
 _5640_/X
 _5641_/X
 _5642_/X
 _5643_/X
 _5644_/X
 _5645_/X
 _5646_/X
 _5647_/X
 _5648_/X
 _5649_/X
 _5650_/X
 _5651_/X
 _5652_/X
 _5653_/X
 _5654_/X
 _5655_/X
 _5656_/X
 _5657_/X
 _5658_/X
 _5659_/X
 _5660_/X
 _5661_/X
 _5662_/X
 _5663_/X
 _5664_/X
 _5665_/X
 _5666_/X
 _5667_/X
 _5668_/X
 _5669_/X
 _5670_/X
 _5671_/X
 _5672_/X
 _5673_/X
 _5674_/X
 _5675_/X
 _5676_/X
 _5677_/X
 _5678_/X
 _5679_/X
 _5680_/X
 _5681_/X
 _5682_/X
 _5683_/X
 _5684_/X
 _5685_/X
 _5686_/X
 _5687_/X
 _5688_/X
 _5689_/X
 _5690_/X
 _5691_/X
 _5692_/X
 _5693_/X
 _5694_/X
 _5695_/X
 _5696_/X
 _5697_/X
 _5698_/X
 _5699_/X
 _5700_/X
 _5701_/X
 _5702_/X
 _5703_/X
 _5704_/X
 _5705_/X
 _5706_/X
 _5707_/X
 _5708_/X
 _5709_/X
 _5710_/X
 _5711_/X
 _5712_/X
 _5713_/X
 _5714_/X
 _5715_/X
 _5716_/X
 _5717_/X
 _5718_/X
 _5719_/X
 _5720_/X
 _5721_/X
 _5722_/Y
 _5723_/Y
 _5724_/X
 _5725_/Y
 _5726_/Y
 _5727_/Y
 _5728_/X
 _5729_/X
 _5730_/X
 _5731_/X
 _5732_/X
 _5733_/X
 _5734_/X
 _5735_/X
 _5736_/Y
 _5737_/X
 _5738_/X
 _5739_/Y
 _5740_/Q
 _5741_/Q
 _5742_/Q
 _5743_/Q
 _5744_/Q
 _5745_/Q
 _5746_/Q
 _5747_/Q
 _5748_/Q
 _5749_/Q
 _5750_/Q
 _5751_/Q
 _5752_/Q
 _5753_/Q
 _5754_/Q
 _5755_/Q
 _5756_/Q
 _5757_/Q
 _5758_/Q
 _5759_/Q
 _5760_/Q
 _5761_/Q
 _5762_/Q
 _5763_/Q
 _5764_/Q
 _5765_/Q
 _5766_/Q
 _5767_/Q
 _5768_/Q
 _5769_/Q
 _5770_/Q
 _5771_/Q
 _5772_/Q
 _5773_/Q
 _5774_/Q
 _5775_/Q
 _5776_/Q
 _5777_/Q
 _5778_/Q
 _5779_/Q
 _5780_/Q
 _5781_/Q
 _5782_/Q
 _5783_/Q
 _5784_/Q
 _5785_/Q
 _5786_/Q
 _5787_/Q
 _5788_/Q
 _5789_/Q
 _5790_/Q
 _5791_/Q
 _5792_/Q
 _5793_/Q
 _5794_/Q
 _5795_/Q
 _5796_/Q
 _5797_/Q
 _5798_/Q
 _5799_/Q
 _5800_/Q
 _5801_/Q
 _5802_/Q
 _5803_/Q
 _5804_/Q
 _5805_/Q
 _5806_/Q
 _5807_/Q
 _5808_/Q
 _5809_/Q
 _5810_/Q
 _5811_/Q
 _5812_/Q
 _5813_/Q
 _5814_/Q
 _5815_/Q
 _5816_/Q
 _5817_/Q
 _5818_/Q
 _5819_/Q
 _5820_/Q
 _5821_/Q
 _5822_/Q
 _5823_/Q
 _5824_/Q
 _5825_/Q
 _5826_/Q
 _5827_/Q
 _5828_/Q
 _5829_/Q
 _5830_/Q
 _5831_/Q
 _5832_/Q
 _5833_/Q
 _5834_/Q
 _5835_/Q
 _5836_/Q
 _5837_/Q
 _5838_/Q
 _5839_/Q
 _5840_/Q
 _5841_/Q
 _5842_/Q
 _5843_/Q
 _5844_/Q
 _5845_/Q
 _5846_/Q
 _5847_/Q
 _5848_/Q
 _5849_/Q
 _5850_/Q
 _5851_/Q
 _5852_/Q
 _5853_/Q
 _5854_/Q
 _5855_/Q
 _5856_/Q
 _5857_/Q
 _5858_/Q
 _5859_/Q
 _5860_/Q
 _5861_/Q
 _5862_/Q
 _5863_/Q
 _5864_/Q
 _5865_/Q
 _5866_/Q
 _5867_/Q
 _5868_/Q
 _5869_/Q
 _5870_/Q
 _5871_/Q
 _5872_/Q
 _5873_/Q
 _5874_/Q
 _5875_/Q
 _5876_/Q
 _5877_/Q
 _5878_/Q
 _5879_/Q
 _5880_/Q
 _5881_/Q
 _5882_/Q
 _5883_/Q
 _5884_/Q
 _5885_/Q
 _5886_/Q
 _5887_/Q
 _5888_/Q
 _5889_/Q
 _5890_/Q
 _5891_/Q
 _5892_/Q
 _5893_/Q
 _5894_/Q
 _5895_/Q
 _5896_/Q
 _5897_/Q
 _5898_/Q
 _5899_/Q
 _5900_/Q
 _5901_/Q
 _5902_/Q
 _5903_/Q
 _5904_/Q
 _5905_/Q
 _5906_/Q
 _5907_/Q
 _5908_/Q
 _5909_/Q
 _5910_/Q
 _5911_/Q
 _5912_/Q
 _5913_/Q
 _5914_/Q
 _5915_/Q
 _5916_/Q
 _5917_/Q
 _5918_/Q
 _5919_/Q
 _5920_/Q
 _5921_/Q
 _5922_/Q
 _5923_/Q
 _5924_/Q
 _5925_/Q
 _5926_/Q
 _5927_/Q
 _5928_/Q
 _5929_/Q
 _5930_/Q
 _5931_/Q
 _5932_/Q
 _5933_/Q
 _5934_/Q
 _5935_/Q
 _5936_/Q
 _5937_/Q
 _5938_/Q
 _5939_/Q
 _5940_/Q
 _5941_/Q
 _5942_/Q
 _5943_/Q
 _5944_/Q
 _5945_/Q
 _5946_/Q
 _5947_/Q
 _5948_/Q
 _5949_/Q
 _5950_/Q
 _5951_/Q
 _5952_/Q
 _5953_/Q
 _5954_/Q
 _5955_/Q
 _5956_/Q
 _5957_/Q
 _5958_/Q
 _5959_/Q
 _5960_/Q
 _5961_/Q
 _5962_/Q
 _5963_/Q
 _5964_/Q
 _5965_/Q
 _5966_/Q
 _5967_/Q
 _5968_/Q
 _5969_/Q
 _5970_/Q
 _5971_/Q
 _5972_/Q
 _5973_/Q
 _5974_/Q
 _5975_/Q
 _5976_/Q
 _5977_/Q
 _5978_/Q
 _5979_/Q
 _5980_/Q
 _5981_/Q
 _5982_/Q
 _5983_/Q
 _5984_/Q
 _5985_/Q
 _5986_/Q
 _5987_/Q
 _5988_/Q
 _5989_/Q
 _5990_/Q
 _5991_/Q
 _5992_/Q
 _5993_/Q
 _5994_/Q
 _5995_/Q
 _5996_/Q
 _5997_/Q
 _5998_/Q
 _5999_/Q
 _6000_/Q
 _6001_/Q
 _6002_/Q
 _6003_/Q
 _6004_/Q
 _6005_/Q
 _6006_/Q
 _6007_/Q
 _6008_/Q
 _6009_/Q
 _6010_/Q
 _6011_/Q
 _6012_/Q
 _6013_/Q
 _6014_/Q
 _6015_/Q
 _6016_/Q
 _6017_/Q
 _6018_/Q
 _6019_/Q
 _6020_/Q
 _6021_/Q
 _6022_/Q
 _6023_/Q
 _6024_/Q
 _6025_/Q
 _6026_/Q
 _6027_/Q
 _6028_/Q
 _6029_/Q
 _6030_/Q
 _6031_/Q
 _6032_/Q
 _6033_/Q
 _6034_/Q
 _6035_/Q
 _6036_/Q
 _6037_/Q
 _6038_/Q
 _6039_/Q
 _6040_/Q
 _6041_/Q
 _6042_/Q
 _6043_/Q
 _6044_/Q
 _6045_/Q
 _6046_/Q
 _6047_/Q
 _6048_/Q
 _6049_/Q
 _6050_/Q
 _6051_/Q
 _6052_/Q
 _6053_/Q
 _6054_/Q
 _6055_/Q
 _6056_/Q
 _6057_/Q
 _6058_/Q
 _6059_/Q
 _6060_/Q
 _6061_/Q
 _6062_/Q
 _6063_/Q
 _6064_/Q
 _6065_/Q
 _6066_/Q
 _6067_/Q
 _6068_/Q
 _6069_/Q
 _6070_/Q
 _6071_/Q
 _6072_/Q
 _6073_/Q
 _6074_/Q
 _6075_/Q
 _6076_/Q
 _6077_/Q
 _6078_/Q
 _6079_/Q
 _6080_/Q
 _6081_/Q
 _6082_/Q
 _6083_/Q
 _6084_/Q
 _6085_/Q
 _6086_/Q
 _6087_/Q
 _6088_/Q
 _6089_/Q
 _6090_/Q
 _6091_/Q
 _6092_/Q
 _6093_/Q
 _6094_/Q
 _6095_/Q
 _6096_/Q
 _6097_/Q
 _6098_/Q
 _6099_/Q
 _6100_/Q
 _6101_/Q
 _6102_/Q
 _6103_/Q
 _6104_/Q
 _6105_/Q
 _6106_/Q
 _6107_/Q
 _6108_/Q
 _6109_/Q
 _6110_/Q
 _6111_/Q
 _6112_/Q
 _6113_/Q
 _6114_/Q
 _6115_/Q
 _6116_/Q
 _6117_/Q
 _6118_/Q
 _6119_/Q
 _6120_/Q
 _6121_/Q
 _6122_/Q
 _6123_/Q
 _6124_/Q
 _6125_/Q
 _6126_/Q
 _6127_/Q
 _6128_/Q
 _6129_/Q
 _6130_/Q
 _6131_/Q
 _6132_/Q
 _6133_/Q
 _6134_/Q
 _6135_/Q
 _6136_/Q
 _6137_/Q
 _6138_/Q
 _6139_/Q
 _6140_/Q
 _6141_/Q
 _6142_/Q
 _6143_/Q
 _6144_/Q
 _6145_/Q
 _6146_/Q
 _6147_/Q
 _6148_/Q
 _6149_/Q
 _6150_/Q
 _6151_/Q
 _6152_/Q
 _6153_/Q
 _6154_/Q
 _6155_/Q
 _6156_/Q
 _6157_/Q
 _6158_/Q
 _6159_/Q
 _6160_/Q
 _6161_/Q
 _6162_/Q
 _6163_/Q
 _6164_/Q
 _6165_/Q
 _6166_/Q
 _6167_/Q
 _6168_/Q
 _6169_/Q
 _6170_/Q
 _6171_/Q
 _6172_/Q
 _6173_/Q
 _6174_/Q
 _6175_/Q
 _6176_/Q
 _6177_/Q
 _6178_/Q
 _6179_/Q
 _6180_/Q
 _6181_/Q
 _6182_/Q
 _6183_/Q
 _6184_/Q
 _6185_/Q
 _6186_/Q
 _6187_/Q
 _6188_/Q
 _6189_/Q
 _6190_/Q
 _6191_/Q
 _6192_/Q
 _6193_/Q
 _6194_/Q
 _6195_/Q
 _6196_/Q
 _6197_/Q
 _6198_/Q
 _6199_/Q
 _6200_/Q
 _6201_/Q
 _6202_/Q
 _6203_/Q
 _6204_/Q
 _6205_/Q
 _6206_/Q
 _6207_/Q
 _6208_/Q
 _6209_/Q
 _6210_/Q
 _6211_/Q
 _6212_/Q
 _6213_/Q
 _6214_/Q
 _6215_/Q
 _6216_/Q
 _6217_/Q
 _6218_/Q
 _6219_/Q
 _6220_/Q
 _6221_/Q
 _6222_/Q
 _6223_/Q
 _6224_/Q
 _6225_/Q
 _6226_/Q
 _6227_/Q
 _6228_/Q
 _6229_/Q
 _6230_/Q
 _6231_/Q
 _6232_/Q
 _6233_/Q
 _6234_/Q
 _6235_/Q
 _6236_/Q
 _6237_/Q
 _6238_/Q
 _6239_/Q
 _6240_/Q
 _6241_/Q
 _6242_/Q
 _6243_/Q
 _6244_/Q
 _6245_/Q
 _6246_/Q
 _6247_/Q
 _6248_/Q
 _6249_/Q
 _6250_/Q
 _6251_/Q
 _6252_/Q
 _6253_/Q
 _6254_/Q
 _6255_/Q
 _6256_/Q
 _6257_/Q
 _6258_/Q
 _6259_/Q
 _6260_/Q
 _6261_/Q
 _6262_/Q
 _6263_/Q
 _6264_/Q
 _6265_/Q
 _6266_/Q
 _6267_/Q
 _6268_/Q
 _6269_/Q
 _6270_/HI
 _6270_/LO
Found 0 partially unannotated drivers.

===========================================================================
max slew violation count 0
max fanout violation count 0
max cap violation count 0
============================================================================

===========================================================================
check_setup -verbose -unconstrained_endpoints -multiple_clock -no_clock -no_input_delay -loops -generated_clocks
===========================================================================
Warning: There are 2 input ports missing set_input_delay.
  next
  rst
Warning: There are 90 unclocked register/latch pins.
  _5740_/CLK
  _5741_/CLK
  _5742_/CLK
  _5743_/CLK
  _5744_/CLK
  _5764_/CLK
  _5765_/CLK
  _5766_/CLK
  _5767_/CLK
  _5768_/CLK
  _5769_/CLK
  _5770_/CLK
  _5771_/CLK
  _5772_/CLK
  _5773_/CLK
  _5774_/CLK
  _5775_/CLK
  _5776_/CLK
  _5777_/CLK
  _5778_/CLK
  _5779_/CLK
  _5780_/CLK
  _5781_/CLK
  _5782_/CLK
  _5783_/CLK
  _5784_/CLK
  _5785_/CLK
  _5786_/CLK
  _5787_/CLK
  _5788_/CLK
  _5789_/CLK
  _5790_/CLK
  _5791_/CLK
  _5792_/CLK
  _5793_/GATE_N
  _5794_/GATE_N
  _5795_/GATE_N
  _5796_/GATE_N
  _5797_/GATE_N
  _5798_/GATE_N
  _5799_/GATE_N
  _5800_/GATE_N
  _5801_/GATE_N
  _5802_/GATE_N
  _5803_/GATE_N
  _5804_/GATE_N
  _5805_/GATE_N
  _5806_/GATE_N
  _5807_/GATE_N
  _5808_/GATE_N
  _5809_/GATE_N
  _5810_/GATE_N
  _5811_/GATE_N
  _5812_/GATE_N
  _5813_/GATE_N
  _5814_/GATE_N
  _5815_/GATE_N
  _5816_/GATE_N
  _5817_/GATE_N
  _5818_/GATE_N
  _5819_/GATE_N
  _5820_/GATE_N
  _5821_/GATE_N
  _5822_/GATE_N
  _5823_/GATE_N
  _5824_/GATE_N
  _5825_/GATE_N
  _5858_/CLK
  _5859_/CLK
  _5860_/CLK
  _5861_/CLK
  _5862_/CLK
  _5863_/CLK
  _5864_/CLK
  _5866_/CLK
  _5867_/CLK
  _5868_/CLK
  _5869_/CLK
  _5870_/CLK
  _5871_/CLK
  _5872_/CLK
  _5873_/CLK
  _6259_/CLK
  _6260_/CLK
  _6261_/CLK
  _6262_/CLK
  _6263_/CLK
  _6264_/CLK
  _6265_/CLK
  _6266_/CLK
Warning: There are 111 unconstrained endpoints.
  an[0]
  an[1]
  an[2]
  an[3]
  an[4]
  an[5]
  an[6]
  an[7]
  cx[0]
  cx[1]
  cx[2]
  cx[3]
  cx[4]
  cx[5]
  cx[6]
  cx[7]
  _5740_/D
  _5741_/D
  _5742_/D
  _5743_/D
  _5744_/D
  _5763_/D
  _5764_/D
  _5765_/D
  _5766_/D
  _5767_/D
  _5768_/D
  _5769_/D
  _5770_/D
  _5771_/D
  _5772_/D
  _5773_/D
  _5774_/D
  _5775_/D
  _5776_/D
  _5777_/D
  _5778_/D
  _5779_/D
  _5780_/D
  _5781_/D
  _5782_/D
  _5783_/D
  _5784_/D
  _5785_/D
  _5786_/D
  _5787_/D
  _5788_/D
  _5789_/D
  _5790_/D
  _5791_/D
  _5792_/D
  _5793_/D
  _5794_/D
  _5795_/D
  _5796_/D
  _5797_/D
  _5798_/D
  _5799_/D
  _5800_/D
  _5801_/D
  _5802_/D
  _5803_/D
  _5804_/D
  _5805_/D
  _5806_/D
  _5807_/D
  _5808_/D
  _5809_/D
  _5810_/D
  _5811_/D
  _5812_/D
  _5813_/D
  _5814_/D
  _5815_/D
  _5816_/D
  _5817_/D
  _5818_/D
  _5819_/D
  _5820_/D
  _5821_/D
  _5822_/D
  _5823_/D
  _5824_/D
  _5825_/D
  _5858_/D
  _5859_/D
  _5860_/D
  _5861_/D
  _5862_/D
  _5863_/D
  _5864_/D
  _5866_/D
  _5867_/D
  _5868_/D
  _5869_/D
  _5870_/D
  _5871_/D
  _5872_/D
  _5873_/D
  _6258_/D
  _6259_/D
  _6260_/D
  _6261_/D
  _6262_/D
  _6263_/D
  _6264_/D
  _6265_/D
  _6266_/D
  _6267_/D
  _6268_/D
  _6269_/D
