OpenROAD b16bda7e82721d10566ff7e2b68f1ff0be9f9e38 
Features included (+) or not (-): +Charts +GPU +GUI +Python
This program is licensed under the BSD-3 license. See the LICENSE file for details.
Components of this program may be licensed under more restrictive licenses which must be honored.
define_corners Typical
read_liberty -corner Typical /root/.volare/sky130A/libs.ref/sky130_fd_sc_hd/lib/sky130_fd_sc_hd__tt_025C_1v80.lib
Using 1e-12 for capacitance...
Using 1e+03 for resistance...
Using 1e-09 for time...
Using 1e+00 for voltage...
Using 1e-03 for current...
Using 1e-09 for power...
Using 1e-06 for distance...
[INFO]: Reading ODB at '/openlane/designs/full_cpu/runs/RUN_2025.06.16_16.44.08/results/routing/Main.odb'…
Reading design constraints file at '/openlane/designs/full_cpu/src/Main.sdc'…
Net: _2039_
  Pin: _4403_/C_N (sky130_fd_sc_hd__or3b_1)
    Layer: met4
      Partial area ratio:  143.19
      Required ratio:    0.00 (Gate area) 
      Partial area ratio:  767.49
      Required ratio: 2779.60 (Side area) 
      Cumulative area ratio:  243.17
      Required ratio:    0.00 (Cumulative area) 
      Cumulative area ratio: 1299.83
      Required ratio:    0.00 (Cumulative side area) 

    Layer: met3
      Partial area ratio:   81.21
      Required ratio:    0.00 (Gate area) 
      Partial area ratio:  436.95
      Required ratio:  400.00 (Side area) (VIOLATED)
      Cumulative area ratio:   99.98
      Required ratio:    0.00 (Cumulative area) 
      Cumulative area ratio:  532.34
      Required ratio:    0.00 (Cumulative side area) 

    Layer: met2
      Partial area ratio:   18.10
      Required ratio:    0.00 (Gate area) 
      Partial area ratio:   91.28
      Required ratio:  400.00 (Side area) 
      Cumulative area ratio:   18.77
      Required ratio:    0.00 (Cumulative area) 
      Cumulative area ratio:   95.39
      Required ratio:    0.00 (Cumulative side area) 

    Layer: met1
      Partial area ratio:    0.67
      Required ratio:    0.00 (Gate area) 
      Partial area ratio:    4.11
      Required ratio:  400.00 (Side area) 
      Cumulative area ratio:    0.67
      Required ratio:    0.00 (Cumulative area) 
      Cumulative area ratio:    4.11
      Required ratio:    0.00 (Cumulative side area) 

    Layer: li1
      Partial area ratio:    0.00
      Required ratio:    0.00 (Gate area) 
      Partial area ratio:    0.00
      Required ratio:   75.00 (Side area) 
      Cumulative area ratio:    0.00
      Required ratio:    0.00 (Cumulative area) 
      Cumulative area ratio:    0.00
      Required ratio:    0.00 (Cumulative side area) 

    Via: M3M4_PR
      Partial area ratio:    0.32
      Required ratio:    6.00 (Gate area) 
      Cumulative area ratio:    1.04
      Required ratio:    0.00 (Cumulative area) 

    Via: M2M3_PR
      Partial area ratio:    0.32
      Required ratio:    6.00 (Gate area) 
      Cumulative area ratio:    0.73
      Required ratio:    0.00 (Cumulative area) 

    Via: M1M2_PR
      Partial area ratio:    0.18
      Required ratio:    6.00 (Gate area) 
      Cumulative area ratio:    0.41
      Required ratio:    0.00 (Cumulative area) 

    Via: L1M1_PR_MR
      Partial area ratio:    0.23
      Required ratio:    3.00 (Gate area) 
      Cumulative area ratio:    0.23
      Required ratio:    0.00 (Cumulative area) 


Net: _2408_
  Pin: _4978_/S (sky130_fd_sc_hd__mux2_1)
    Layer: met3
      Partial area ratio:   21.21
      Required ratio:    0.00 (Gate area) 
      Partial area ratio:  115.97
      Required ratio: 2956.40 (Side area) 
      Cumulative area ratio:   29.83
      Required ratio:    0.00 (Cumulative area) 
      Cumulative area ratio:  160.26
      Required ratio:    0.00 (Cumulative side area) 

    Layer: met2
      Partial area ratio:    8.62
      Required ratio:    0.00 (Gate area) 
      Partial area ratio:   44.29
      Required ratio:  400.00 (Side area) 
      Cumulative area ratio:    8.62
      Required ratio:    0.00 (Cumulative area) 
      Cumulative area ratio:   44.29
      Required ratio:    0.00 (Cumulative side area) 

    Layer: met1
      Partial area ratio:    0.00
      Required ratio:    0.00 (Gate area) 
      Partial area ratio:    0.00
      Required ratio:  400.00 (Side area) 
      Cumulative area ratio:    0.00
      Required ratio:    0.00 (Cumulative area) 
      Cumulative area ratio:    0.00
      Required ratio:    0.00 (Cumulative side area) 

    Layer: li1
      Partial area ratio:    0.00
      Required ratio:    0.00 (Gate area) 
      Partial area ratio:    0.00
      Required ratio:   75.00 (Side area) 
      Cumulative area ratio:    0.00
      Required ratio:    0.00 (Cumulative area) 
      Cumulative area ratio:    0.00
      Required ratio:    0.00 (Cumulative side area) 

    Layer: met4
      Partial area ratio:   24.97
      Required ratio:    0.00 (Gate area) 
      Partial area ratio:  134.34
      Required ratio: 2956.40 (Side area) 
      Cumulative area ratio:   54.80
      Required ratio:    0.00 (Cumulative area) 
      Cumulative area ratio:  294.60
      Required ratio:    0.00 (Cumulative side area) 

    Via: M3M4_PR
      Partial area ratio:    0.08
      Required ratio:    6.00 (Gate area) 
      Cumulative area ratio:    0.44
      Required ratio:    0.00 (Cumulative area) 

    Via: M2M3_PR
      Partial area ratio:    0.16
      Required ratio:    6.00 (Gate area) 
      Cumulative area ratio:    0.36
      Required ratio:    0.00 (Cumulative area) 

    Via: M1M2_PR
      Partial area ratio:    0.09
      Required ratio:    6.00 (Gate area) 
      Cumulative area ratio:    0.20
      Required ratio:    0.00 (Cumulative area) 

    Via: L1M1_PR_MR
      Partial area ratio:    0.11
      Required ratio:    3.00 (Gate area) 
      Cumulative area ratio:    0.11
      Required ratio:    0.00 (Cumulative area) 

  Pin: _4914_/A (sky130_fd_sc_hd__clkbuf_4)
    Layer: met4
      Partial area ratio:   24.97
      Required ratio:    0.00 (Gate area) 
      Partial area ratio:  134.34
      Required ratio: 2956.40 (Side area) 
      Cumulative area ratio:   26.79
      Required ratio:    0.00 (Cumulative area) 
      Cumulative area ratio:  146.62
      Required ratio:    0.00 (Cumulative side area) 

    Layer: met3
      Partial area ratio:    1.39
      Required ratio:    0.00 (Gate area) 
      Partial area ratio:    9.69
      Required ratio:  400.00 (Side area) 
      Cumulative area ratio:    1.82
      Required ratio:    0.00 (Cumulative area) 
      Cumulative area ratio:   12.29
      Required ratio:    0.00 (Cumulative side area) 

    Layer: met2
      Partial area ratio:    0.43
      Required ratio:    0.00 (Gate area) 
      Partial area ratio:    2.60
      Required ratio:  400.00 (Side area) 
      Cumulative area ratio:    0.43
      Required ratio:    0.00 (Cumulative area) 
      Cumulative area ratio:    2.60
      Required ratio:    0.00 (Cumulative side area) 

    Layer: met1
      Partial area ratio:    0.00
      Required ratio:    0.00 (Gate area) 
      Partial area ratio:    0.00
      Required ratio:  400.00 (Side area) 
      Cumulative area ratio:    0.00
      Required ratio:    0.00 (Cumulative area) 
      Cumulative area ratio:    0.00
      Required ratio:    0.00 (Cumulative side area) 

    Layer: li1
      Partial area ratio:    0.00
      Required ratio:    0.00 (Gate area) 
      Partial area ratio:    0.00
      Required ratio:   75.00 (Side area) 
      Cumulative area ratio:    0.00
      Required ratio:    0.00 (Cumulative area) 
      Cumulative area ratio:    0.00
      Required ratio:    0.00 (Cumulative side area) 

    Via: M3M4_PR
      Partial area ratio:    0.19
      Required ratio:    6.00 (Gate area) 
      Cumulative area ratio:    0.62
      Required ratio:    0.00 (Cumulative area) 

    Via: M2M3_PR
      Partial area ratio:    0.19
      Required ratio:    6.00 (Gate area) 
      Cumulative area ratio:    0.43
      Required ratio:    0.00 (Cumulative area) 

    Via: M1M2_PR
      Partial area ratio:    0.11
      Required ratio:    6.00 (Gate area) 
      Cumulative area ratio:    0.24
      Required ratio:    0.00 (Cumulative area) 

    Via: L1M1_PR_MR
      Partial area ratio:    0.14
      Required ratio:    3.00 (Gate area) 
      Cumulative area ratio:    0.14
      Required ratio:    0.00 (Cumulative area) 

  Pin: _4883_/A (sky130_fd_sc_hd__buf_4)
    Layer: met4
      Partial area ratio:   24.97
      Required ratio:    0.00 (Gate area) 
      Partial area ratio:  134.34
      Required ratio: 2956.40 (Side area) 
      Cumulative area ratio:  128.18
      Required ratio:    0.00 (Cumulative area) 
      Cumulative area ratio:  689.05
      Required ratio:    0.00 (Cumulative side area) 

    Layer: met3
      Partial area ratio:  103.04
      Required ratio:    0.00 (Gate area) 
      Partial area ratio:  553.44
      Required ratio:  400.00 (Side area) (VIOLATED)
      Cumulative area ratio:  103.22
      Required ratio:    0.00 (Cumulative area) 
      Cumulative area ratio:  554.71
      Required ratio:    0.00 (Cumulative side area) 

    Layer: met2
      Partial area ratio:    0.18
      Required ratio:    0.00 (Gate area) 
      Partial area ratio:    1.27
      Required ratio:  400.00 (Side area) 
      Cumulative area ratio:    0.18
      Required ratio:    0.00 (Cumulative area) 
      Cumulative area ratio:    1.27
      Required ratio:    0.00 (Cumulative side area) 

    Layer: met1
      Partial area ratio:    0.00
      Required ratio:    0.00 (Gate area) 
      Partial area ratio:    0.00
      Required ratio:  400.00 (Side area) 
      Cumulative area ratio:    0.00
      Required ratio:    0.00 (Cumulative area) 
      Cumulative area ratio:    0.00
      Required ratio:    0.00 (Cumulative side area) 

    Layer: li1
      Partial area ratio:    0.00
      Required ratio:    0.00 (Gate area) 
      Partial area ratio:    0.00
      Required ratio:   75.00 (Side area) 
      Cumulative area ratio:    0.00
      Required ratio:    0.00 (Cumulative area) 
      Cumulative area ratio:    0.00
      Required ratio:    0.00 (Cumulative side area) 

    Via: M3M4_PR
      Partial area ratio:    0.16
      Required ratio:    6.00 (Gate area) 
      Cumulative area ratio:    0.53
      Required ratio:    0.00 (Cumulative area) 

    Via: M2M3_PR
      Partial area ratio:    0.16
      Required ratio:    6.00 (Gate area) 
      Cumulative area ratio:    0.37
      Required ratio:    0.00 (Cumulative area) 

    Via: M1M2_PR
      Partial area ratio:    0.09
      Required ratio:    6.00 (Gate area) 
      Cumulative area ratio:    0.21
      Required ratio:    0.00 (Cumulative area) 

    Via: L1M1_PR_MR
      Partial area ratio:    0.12
      Required ratio:    3.00 (Gate area) 
      Cumulative area ratio:    0.12
      Required ratio:    0.00 (Cumulative area) 

  Pin: _4945_/A (sky130_fd_sc_hd__buf_4)
    Layer: met4
      Partial area ratio:   24.97
      Required ratio:    0.00 (Gate area) 
      Partial area ratio:  134.34
      Required ratio: 2956.40 (Side area) 
      Cumulative area ratio:   34.70
      Required ratio:    0.00 (Cumulative area) 
      Cumulative area ratio:  188.55
      Required ratio:    0.00 (Cumulative side area) 

    Layer: met3
      Partial area ratio:    9.56
      Required ratio:    0.00 (Gate area) 
      Partial area ratio:   52.95
      Required ratio:  400.00 (Side area) 
      Cumulative area ratio:    9.74
      Required ratio:    0.00 (Cumulative area) 
      Cumulative area ratio:   54.22
      Required ratio:    0.00 (Cumulative side area) 

    Layer: met2
      Partial area ratio:    0.18
      Required ratio:    0.00 (Gate area) 
      Partial area ratio:    1.27
      Required ratio:  400.00 (Side area) 
      Cumulative area ratio:    0.18
      Required ratio:    0.00 (Cumulative area) 
      Cumulative area ratio:    1.27
      Required ratio:    0.00 (Cumulative side area) 

    Layer: met1
      Partial area ratio:    0.00
      Required ratio:    0.00 (Gate area) 
      Partial area ratio:    0.00
      Required ratio:  400.00 (Side area) 
      Cumulative area ratio:    0.00
      Required ratio:    0.00 (Cumulative area) 
      Cumulative area ratio:    0.00
      Required ratio:    0.00 (Cumulative side area) 

    Layer: li1
      Partial area ratio:    0.00
      Required ratio:    0.00 (Gate area) 
      Partial area ratio:    0.00
      Required ratio:   75.00 (Side area) 
      Cumulative area ratio:    0.00
      Required ratio:    0.00 (Cumulative area) 
      Cumulative area ratio:    0.00
      Required ratio:    0.00 (Cumulative side area) 

    Via: M3M4_PR
      Partial area ratio:    0.16
      Required ratio:    6.00 (Gate area) 
      Cumulative area ratio:    0.53
      Required ratio:    0.00 (Cumulative area) 

    Via: M2M3_PR
      Partial area ratio:    0.16
      Required ratio:    6.00 (Gate area) 
      Cumulative area ratio:    0.37
      Required ratio:    0.00 (Cumulative area) 

    Via: M1M2_PR
      Partial area ratio:    0.09
      Required ratio:    6.00 (Gate area) 
      Cumulative area ratio:    0.21
      Required ratio:    0.00 (Cumulative area) 

    Via: L1M1_PR_MR
      Partial area ratio:    0.12
      Required ratio:    3.00 (Gate area) 
      Cumulative area ratio:    0.12
      Required ratio:    0.00 (Cumulative area) 

  Pin: _4976_/S (sky130_fd_sc_hd__mux2_1)
    Layer: met3
      Partial area ratio:   21.21
      Required ratio:    0.00 (Gate area) 
      Partial area ratio:  115.97
      Required ratio: 2956.40 (Side area) 
      Cumulative area ratio:   29.83
      Required ratio:    0.00 (Cumulative area) 
      Cumulative area ratio:  160.26
      Required ratio:    0.00 (Cumulative side area) 

    Layer: met2
      Partial area ratio:    8.62
      Required ratio:    0.00 (Gate area) 
      Partial area ratio:   44.29
      Required ratio:  400.00 (Side area) 
      Cumulative area ratio:    8.62
      Required ratio:    0.00 (Cumulative area) 
      Cumulative area ratio:   44.29
      Required ratio:    0.00 (Cumulative side area) 

    Layer: met4
      Partial area ratio:   24.97
      Required ratio:    0.00 (Gate area) 
      Partial area ratio:  134.34
      Required ratio: 2956.40 (Side area) 
      Cumulative area ratio:   54.80
      Required ratio:    0.00 (Cumulative area) 
      Cumulative area ratio:  294.60
      Required ratio:    0.00 (Cumulative side area) 

    Layer: met1
      Partial area ratio:    0.00
      Required ratio:    0.00 (Gate area) 
      Partial area ratio:    0.00
      Required ratio:  400.00 (Side area) 
      Cumulative area ratio:    0.00
      Required ratio:    0.00 (Cumulative area) 
      Cumulative area ratio:    0.00
      Required ratio:    0.00 (Cumulative side area) 

    Layer: li1
      Partial area ratio:    0.00
      Required ratio:    0.00 (Gate area) 
      Partial area ratio:    0.00
      Required ratio:   75.00 (Side area) 
      Cumulative area ratio:    0.00
      Required ratio:    0.00 (Cumulative area) 
      Cumulative area ratio:    0.00
      Required ratio:    0.00 (Cumulative side area) 

    Via: M3M4_PR
      Partial area ratio:    0.08
      Required ratio:    6.00 (Gate area) 
      Cumulative area ratio:    0.44
      Required ratio:    0.00 (Cumulative area) 

    Via: M2M3_PR
      Partial area ratio:    0.16
      Required ratio:    6.00 (Gate area) 
      Cumulative area ratio:    0.36
      Required ratio:    0.00 (Cumulative area) 

    Via: M1M2_PR
      Partial area ratio:    0.09
      Required ratio:    6.00 (Gate area) 
      Cumulative area ratio:    0.20
      Required ratio:    0.00 (Cumulative area) 

    Via: L1M1_PR_MR
      Partial area ratio:    0.11
      Required ratio:    3.00 (Gate area) 
      Cumulative area ratio:    0.11
      Required ratio:    0.00 (Cumulative area) 


[INFO ANT-0002] Found 2 net violations.
[INFO ANT-0001] Found 2 pin violations.
