
===========================================================================
 report_power
============================================================================
======================= Fastest Corner ===================================

Group                  Internal  Switching    Leakage      Total
                          Power      Power      Power      Power (Watts)
----------------------------------------------------------------
Sequential             2.03e-03   0.00e+00   7.77e-09   2.03e-03  61.8%
Combinational          7.52e-07   1.44e-06   1.47e-08   2.21e-06   0.1%
Clock                  4.68e-04   7.87e-04   3.85e-09   1.25e-03  38.1%
Macro                  0.00e+00   0.00e+00   0.00e+00   0.00e+00   0.0%
Pad                    0.00e+00   0.00e+00   0.00e+00   0.00e+00   0.0%
----------------------------------------------------------------
Total                  2.50e-03   7.88e-04   2.63e-08   3.29e-03 100.0%
                          76.1%      23.9%       0.0%

======================= Slowest Corner ===================================

Group                  Internal  Switching    Leakage      Total
                          Power      Power      Power      Power (Watts)
----------------------------------------------------------------
Sequential             1.35e-03   0.00e+00   7.20e-06   1.36e-03  61.4%
Combinational          5.11e-07   9.39e-07   1.48e-05   1.63e-05   0.7%
Clock                  3.33e-04   5.04e-04   6.04e-07   8.37e-04  37.8%
Macro                  0.00e+00   0.00e+00   0.00e+00   0.00e+00   0.0%
Pad                    0.00e+00   0.00e+00   0.00e+00   0.00e+00   0.0%
----------------------------------------------------------------
Total                  1.69e-03   5.05e-04   2.26e-05   2.21e-03 100.0%
                          76.2%      22.8%       1.0%

======================= Typical Corner ===================================

Group                  Internal  Switching    Leakage      Total
                          Power      Power      Power      Power (Watts)
----------------------------------------------------------------
Sequential             1.75e-03   0.00e+00   4.28e-09   1.75e-03  62.1%
Combinational          6.31e-07   1.22e-06   1.13e-08   1.87e-06   0.1%
Clock                  4.08e-04   6.61e-04   2.41e-09   1.07e-03  37.9%
Macro                  0.00e+00   0.00e+00   0.00e+00   0.00e+00   0.0%
Pad                    0.00e+00   0.00e+00   0.00e+00   0.00e+00   0.0%
----------------------------------------------------------------
Total                  2.16e-03   6.62e-04   1.80e-08   2.82e-03 100.0%
                          76.5%      23.5%       0.0%

