Mon Jun 16 16:44:08 +0000 2025 - Executing "{openroad -exit -no_init -python /openlane/scripts/odbpy/lefutil.py get_metal_layers -o /openlane/designs/full_cpu/runs/RUN_2025.06.16_16.44.08/tmp/layers.list /root/.volare/sky130A/libs.ref/sky130_fd_sc_hd/techlef/sky130_fd_sc_hd__nom.tlef}"

Mon Jun 16 16:44:09 +0000 2025 - Executing "{/openlane/scripts/mergeLef.py -o /openlane/designs/full_cpu/runs/RUN_2025.06.16_16.44.08/tmp/merged.nom.lef -i /root/.volare/sky130A/libs.ref/sky130_fd_sc_hd/techlef/sky130_fd_sc_hd__nom.tlef {/root/.volare/sky130A/libs.ref/sky130_fd_sc_hd/lef/sky130_fd_sc_hd.lef /root/.volare/sky130A/libs.ref/sky130_fd_sc_hd/lef/sky130_ef_sc_hd.lef} |& tee /dev/null}"

Mon Jun 16 16:44:09 +0000 2025 - Executing "{/openlane/scripts/mergeLef.py -o /openlane/designs/full_cpu/runs/RUN_2025.06.16_16.44.08/tmp/merged.min.lef -i /root/.volare/sky130A/libs.ref/sky130_fd_sc_hd/techlef/sky130_fd_sc_hd__min.tlef {/root/.volare/sky130A/libs.ref/sky130_fd_sc_hd/lef/sky130_fd_sc_hd.lef /root/.volare/sky130A/libs.ref/sky130_fd_sc_hd/lef/sky130_ef_sc_hd.lef} |& tee /dev/null}"

Mon Jun 16 16:44:09 +0000 2025 - Executing "{/openlane/scripts/mergeLef.py -o /openlane/designs/full_cpu/runs/RUN_2025.06.16_16.44.08/tmp/merged.max.lef -i /root/.volare/sky130A/libs.ref/sky130_fd_sc_hd/techlef/sky130_fd_sc_hd__max.tlef {/root/.volare/sky130A/libs.ref/sky130_fd_sc_hd/lef/sky130_fd_sc_hd.lef /root/.volare/sky130A/libs.ref/sky130_fd_sc_hd/lef/sky130_ef_sc_hd.lef} |& tee /dev/null}"

Mon Jun 16 16:44:09 +0000 2025 - Executing "{python3 /openlane/scripts/mergeLib.py --output /openlane/designs/full_cpu/runs/RUN_2025.06.16_16.44.08/tmp/synthesis/merged.lib --name sky130A_merged /root/.volare/sky130A/libs.ref/sky130_fd_sc_hd/lib/sky130_fd_sc_hd__tt_025C_1v80.lib}"

Mon Jun 16 16:44:09 +0000 2025 - Executing "{python3 /openlane/scripts/libtrim.py --cell-file /openlane/designs/full_cpu/runs/RUN_2025.06.16_16.44.08/tmp/synthesis/trimmed.lib.exclude.list --output /openlane/designs/full_cpu/runs/RUN_2025.06.16_16.44.08/tmp/synthesis/trimmed.lib /openlane/designs/full_cpu/runs/RUN_2025.06.16_16.44.08/tmp/synthesis/merged.lib}"

Mon Jun 16 16:44:10 +0000 2025 - Executing "{python3 /openlane/scripts/libtrim.py --cell-file /openlane/designs/full_cpu/runs/RUN_2025.06.16_16.44.08/tmp/cts/cts.lib.exclude.list --output /openlane/designs/full_cpu/runs/RUN_2025.06.16_16.44.08/tmp/cts/cts.lib /root/.volare/sky130A/libs.ref/sky130_fd_sc_hd/lib/sky130_fd_sc_hd__tt_025C_1v80.lib}"

Mon Jun 16 16:44:10 +0000 2025 - Executing "{python3 /openlane/scripts/libtrim.py --cell-file /openlane/designs/full_cpu/runs/RUN_2025.06.16_16.44.08/tmp/cts/cts-fastest.lib.exclude.list --output /openlane/designs/full_cpu/runs/RUN_2025.06.16_16.44.08/tmp/cts/cts-fastest.lib /root/.volare/sky130A/libs.ref/sky130_fd_sc_hd/lib/sky130_fd_sc_hd__ff_n40C_1v95.lib}"

Mon Jun 16 16:44:11 +0000 2025 - Executing "{python3 /openlane/scripts/libtrim.py --cell-file /openlane/designs/full_cpu/runs/RUN_2025.06.16_16.44.08/tmp/cts/cts-slowest.lib.exclude.list --output /openlane/designs/full_cpu/runs/RUN_2025.06.16_16.44.08/tmp/cts/cts-slowest.lib /root/.volare/sky130A/libs.ref/sky130_fd_sc_hd/lib/sky130_fd_sc_hd__ss_100C_1v60.lib}"

Mon Jun 16 16:44:11 +0000 2025 - Executing "{python3 /openlane/scripts/new_tracks.py -i /root/.volare/sky130A/libs.tech/openlane/sky130_fd_sc_hd/tracks.info -o /openlane/designs/full_cpu/runs/RUN_2025.06.16_16.44.08/tmp/routing/config.tracks}"

Mon Jun 16 16:44:11 +0000 2025 - Executing "{echo {OpenLane e73fb3c57e687a0023fcd4dcfd1566ecd478362a} > /openlane/designs/full_cpu/runs/RUN_2025.06.16_16.44.08/OPENLANE_COMMIT}"

Mon Jun 16 16:44:11 +0000 2025 - Executing "{sed -E {s/^([[:space:]]+)pg_pin(.*)/\1pin\2\n\1    direction : "inout";/g} /root/.volare/sky130A/libs.ref/sky130_fd_sc_hd/lib/sky130_fd_sc_hd__tt_025C_1v80.lib > /openlane/designs/full_cpu/runs/RUN_2025.06.16_16.44.08/tmp/synthesis/1-sky130_fd_sc_hd__tt_025C_1v80.no_pg.lib}"

Mon Jun 16 16:44:11 +0000 2025 - Executing "{sed -E {s/^([[:space:]]+)pg_pin(.*)/\1pin\2\n\1    direction : "inout";/g} /openlane/designs/full_cpu/runs/RUN_2025.06.16_16.44.08/tmp/synthesis/trimmed.lib > /openlane/designs/full_cpu/runs/RUN_2025.06.16_16.44.08/tmp/synthesis/1-trimmed.no_pg.lib}"

Mon Jun 16 16:44:11 +0000 2025 - Executing "yosys -c /openlane/scripts/yosys/synth.tcl |& tee /dev/null /openlane/designs/full_cpu/runs/RUN_2025.06.16_16.44.08/logs/synthesis/1-synthesis.log"

Mon Jun 16 16:44:12 +0000 2025 - Executing "{yosys -c /openlane/scripts/yosys/synth.tcl |& tee /dev/null /openlane/designs/full_cpu/runs/RUN_2025.06.16_16.44.08/logs/synthesis/1-synthesis.log}"

Mon Jun 16 16:44:48 +0000 2025 - Executing "{sed -i.bak -e {s/\(set ::env(CURRENT_NETLIST)\).*/\1 \/openlane\/designs\/full_cpu\/runs\/RUN_2025.06.16_16.44.08\/results\/synthesis\/Main.v/} /openlane/designs/full_cpu/runs/RUN_2025.06.16_16.44.08/config.tcl}"

Mon Jun 16 16:44:48 +0000 2025 - Executing "{sed -i.bak /defparam/d /openlane/designs/full_cpu/runs/RUN_2025.06.16_16.44.08/results/synthesis/Main.v}"

Mon Jun 16 16:44:48 +0000 2025 - Executing "sta -exit -no_init /openlane/scripts/openroad/sta/multi_corner.tcl |& tee /dev/null /openlane/designs/full_cpu/runs/RUN_2025.06.16_16.44.08/logs/synthesis/2-sta.log"

Mon Jun 16 16:44:48 +0000 2025 - Executing "{sta -exit -no_init /openlane/scripts/openroad/sta/multi_corner.tcl |& tee /dev/null /openlane/designs/full_cpu/runs/RUN_2025.06.16_16.44.08/logs/synthesis/2-sta.log}"

Mon Jun 16 16:44:49 +0000 2025 - Executing "openroad -exit /openlane/scripts/openroad/floorplan.tcl |& tee /dev/null /openlane/designs/full_cpu/runs/RUN_2025.06.16_16.44.08/logs/floorplan/3-initial_fp.log"

Mon Jun 16 16:44:49 +0000 2025 - Executing "{openroad -exit /openlane/scripts/openroad/floorplan.tcl |& tee /dev/null /openlane/designs/full_cpu/runs/RUN_2025.06.16_16.44.08/logs/floorplan/3-initial_fp.log}"

Mon Jun 16 16:44:50 +0000 2025 - Executing "{openroad -exit -no_init -python /openlane/scripts/odbpy/defutil.py extract_core_dims --output-data /openlane/designs/full_cpu/runs/RUN_2025.06.16_16.44.08/tmp/dimensions.txt --input-lef /openlane/designs/full_cpu/runs/RUN_2025.06.16_16.44.08/tmp/merged.nom.lef /openlane/designs/full_cpu/runs/RUN_2025.06.16_16.44.08/tmp/floorplan/3-initial_fp.def}"

Mon Jun 16 16:44:51 +0000 2025 - Executing "{openroad -exit -no_init -python /openlane/scripts/odbpy/io_place.py --config /openlane/designs/full_cpu/pin_order.cfg --hor-layer met3 --ver-layer met2 --ver-width-mult 2 --hor-width-mult 2 --hor-extension 0 --ver-extension 0 --length 4 --unmatched-error --input-lef /openlane/designs/full_cpu/runs/RUN_2025.06.16_16.44.08/tmp/merged.nom.lef --output-def /openlane/designs/full_cpu/runs/RUN_2025.06.16_16.44.08/tmp/floorplan/4-io.def --output /openlane/designs/full_cpu/runs/RUN_2025.06.16_16.44.08/tmp/floorplan/4-io.odb /openlane/designs/full_cpu/runs/RUN_2025.06.16_16.44.08/tmp/floorplan/3-initial_fp.odb |& tee /dev/null /openlane/designs/full_cpu/runs/RUN_2025.06.16_16.44.08/logs/floorplan/4-place_io.log}"

Mon Jun 16 16:44:52 +0000 2025 - Executing "openroad -exit /openlane/scripts/openroad/tapcell.tcl |& tee /dev/null /openlane/designs/full_cpu/runs/RUN_2025.06.16_16.44.08/logs/floorplan/5-tap.log"

Mon Jun 16 16:44:52 +0000 2025 - Executing "{openroad -exit /openlane/scripts/openroad/tapcell.tcl |& tee /dev/null /openlane/designs/full_cpu/runs/RUN_2025.06.16_16.44.08/logs/floorplan/5-tap.log}"

Mon Jun 16 16:44:52 +0000 2025 - Executing "openroad -exit /openlane/scripts/openroad/pdn.tcl |& tee /dev/null /openlane/designs/full_cpu/runs/RUN_2025.06.16_16.44.08/logs/floorplan/6-pdn.log"

Mon Jun 16 16:44:52 +0000 2025 - Executing "{openroad -exit /openlane/scripts/openroad/pdn.tcl |& tee /dev/null /openlane/designs/full_cpu/runs/RUN_2025.06.16_16.44.08/logs/floorplan/6-pdn.log}"

Mon Jun 16 16:44:53 +0000 2025 - Executing "openroad -exit /openlane/scripts/openroad/gpl.tcl |& tee /dev/null /openlane/designs/full_cpu/runs/RUN_2025.06.16_16.44.08/logs/placement/6-global.log"

Mon Jun 16 16:44:53 +0000 2025 - Executing "{openroad -exit /openlane/scripts/openroad/gpl.tcl |& tee /dev/null /openlane/designs/full_cpu/runs/RUN_2025.06.16_16.44.08/logs/placement/6-global.log}"

Mon Jun 16 16:45:03 +0000 2025 - Executing "{sed -i.bak -e {s/\(set ::env(CURRENT_NETLIST)\).*/\1 \/openlane\/designs\/full_cpu\/runs\/RUN_2025.06.16_16.44.08\/tmp\/placement\/7-global.nl.v/} /openlane/designs/full_cpu/runs/RUN_2025.06.16_16.44.08/config.tcl}"

Mon Jun 16 16:45:03 +0000 2025 - Executing "openroad -exit /openlane/scripts/openroad/sta/multi_corner.tcl |& tee /dev/null /openlane/designs/full_cpu/runs/RUN_2025.06.16_16.44.08/logs/placement/8-gpl_sta.log"

Mon Jun 16 16:45:03 +0000 2025 - Executing "{openroad -exit /openlane/scripts/openroad/sta/multi_corner.tcl |& tee /dev/null /openlane/designs/full_cpu/runs/RUN_2025.06.16_16.44.08/logs/placement/8-gpl_sta.log}"

Mon Jun 16 16:45:04 +0000 2025 - Executing "openroad -exit /openlane/scripts/openroad/resizer.tcl |& tee /dev/null /openlane/designs/full_cpu/runs/RUN_2025.06.16_16.44.08/logs/placement/9-resizer.log"

Mon Jun 16 16:45:04 +0000 2025 - Executing "{openroad -exit /openlane/scripts/openroad/resizer.tcl |& tee /dev/null /openlane/designs/full_cpu/runs/RUN_2025.06.16_16.44.08/logs/placement/9-resizer.log}"

Mon Jun 16 16:45:09 +0000 2025 - Executing "{sed -i.bak -e {s/\(set ::env(CURRENT_NETLIST)\).*/\1 \/openlane\/designs\/full_cpu\/runs\/RUN_2025.06.16_16.44.08\/tmp\/placement\/9-resizer.nl.v/} /openlane/designs/full_cpu/runs/RUN_2025.06.16_16.44.08/config.tcl}"

Mon Jun 16 16:45:09 +0000 2025 - Executing "openroad -exit /openlane/scripts/openroad/dpl.tcl |& tee /dev/null /openlane/designs/full_cpu/runs/RUN_2025.06.16_16.44.08/logs/placement/10-detailed.log"

Mon Jun 16 16:45:09 +0000 2025 - Executing "{openroad -exit /openlane/scripts/openroad/dpl.tcl |& tee /dev/null /openlane/designs/full_cpu/runs/RUN_2025.06.16_16.44.08/logs/placement/10-detailed.log}"

Mon Jun 16 16:45:10 +0000 2025 - Executing "{sed -i.bak -e {s/\(set ::env(CURRENT_NETLIST)\).*/\1 \/openlane\/designs\/full_cpu\/runs\/RUN_2025.06.16_16.44.08\/results\/placement\/Main.nl.v/} /openlane/designs/full_cpu/runs/RUN_2025.06.16_16.44.08/config.tcl}"

Mon Jun 16 16:45:10 +0000 2025 - Executing "openroad -exit /openlane/scripts/openroad/sta/multi_corner.tcl |& tee /dev/null /openlane/designs/full_cpu/runs/RUN_2025.06.16_16.44.08/logs/placement/11-dpl_sta.log"

Mon Jun 16 16:45:10 +0000 2025 - Executing "{openroad -exit /openlane/scripts/openroad/sta/multi_corner.tcl |& tee /dev/null /openlane/designs/full_cpu/runs/RUN_2025.06.16_16.44.08/logs/placement/11-dpl_sta.log}"

Mon Jun 16 16:45:12 +0000 2025 - Executing "openroad -exit /openlane/scripts/openroad/cts.tcl |& tee /dev/null /openlane/designs/full_cpu/runs/RUN_2025.06.16_16.44.08/logs/cts/12-cts.log"

Mon Jun 16 16:45:12 +0000 2025 - Executing "{openroad -exit /openlane/scripts/openroad/cts.tcl |& tee /dev/null /openlane/designs/full_cpu/runs/RUN_2025.06.16_16.44.08/logs/cts/12-cts.log}"

Mon Jun 16 16:45:22 +0000 2025 - Executing "openroad -exit /openlane/scripts/openroad/sta/multi_corner.tcl |& tee /dev/null /openlane/designs/full_cpu/runs/RUN_2025.06.16_16.44.08/logs/cts/13-cts_sta.log"

Mon Jun 16 16:45:22 +0000 2025 - Executing "{openroad -exit /openlane/scripts/openroad/sta/multi_corner.tcl |& tee /dev/null /openlane/designs/full_cpu/runs/RUN_2025.06.16_16.44.08/logs/cts/13-cts_sta.log}"

Mon Jun 16 16:45:24 +0000 2025 - Executing "openroad -exit /openlane/scripts/openroad/resizer_timing.tcl |& tee /dev/null /openlane/designs/full_cpu/runs/RUN_2025.06.16_16.44.08/logs/cts/14-resizer.log"

Mon Jun 16 16:45:24 +0000 2025 - Executing "{openroad -exit /openlane/scripts/openroad/resizer_timing.tcl |& tee /dev/null /openlane/designs/full_cpu/runs/RUN_2025.06.16_16.44.08/logs/cts/14-resizer.log}"

Mon Jun 16 16:45:27 +0000 2025 - Executing "{sed -i.bak -e {s/\(set ::env(CURRENT_NETLIST)\).*/\1 \/openlane\/designs\/full_cpu\/runs\/RUN_2025.06.16_16.44.08\/tmp\/cts\/14-Main.resized.nl.v/} /openlane/designs/full_cpu/runs/RUN_2025.06.16_16.44.08/config.tcl}"

Mon Jun 16 16:45:27 +0000 2025 - Executing "openroad -exit /openlane/scripts/openroad/resizer_routing_design.tcl |& tee /dev/null /openlane/designs/full_cpu/runs/RUN_2025.06.16_16.44.08/logs/routing/15-resizer_design.log"

Mon Jun 16 16:45:27 +0000 2025 - Executing "{openroad -exit /openlane/scripts/openroad/resizer_routing_design.tcl |& tee /dev/null /openlane/designs/full_cpu/runs/RUN_2025.06.16_16.44.08/logs/routing/15-resizer_design.log}"

Mon Jun 16 16:45:32 +0000 2025 - Executing "{sed -i.bak -e {s/\(set ::env(CURRENT_NETLIST)\).*/\1 \/openlane\/designs\/full_cpu\/runs\/RUN_2025.06.16_16.44.08\/tmp\/15-Main.nl.v/} /openlane/designs/full_cpu/runs/RUN_2025.06.16_16.44.08/config.tcl}"

Mon Jun 16 16:45:32 +0000 2025 - Executing "openroad -exit /openlane/scripts/openroad/sta/multi_corner.tcl |& tee /dev/null /openlane/designs/full_cpu/runs/RUN_2025.06.16_16.44.08/logs/routing/16-rsz_design_sta.log"

Mon Jun 16 16:45:32 +0000 2025 - Executing "{openroad -exit /openlane/scripts/openroad/sta/multi_corner.tcl |& tee /dev/null /openlane/designs/full_cpu/runs/RUN_2025.06.16_16.44.08/logs/routing/16-rsz_design_sta.log}"

Mon Jun 16 16:45:34 +0000 2025 - Executing "openroad -exit /openlane/scripts/openroad/resizer_routing_timing.tcl |& tee /dev/null /openlane/designs/full_cpu/runs/RUN_2025.06.16_16.44.08/logs/routing/17-resizer_timing.log"

Mon Jun 16 16:45:34 +0000 2025 - Executing "{openroad -exit /openlane/scripts/openroad/resizer_routing_timing.tcl |& tee /dev/null /openlane/designs/full_cpu/runs/RUN_2025.06.16_16.44.08/logs/routing/17-resizer_timing.log}"

Mon Jun 16 16:45:39 +0000 2025 - Executing "{sed -i.bak -e {s/\(set ::env(CURRENT_NETLIST)\).*/\1 \/openlane\/designs\/full_cpu\/runs\/RUN_2025.06.16_16.44.08\/tmp\/17-Main.nl.v/} /openlane/designs/full_cpu/runs/RUN_2025.06.16_16.44.08/config.tcl}"

Mon Jun 16 16:45:39 +0000 2025 - Executing "openroad -exit /openlane/scripts/openroad/sta/multi_corner.tcl |& tee /dev/null /openlane/designs/full_cpu/runs/RUN_2025.06.16_16.44.08/logs/routing/18-rsz_timing_sta.log"

Mon Jun 16 16:45:39 +0000 2025 - Executing "{openroad -exit /openlane/scripts/openroad/sta/multi_corner.tcl |& tee /dev/null /openlane/designs/full_cpu/runs/RUN_2025.06.16_16.44.08/logs/routing/18-rsz_timing_sta.log}"

Mon Jun 16 16:45:41 +0000 2025 - Executing "openroad -exit /openlane/scripts/openroad/repair_antennas.tcl |& tee /dev/null /openlane/designs/full_cpu/runs/RUN_2025.06.16_16.44.08/logs/routing/19-global.log"

Mon Jun 16 16:45:41 +0000 2025 - Executing "{openroad -exit /openlane/scripts/openroad/repair_antennas.tcl |& tee /dev/null /openlane/designs/full_cpu/runs/RUN_2025.06.16_16.44.08/logs/routing/19-global.log}"

Mon Jun 16 16:45:43 +0000 2025 - Executing "openroad -exit /openlane/scripts/openroad/write_views.tcl |& tee /dev/null /openlane/designs/full_cpu/runs/RUN_2025.06.16_16.44.08/logs/routing/19-global_write_netlist.log"

Mon Jun 16 16:45:43 +0000 2025 - Executing "{openroad -exit /openlane/scripts/openroad/write_views.tcl |& tee /dev/null /openlane/designs/full_cpu/runs/RUN_2025.06.16_16.44.08/logs/routing/19-global_write_netlist.log}"

Mon Jun 16 16:45:44 +0000 2025 - Executing "{sed -i.bak -e {s/\(set ::env(CURRENT_NETLIST)\).*/\1 \/openlane\/designs\/full_cpu\/runs\/RUN_2025.06.16_16.44.08\/tmp\/routing\/global.nl.v/} /openlane/designs/full_cpu/runs/RUN_2025.06.16_16.44.08/config.tcl}"

Mon Jun 16 16:45:44 +0000 2025 - Executing "openroad -exit /openlane/scripts/openroad/sta/multi_corner.tcl |& tee /dev/null /openlane/designs/full_cpu/runs/RUN_2025.06.16_16.44.08/logs/routing/21-grt_sta.log"

Mon Jun 16 16:45:44 +0000 2025 - Executing "{openroad -exit /openlane/scripts/openroad/sta/multi_corner.tcl |& tee /dev/null /openlane/designs/full_cpu/runs/RUN_2025.06.16_16.44.08/logs/routing/21-grt_sta.log}"

Mon Jun 16 16:45:46 +0000 2025 - Executing "openroad -exit /openlane/scripts/openroad/fill.tcl |& tee /dev/null /openlane/designs/full_cpu/runs/RUN_2025.06.16_16.44.08/logs/routing/22-fill.log"

Mon Jun 16 16:45:46 +0000 2025 - Executing "{openroad -exit /openlane/scripts/openroad/fill.tcl |& tee /dev/null /openlane/designs/full_cpu/runs/RUN_2025.06.16_16.44.08/logs/routing/22-fill.log}"

Mon Jun 16 16:45:46 +0000 2025 - Executing "{sed -i.bak -e {s/\(set ::env(CURRENT_NETLIST)\).*/\1 \/openlane\/designs\/full_cpu\/runs\/RUN_2025.06.16_16.44.08\/tmp\/routing\/22-fill.nl.v/} /openlane/designs/full_cpu/runs/RUN_2025.06.16_16.44.08/config.tcl}"

Mon Jun 16 16:45:47 +0000 2025 - Executing "openroad -exit -metrics /openlane/designs/full_cpu/runs/RUN_2025.06.16_16.44.08/reports/routing/23-drt_metrics.json /openlane/scripts/openroad/droute.tcl |& tee /dev/null /openlane/designs/full_cpu/runs/RUN_2025.06.16_16.44.08/logs/routing/23-detailed.log"

Mon Jun 16 16:45:47 +0000 2025 - Executing "{openroad -exit -metrics /openlane/designs/full_cpu/runs/RUN_2025.06.16_16.44.08/reports/routing/23-drt_metrics.json /openlane/scripts/openroad/droute.tcl |& tee /dev/null /openlane/designs/full_cpu/runs/RUN_2025.06.16_16.44.08/logs/routing/23-detailed.log}"

Mon Jun 16 16:49:31 +0000 2025 - Executing "{sed -i.bak -e {s/\(set ::env(CURRENT_NETLIST)\).*/\1 \/openlane\/designs\/full_cpu\/runs\/RUN_2025.06.16_16.44.08\/results\/routing\/Main.nl.v/} /openlane/designs/full_cpu/runs/RUN_2025.06.16_16.44.08/config.tcl}"

Mon Jun 16 16:49:31 +0000 2025 - Executing "{python3 /openlane/scripts/drc_rosetta.py tr to_klayout -o /openlane/designs/full_cpu/runs/RUN_2025.06.16_16.44.08/reports/routing/drt.klayout.xml --design-name Main /openlane/designs/full_cpu/runs/RUN_2025.06.16_16.44.08/reports/routing/drt.drc}"

Mon Jun 16 16:49:31 +0000 2025 - Executing "{openroad -exit -no_init -python /openlane/scripts/odbpy/wire_lengths.py --report-out /openlane/designs/full_cpu/runs/RUN_2025.06.16_16.44.08/reports/routing/24-wire_lengths.csv --input-lef /openlane/designs/full_cpu/runs/RUN_2025.06.16_16.44.08/tmp/merged.nom.lef --output-def /openlane/designs/full_cpu/runs/RUN_2025.06.16_16.44.08/results/routing/Main.def --output /openlane/designs/full_cpu/runs/RUN_2025.06.16_16.44.08/results/routing/Main.odb /openlane/designs/full_cpu/runs/RUN_2025.06.16_16.44.08/results/routing/Main.odb |& tee /dev/null /openlane/designs/full_cpu/runs/RUN_2025.06.16_16.44.08/logs/routing/24-wire_lengths.log}"

Mon Jun 16 16:49:32 +0000 2025 - Executing "openroad -exit /openlane/scripts/openroad/rcx.tcl |& tee /dev/null /openlane/designs/full_cpu/runs/RUN_2025.06.16_16.44.08/logs/signoff/25-parasitics_extraction.min.log"

Mon Jun 16 16:49:32 +0000 2025 - Executing "{openroad -exit /openlane/scripts/openroad/rcx.tcl |& tee /dev/null /openlane/designs/full_cpu/runs/RUN_2025.06.16_16.44.08/logs/signoff/25-parasitics_extraction.min.log}"

Mon Jun 16 16:49:34 +0000 2025 - Executing "sta -exit -no_init /openlane/scripts/openroad/sta/multi_corner.tcl |& tee /dev/null /openlane/designs/full_cpu/runs/RUN_2025.06.16_16.44.08/logs/signoff/26-rcx_mcsta.min.log"

Mon Jun 16 16:49:34 +0000 2025 - Executing "{sta -exit -no_init /openlane/scripts/openroad/sta/multi_corner.tcl |& tee /dev/null /openlane/designs/full_cpu/runs/RUN_2025.06.16_16.44.08/logs/signoff/26-rcx_mcsta.min.log}"

Mon Jun 16 16:49:42 +0000 2025 - Executing "openroad -exit /openlane/scripts/openroad/rcx.tcl |& tee /dev/null /openlane/designs/full_cpu/runs/RUN_2025.06.16_16.44.08/logs/signoff/27-parasitics_extraction.max.log"

Mon Jun 16 16:49:42 +0000 2025 - Executing "{openroad -exit /openlane/scripts/openroad/rcx.tcl |& tee /dev/null /openlane/designs/full_cpu/runs/RUN_2025.06.16_16.44.08/logs/signoff/27-parasitics_extraction.max.log}"

Mon Jun 16 16:49:44 +0000 2025 - Executing "sta -exit -no_init /openlane/scripts/openroad/sta/multi_corner.tcl |& tee /dev/null /openlane/designs/full_cpu/runs/RUN_2025.06.16_16.44.08/logs/signoff/28-rcx_mcsta.max.log"

Mon Jun 16 16:49:44 +0000 2025 - Executing "{sta -exit -no_init /openlane/scripts/openroad/sta/multi_corner.tcl |& tee /dev/null /openlane/designs/full_cpu/runs/RUN_2025.06.16_16.44.08/logs/signoff/28-rcx_mcsta.max.log}"

Mon Jun 16 16:49:53 +0000 2025 - Executing "openroad -exit /openlane/scripts/openroad/rcx.tcl |& tee /dev/null /openlane/designs/full_cpu/runs/RUN_2025.06.16_16.44.08/logs/signoff/29-parasitics_extraction.nom.log"

Mon Jun 16 16:49:53 +0000 2025 - Executing "{openroad -exit /openlane/scripts/openroad/rcx.tcl |& tee /dev/null /openlane/designs/full_cpu/runs/RUN_2025.06.16_16.44.08/logs/signoff/29-parasitics_extraction.nom.log}"

Mon Jun 16 16:49:55 +0000 2025 - Executing "sta -exit -no_init /openlane/scripts/openroad/sta/multi_corner.tcl |& tee /dev/null /openlane/designs/full_cpu/runs/RUN_2025.06.16_16.44.08/logs/signoff/30-rcx_mcsta.nom.log"

Mon Jun 16 16:49:55 +0000 2025 - Executing "{sta -exit -no_init /openlane/scripts/openroad/sta/multi_corner.tcl |& tee /dev/null /openlane/designs/full_cpu/runs/RUN_2025.06.16_16.44.08/logs/signoff/30-rcx_mcsta.nom.log}"

Mon Jun 16 16:50:04 +0000 2025 - Executing "openroad -exit /openlane/scripts/openroad/irdrop.tcl |& tee /dev/null /openlane/designs/full_cpu/runs/RUN_2025.06.16_16.44.08/logs/signoff/31-irdrop.log"

Mon Jun 16 16:50:04 +0000 2025 - Executing "{openroad -exit /openlane/scripts/openroad/irdrop.tcl |& tee /dev/null /openlane/designs/full_cpu/runs/RUN_2025.06.16_16.44.08/logs/signoff/31-irdrop.log}"

Mon Jun 16 16:50:06 +0000 2025 - Executing "magic -noconsole -dnull -rcfile /root/.volare/sky130A/libs.tech/magic/sky130A.magicrc < /openlane/scripts/magic/wrapper.tcl |& tee /dev/null /openlane/designs/full_cpu/runs/RUN_2025.06.16_16.44.08/logs/signoff/32-gdsii.log"

Mon Jun 16 16:50:06 +0000 2025 - Executing "{magic -noconsole -dnull -rcfile /root/.volare/sky130A/libs.tech/magic/sky130A.magicrc < /openlane/scripts/magic/wrapper.tcl |& tee /dev/null /openlane/designs/full_cpu/runs/RUN_2025.06.16_16.44.08/logs/signoff/32-gdsii.log}"

Mon Jun 16 16:50:08 +0000 2025 - Executing "magic -noconsole -dnull -rcfile /root/.volare/sky130A/libs.tech/magic/sky130A.magicrc < /openlane/scripts/magic/wrapper.tcl |& tee /dev/null /openlane/designs/full_cpu/runs/RUN_2025.06.16_16.44.08/logs/signoff/32-gds_ptrs.log"

Mon Jun 16 16:50:08 +0000 2025 - Executing "{magic -noconsole -dnull -rcfile /root/.volare/sky130A/libs.tech/magic/sky130A.magicrc < /openlane/scripts/magic/wrapper.tcl |& tee /dev/null /openlane/designs/full_cpu/runs/RUN_2025.06.16_16.44.08/logs/signoff/32-gds_ptrs.log}"

Mon Jun 16 16:50:09 +0000 2025 - Executing "{sed -i.bak -n {/^<< properties >>/,/^<< end >>/p} /openlane/designs/full_cpu/runs/RUN_2025.06.16_16.44.08/tmp/signoff/gds_ptrs.mag}"

Mon Jun 16 16:50:10 +0000 2025 - Executing "magic -noconsole -dnull -rcfile /root/.volare/sky130A/libs.tech/magic/sky130A.magicrc < /openlane/scripts/magic/wrapper.tcl |& tee /dev/null /openlane/designs/full_cpu/runs/RUN_2025.06.16_16.44.08/logs/signoff/32-lef.log"

Mon Jun 16 16:50:10 +0000 2025 - Executing "{magic -noconsole -dnull -rcfile /root/.volare/sky130A/libs.tech/magic/sky130A.magicrc < /openlane/scripts/magic/wrapper.tcl |& tee /dev/null /openlane/designs/full_cpu/runs/RUN_2025.06.16_16.44.08/logs/signoff/32-lef.log}"

Mon Jun 16 16:50:11 +0000 2025 - Executing "magic -noconsole -dnull -rcfile /root/.volare/sky130A/libs.tech/magic/sky130A.magicrc < /openlane/scripts/magic/wrapper.tcl |& tee /dev/null /openlane/designs/full_cpu/runs/RUN_2025.06.16_16.44.08/logs/signoff/32-maglef.log"

Mon Jun 16 16:50:11 +0000 2025 - Executing "{magic -noconsole -dnull -rcfile /root/.volare/sky130A/libs.tech/magic/sky130A.magicrc < /openlane/scripts/magic/wrapper.tcl |& tee /dev/null /openlane/designs/full_cpu/runs/RUN_2025.06.16_16.44.08/logs/signoff/32-maglef.log}"

Mon Jun 16 16:50:12 +0000 2025 - Executing "{python3 /openlane/scripts/klayout/stream_out.py --output /openlane/designs/full_cpu/runs/RUN_2025.06.16_16.44.08/results/signoff/Main.klayout.gds --lyt /root/.volare/sky130A/libs.tech/klayout/tech/sky130A.lyt --lym /root/.volare/sky130A/libs.tech/klayout/tech/sky130A.map --lyp /root/.volare/sky130A/libs.tech/klayout/tech/sky130A.lyp --top Main --with-gds-file /root/.volare/sky130A/libs.ref/sky130_fd_sc_hd/gds/sky130_fd_sc_hd.gds --input-lef /openlane/designs/full_cpu/runs/RUN_2025.06.16_16.44.08/tmp/merged.nom.lef /openlane/designs/full_cpu/runs/RUN_2025.06.16_16.44.08/results/routing/Main.def |& tee /dev/null /openlane/designs/full_cpu/runs/RUN_2025.06.16_16.44.08/logs/signoff/33-gdsii-klayout.log}"

Mon Jun 16 16:50:13 +0000 2025 - Executing "{klayout -b -r /openlane/scripts/klayout/xor.drc -rd a=/openlane/designs/full_cpu/runs/RUN_2025.06.16_16.44.08/results/signoff/Main.gds -rd b=/openlane/designs/full_cpu/runs/RUN_2025.06.16_16.44.08/results/signoff/Main.klayout.gds -rd jobs=1 -rd rdb_out=/openlane/designs/full_cpu/runs/RUN_2025.06.16_16.44.08/reports/signoff/34-xor.xml -rd ignore=81/14 -rd rpt_out=/openlane/designs/full_cpu/runs/RUN_2025.06.16_16.44.08/reports/signoff/34-xor.rpt |& tee /dev/null /openlane/designs/full_cpu/runs/RUN_2025.06.16_16.44.08/logs/signoff/34-xor.log}"

Mon Jun 16 16:50:18 +0000 2025 - Executing "magic -noconsole -dnull -rcfile /root/.volare/sky130A/libs.tech/magic/sky130A.magicrc < /openlane/scripts/magic/wrapper.tcl |& tee /dev/null /openlane/designs/full_cpu/runs/RUN_2025.06.16_16.44.08/logs/signoff/35-spice.log"

Mon Jun 16 16:50:18 +0000 2025 - Executing "{magic -noconsole -dnull -rcfile /root/.volare/sky130A/libs.tech/magic/sky130A.magicrc < /openlane/scripts/magic/wrapper.tcl |& tee /dev/null /openlane/designs/full_cpu/runs/RUN_2025.06.16_16.44.08/logs/signoff/35-spice.log}"

Mon Jun 16 16:50:22 +0000 2025 - Executing "{openroad -exit -no_init -python /openlane/scripts/odbpy/power_utils.py write_powered_def --output /openlane/designs/full_cpu/runs/RUN_2025.06.16_16.44.08/tmp/signoff/35-Main.p.def --input-lef /openlane/designs/full_cpu/runs/RUN_2025.06.16_16.44.08/tmp/merged.nom.lef --power-port VPWR --ground-port VGND --powered-netlist {} /openlane/designs/full_cpu/runs/RUN_2025.06.16_16.44.08/results/routing/Main.def |& tee /dev/null /openlane/designs/full_cpu/runs/RUN_2025.06.16_16.44.08/logs/signoff/36-write_powered_def.log}"

Mon Jun 16 16:50:23 +0000 2025 - Executing "openroad -exit /openlane/scripts/openroad/write_views.tcl |& tee /dev/null /openlane/designs/full_cpu/runs/RUN_2025.06.16_16.44.08/logs/signoff/36-write_powered_verilog.log"

Mon Jun 16 16:50:23 +0000 2025 - Executing "{openroad -exit /openlane/scripts/openroad/write_views.tcl |& tee /dev/null /openlane/designs/full_cpu/runs/RUN_2025.06.16_16.44.08/logs/signoff/36-write_powered_verilog.log}"

Mon Jun 16 16:50:24 +0000 2025 - Executing "{sed -i.bak -e {s/\(set ::env(CURRENT_NETLIST)\).*/\1 \/openlane\/designs\/full_cpu\/runs\/RUN_2025.06.16_16.44.08\/tmp\/signoff\/35-Main.nl.v/} /openlane/designs/full_cpu/runs/RUN_2025.06.16_16.44.08/config.tcl}"

Mon Jun 16 16:50:24 +0000 2025 - Executing "{netgen -batch source /openlane/designs/full_cpu/runs/RUN_2025.06.16_16.44.08/tmp/signoff/38-setup_file.lef.lvs |& tee /dev/null /openlane/designs/full_cpu/runs/RUN_2025.06.16_16.44.08/logs/signoff/38-lvs.lef.log}"

Mon Jun 16 16:50:26 +0000 2025 - Executing "magic -noconsole -dnull -rcfile /root/.volare/sky130A/libs.tech/magic/sky130A.magicrc < /openlane/scripts/magic/wrapper.tcl |& tee /dev/null /openlane/designs/full_cpu/runs/RUN_2025.06.16_16.44.08/logs/signoff/39-drc.log"

Mon Jun 16 16:50:26 +0000 2025 - Executing "{magic -noconsole -dnull -rcfile /root/.volare/sky130A/libs.tech/magic/sky130A.magicrc < /openlane/scripts/magic/wrapper.tcl |& tee /dev/null /openlane/designs/full_cpu/runs/RUN_2025.06.16_16.44.08/logs/signoff/39-drc.log}"

Mon Jun 16 16:50:37 +0000 2025 - Executing "{python3 /openlane/scripts/drc_rosetta.py magic to_tcl -o /openlane/designs/full_cpu/runs/RUN_2025.06.16_16.44.08/reports/signoff/drc.tcl /openlane/designs/full_cpu/runs/RUN_2025.06.16_16.44.08/reports/signoff/drc.rpt}"

Mon Jun 16 16:50:37 +0000 2025 - Executing "{python3 /openlane/scripts/drc_rosetta.py magic to_tr -o /openlane/designs/full_cpu/runs/RUN_2025.06.16_16.44.08/reports/signoff/drc.tr /openlane/designs/full_cpu/runs/RUN_2025.06.16_16.44.08/reports/signoff/drc.rpt}"

Mon Jun 16 16:50:37 +0000 2025 - Executing "{python3 /openlane/scripts/drc_rosetta.py tr to_klayout -o /openlane/designs/full_cpu/runs/RUN_2025.06.16_16.44.08/reports/signoff/drc.klayout.xml --design-name Main /openlane/designs/full_cpu/runs/RUN_2025.06.16_16.44.08/reports/signoff/drc.tr}"

Mon Jun 16 16:50:37 +0000 2025 - Executing "{python3 /openlane/scripts/drc_rosetta.py magic to_rdb -o /openlane/designs/full_cpu/runs/RUN_2025.06.16_16.44.08/reports/signoff/drc.rdb /openlane/designs/full_cpu/runs/RUN_2025.06.16_16.44.08/reports/signoff/drc.rpt}"

Mon Jun 16 16:50:38 +0000 2025 - Executing "{klayout -b -zz -r /root/.volare/sky130A/libs.tech/klayout/drc/sky130A_mr.drc -rd topcell=Main -rd input=/openlane/designs/full_cpu/runs/RUN_2025.06.16_16.44.08/results/signoff/Main.gds -rd report=/openlane/designs/full_cpu/runs/RUN_2025.06.16_16.44.08/reports/signoff/violations.xml -rd feol=true -rd beol=true -rd floating_metal=false -rd seal=true -rd thread=1 |& tee /dev/null /openlane/designs/full_cpu/runs/RUN_2025.06.16_16.44.08/logs/signoff/40-drc-klayout.log}"

Mon Jun 16 16:50:55 +0000 2025 - Executing "{python3 /openlane/scripts/klayout/xml_drc_report_to_json.py --xml-file /openlane/designs/full_cpu/runs/RUN_2025.06.16_16.44.08/reports/signoff/violations.xml --json-file /openlane/designs/full_cpu/runs/RUN_2025.06.16_16.44.08/reports/signoff/violations.json}"

Mon Jun 16 16:50:55 +0000 2025 - Executing "openroad -exit /openlane/scripts/openroad/antenna_check.tcl |& tee /dev/null /openlane/designs/full_cpu/runs/RUN_2025.06.16_16.44.08/logs/signoff/41-arc.log"

Mon Jun 16 16:50:55 +0000 2025 - Executing "{openroad -exit /openlane/scripts/openroad/antenna_check.tcl |& tee /dev/null /openlane/designs/full_cpu/runs/RUN_2025.06.16_16.44.08/logs/signoff/41-arc.log}"

Mon Jun 16 16:50:56 +0000 2025 - Executing "{python3 /openlane/scripts/extract_antenna_violators.py --output /openlane/designs/full_cpu/runs/RUN_2025.06.16_16.44.08/reports/signoff/41-antenna_violators.rpt --plain-out /openlane/designs/full_cpu/runs/RUN_2025.06.16_16.44.08/reports/signoff/41-antenna_violators_pins.txt /openlane/designs/full_cpu/runs/RUN_2025.06.16_16.44.08/logs/signoff/41-arc.log}"

Mon Jun 16 16:50:57 +0000 2025 - Executing "{python3 /openlane/scripts/write_runtime.py --conclude --seconds --time-in 1750092657 {flow completed}}"

Mon Jun 16 16:50:57 +0000 2025 - Executing "{python3 /openlane/scripts/generate_reports.py -d /openlane/designs/full_cpu --design_name Main --tag RUN_2025.06.16_16.44.08 --output_file /openlane/designs/full_cpu/runs/RUN_2025.06.16_16.44.08/reports/metrics.csv --man_report /openlane/designs/full_cpu/runs/RUN_2025.06.16_16.44.08/reports/manufacturability.rpt --run_path /openlane/designs/full_cpu/runs/RUN_2025.06.16_16.44.08}"

