
===========================================================================
report_checks -unconstrained
===========================================================================
======================= Fastest Corner ===================================

Startpoint: a[2] (input port clocked by __VIRTUAL_CLK__)
Endpoint: z[7] (output port clocked by __VIRTUAL_CLK__)
Path Group: __VIRTUAL_CLK__
Path Type: max
Corner: Fastest

Fanout     Cap    Slew   Delay    Time   Description
-----------------------------------------------------------------------------
                  0.00    0.00    0.00   clock __VIRTUAL_CLK__ (rise edge)
                          0.00    0.00   clock network delay (ideal)
                          2.00    2.00 ^ input external delay
     1    0.01    0.02    0.02    2.02 ^ a[2] (in)
                                         a[2] (net)
                  0.02    0.00    2.02 ^ input3/A (sky130_fd_sc_hd__buf_6)
     5    0.09    0.14    0.14    2.16 ^ input3/X (sky130_fd_sc_hd__buf_6)
                                         net3 (net)
                  0.14    0.00    2.16 ^ _284_/A (sky130_fd_sc_hd__clkbuf_16)
     5    0.13    0.11    0.17    2.34 ^ _284_/X (sky130_fd_sc_hd__clkbuf_16)
                                         _213_ (net)
                  0.11    0.02    2.35 ^ _285_/B1 (sky130_fd_sc_hd__a22o_1)
     1    0.03    0.19    0.20    2.56 ^ _285_/X (sky130_fd_sc_hd__a22o_1)
                                         _214_ (net)
                  0.19    0.00    2.56 ^ _286_/B (sky130_fd_sc_hd__and4b_4)
     2    0.07    0.19    0.29    2.84 ^ _286_/X (sky130_fd_sc_hd__and4b_4)
                                         _215_ (net)
                  0.19    0.00    2.85 ^ _312_/B (sky130_fd_sc_hd__nor2_8)
     2    0.06    0.10    0.05    2.90 v _312_/Y (sky130_fd_sc_hd__nor2_8)
                                         _240_ (net)
                  0.10    0.01    2.91 v _313_/B (sky130_fd_sc_hd__xnor2_4)
     2    0.05    0.29    0.27    3.19 ^ _313_/Y (sky130_fd_sc_hd__xnor2_4)
                                         _241_ (net)
                  0.29    0.01    3.19 ^ rebuffer4/A (sky130_fd_sc_hd__dlymetal6s2s_1)
     1    0.03    0.27    0.26    3.45 ^ rebuffer4/X (sky130_fd_sc_hd__dlymetal6s2s_1)
                                         net35 (net)
                  0.27    0.01    3.46 ^ _315_/B1 (sky130_fd_sc_hd__a21oi_4)
     1    0.07    0.12    0.08    3.54 v _315_/Y (sky130_fd_sc_hd__a21oi_4)
                                         _001_ (net)
                  0.13    0.02    3.56 v _316_/B (sky130_fd_sc_hd__nor2_8)
     4    0.11    0.30    0.28    3.84 ^ _316_/Y (sky130_fd_sc_hd__nor2_8)
                                         _002_ (net)
                  0.30    0.00    3.85 ^ _318_/B (sky130_fd_sc_hd__nand2_4)
     3    0.07    0.13    0.13    3.97 v _318_/Y (sky130_fd_sc_hd__nand2_4)
                                         _004_ (net)
                  0.13    0.01    3.98 v _388_/C (sky130_fd_sc_hd__nor4b_4)
     2    0.03    0.36    0.36    4.34 ^ _388_/Y (sky130_fd_sc_hd__nor4b_4)
                                         _072_ (net)
                  0.36    0.00    4.34 ^ max_cap28/A (sky130_fd_sc_hd__buf_6)
     3    0.02    0.05    0.10    4.44 ^ max_cap28/X (sky130_fd_sc_hd__buf_6)
                                         net28 (net)
                  0.05    0.00    4.44 ^ _457_/A1 (sky130_fd_sc_hd__a21o_4)
     2    0.05    0.10    0.13    4.57 ^ _457_/X (sky130_fd_sc_hd__a21o_4)
                                         _139_ (net)
                  0.10    0.00    4.57 ^ _484_/A (sky130_fd_sc_hd__nand2_2)
     1    0.04    0.13    0.10    4.68 v _484_/Y (sky130_fd_sc_hd__nand2_2)
                                         _166_ (net)
                  0.13    0.00    4.68 v _490_/A2 (sky130_fd_sc_hd__a21o_4)
     1    0.05    0.06    0.23    4.91 v _490_/X (sky130_fd_sc_hd__a21o_4)
                                         _172_ (net)
                  0.07    0.00    4.91 v _491_/B1 (sky130_fd_sc_hd__a21o_4)
     1    0.03    0.04    0.12    5.03 v _491_/X (sky130_fd_sc_hd__a21o_4)
                                         net27 (net)
                  0.04    0.00    5.04 v output27/A (sky130_fd_sc_hd__buf_6)
     1    0.03    0.03    0.10    5.14 v output27/X (sky130_fd_sc_hd__buf_6)
                                         z[7] (net)
                  0.03    0.00    5.14 v z[7] (out)
                                  5.14   data arrival time

                  0.00   10.00   10.00   clock __VIRTUAL_CLK__ (rise edge)
                          0.00   10.00   clock network delay (ideal)
                         -0.25    9.75   clock uncertainty
                          0.00    9.75   clock reconvergence pessimism
                         -2.00    7.75   output external delay
                                  7.75   data required time
-----------------------------------------------------------------------------
                                  7.75   data required time
                                 -5.14   data arrival time
-----------------------------------------------------------------------------
                                  2.61   slack (MET)



======================= Slowest Corner ===================================

Startpoint: b[1] (input port clocked by __VIRTUAL_CLK__)
Endpoint: z[7] (output port clocked by __VIRTUAL_CLK__)
Path Group: __VIRTUAL_CLK__
Path Type: max
Corner: Slowest

Fanout     Cap    Slew   Delay    Time   Description
-----------------------------------------------------------------------------
                  0.00    0.00    0.00   clock __VIRTUAL_CLK__ (rise edge)
                          0.00    0.00   clock network delay (ideal)
                          2.00    2.00 v input external delay
     1    0.01    0.04    0.03    2.03 v b[1] (in)
                                         b[1] (net)
                  0.04    0.00    2.03 v input10/A (sky130_fd_sc_hd__buf_8)
     2    0.04    0.08    0.25    2.27 v input10/X (sky130_fd_sc_hd__buf_8)
                                         net10 (net)
                  0.08    0.01    2.28 v fanout1/A (sky130_fd_sc_hd__buf_12)
    10    0.12    0.13    0.31    2.59 v fanout1/X (sky130_fd_sc_hd__buf_12)
                                         net83 (net)
                  0.13    0.01    2.60 v _258_/A (sky130_fd_sc_hd__buf_12)
     5    0.09    0.10    0.32    2.92 v _258_/X (sky130_fd_sc_hd__buf_12)
                                         _188_ (net)
                  0.10    0.01    2.92 v _309_/A1 (sky130_fd_sc_hd__a22oi_4)
     2    0.05    0.66    0.67    3.59 ^ _309_/Y (sky130_fd_sc_hd__a22oi_4)
                                         _237_ (net)
                  0.66    0.01    3.60 ^ _310_/A (sky130_fd_sc_hd__nor2_4)
     1    0.04    0.20    0.37    3.97 v _310_/Y (sky130_fd_sc_hd__nor2_4)
                                         _238_ (net)
                  0.21    0.01    3.98 v _311_/A (sky130_fd_sc_hd__xnor2_4)
     2    0.06    0.70    0.74    4.71 ^ _311_/Y (sky130_fd_sc_hd__xnor2_4)
                                         _239_ (net)
                  0.70    0.01    4.72 ^ _313_/A (sky130_fd_sc_hd__xnor2_4)
     2    0.05    0.59    0.55    5.27 ^ _313_/Y (sky130_fd_sc_hd__xnor2_4)
                                         _241_ (net)
                  0.59    0.01    5.27 ^ rebuffer4/A (sky130_fd_sc_hd__dlymetal6s2s_1)
     1    0.03    0.54    0.72    5.99 ^ rebuffer4/X (sky130_fd_sc_hd__dlymetal6s2s_1)
                                         net35 (net)
                  0.54    0.01    5.99 ^ _315_/B1 (sky130_fd_sc_hd__a21oi_4)
     1    0.07    0.31    0.35    6.35 v _315_/Y (sky130_fd_sc_hd__a21oi_4)
                                         _001_ (net)
                  0.31    0.02    6.36 v _316_/B (sky130_fd_sc_hd__nor2_8)
     4    0.11    0.64    0.66    7.03 ^ _316_/Y (sky130_fd_sc_hd__nor2_8)
                                         _002_ (net)
                  0.64    0.00    7.03 ^ _318_/B (sky130_fd_sc_hd__nand2_4)
     3    0.07    0.33    0.50    7.53 v _318_/Y (sky130_fd_sc_hd__nand2_4)
                                         _004_ (net)
                  0.33    0.01    7.53 v _388_/C (sky130_fd_sc_hd__nor4b_4)
     2    0.03    0.81    0.90    8.43 ^ _388_/Y (sky130_fd_sc_hd__nor4b_4)
                                         _072_ (net)
                  0.81    0.00    8.44 ^ max_cap28/A (sky130_fd_sc_hd__buf_6)
     3    0.02    0.10    0.46    8.90 ^ max_cap28/X (sky130_fd_sc_hd__buf_6)
                                         net28 (net)
                  0.10    0.00    8.90 ^ _457_/A1 (sky130_fd_sc_hd__a21o_4)
     2    0.05    0.22    0.38    9.28 ^ _457_/X (sky130_fd_sc_hd__a21o_4)
                                         _139_ (net)
                  0.22    0.00    9.28 ^ _484_/A (sky130_fd_sc_hd__nand2_2)
     1    0.04    0.34    0.36    9.64 v _484_/Y (sky130_fd_sc_hd__nand2_2)
                                         _166_ (net)
                  0.34    0.00    9.64 v _490_/A2 (sky130_fd_sc_hd__a21o_4)
     1    0.05    0.15    0.64   10.28 v _490_/X (sky130_fd_sc_hd__a21o_4)
                                         _172_ (net)
                  0.15    0.00   10.28 v _491_/B1 (sky130_fd_sc_hd__a21o_4)
     1    0.03    0.10    0.45   10.73 v _491_/X (sky130_fd_sc_hd__a21o_4)
                                         net27 (net)
                  0.10    0.00   10.73 v output27/A (sky130_fd_sc_hd__buf_6)
     1    0.03    0.08    0.28   11.01 v output27/X (sky130_fd_sc_hd__buf_6)
                                         z[7] (net)
                  0.08    0.00   11.01 v z[7] (out)
                                 11.01   data arrival time

                  0.00   10.00   10.00   clock __VIRTUAL_CLK__ (rise edge)
                          0.00   10.00   clock network delay (ideal)
                         -0.25    9.75   clock uncertainty
                          0.00    9.75   clock reconvergence pessimism
                         -2.00    7.75   output external delay
                                  7.75   data required time
-----------------------------------------------------------------------------
                                  7.75   data required time
                                -11.01   data arrival time
-----------------------------------------------------------------------------
                                 -3.26   slack (VIOLATED)



======================= Typical Corner ===================================

Startpoint: b[1] (input port clocked by __VIRTUAL_CLK__)
Endpoint: z[7] (output port clocked by __VIRTUAL_CLK__)
Path Group: __VIRTUAL_CLK__
Path Type: max
Corner: Typical

Fanout     Cap    Slew   Delay    Time   Description
-----------------------------------------------------------------------------
                  0.00    0.00    0.00   clock __VIRTUAL_CLK__ (rise edge)
                          0.00    0.00   clock network delay (ideal)
                          2.00    2.00 v input external delay
     1    0.01    0.02    0.01    2.01 v b[1] (in)
                                         b[1] (net)
                  0.02    0.00    2.01 v input10/A (sky130_fd_sc_hd__buf_8)
     2    0.04    0.05    0.13    2.15 v input10/X (sky130_fd_sc_hd__buf_8)
                                         net10 (net)
                  0.05    0.01    2.15 v fanout1/A (sky130_fd_sc_hd__buf_12)
    10    0.12    0.08    0.17    2.32 v fanout1/X (sky130_fd_sc_hd__buf_12)
                                         net83 (net)
                  0.08    0.01    2.34 v _258_/A (sky130_fd_sc_hd__buf_12)
     5    0.09    0.06    0.18    2.51 v _258_/X (sky130_fd_sc_hd__buf_12)
                                         _188_ (net)
                  0.06    0.01    2.52 v _309_/A1 (sky130_fd_sc_hd__a22oi_4)
     2    0.05    0.42    0.40    2.92 ^ _309_/Y (sky130_fd_sc_hd__a22oi_4)
                                         _237_ (net)
                  0.42    0.01    2.93 ^ _310_/A (sky130_fd_sc_hd__nor2_4)
     1    0.04    0.13    0.16    3.09 v _310_/Y (sky130_fd_sc_hd__nor2_4)
                                         _238_ (net)
                  0.13    0.01    3.09 v _311_/A (sky130_fd_sc_hd__xnor2_4)
     2    0.06    0.45    0.46    3.55 ^ _311_/Y (sky130_fd_sc_hd__xnor2_4)
                                         _239_ (net)
                  0.45    0.01    3.55 ^ _313_/A (sky130_fd_sc_hd__xnor2_4)
     2    0.05    0.38    0.26    3.82 ^ _313_/Y (sky130_fd_sc_hd__xnor2_4)
                                         _241_ (net)
                  0.38    0.01    3.82 ^ rebuffer4/A (sky130_fd_sc_hd__dlymetal6s2s_1)
     1    0.03    0.35    0.39    4.21 ^ rebuffer4/X (sky130_fd_sc_hd__dlymetal6s2s_1)
                                         net35 (net)
                  0.35    0.01    4.22 ^ _315_/B1 (sky130_fd_sc_hd__a21oi_4)
     1    0.07    0.17    0.16    4.38 v _315_/Y (sky130_fd_sc_hd__a21oi_4)
                                         _001_ (net)
                  0.17    0.02    4.40 v _316_/B (sky130_fd_sc_hd__nor2_8)
     4    0.11    0.41    0.40    4.79 ^ _316_/Y (sky130_fd_sc_hd__nor2_8)
                                         _002_ (net)
                  0.41    0.00    4.80 ^ _318_/B (sky130_fd_sc_hd__nand2_4)
     3    0.07    0.18    0.23    5.03 v _318_/Y (sky130_fd_sc_hd__nand2_4)
                                         _004_ (net)
                  0.18    0.01    5.03 v _388_/C (sky130_fd_sc_hd__nor4b_4)
     2    0.03    0.50    0.52    5.55 ^ _388_/Y (sky130_fd_sc_hd__nor4b_4)
                                         _072_ (net)
                  0.50    0.00    5.55 ^ max_cap28/A (sky130_fd_sc_hd__buf_6)
     3    0.02    0.06    0.20    5.75 ^ max_cap28/X (sky130_fd_sc_hd__buf_6)
                                         net28 (net)
                  0.06    0.00    5.75 ^ _457_/A1 (sky130_fd_sc_hd__a21o_4)
     2    0.05    0.14    0.20    5.95 ^ _457_/X (sky130_fd_sc_hd__a21o_4)
                                         _139_ (net)
                  0.14    0.00    5.96 ^ _484_/A (sky130_fd_sc_hd__nand2_2)
     1    0.04    0.17    0.17    6.13 v _484_/Y (sky130_fd_sc_hd__nand2_2)
                                         _166_ (net)
                  0.17    0.00    6.13 v _490_/A2 (sky130_fd_sc_hd__a21o_4)
     1    0.05    0.09    0.34    6.47 v _490_/X (sky130_fd_sc_hd__a21o_4)
                                         _172_ (net)
                  0.09    0.00    6.47 v _491_/B1 (sky130_fd_sc_hd__a21o_4)
     1    0.03    0.06    0.24    6.71 v _491_/X (sky130_fd_sc_hd__a21o_4)
                                         net27 (net)
                  0.06    0.00    6.72 v output27/A (sky130_fd_sc_hd__buf_6)
     1    0.03    0.04    0.15    6.87 v output27/X (sky130_fd_sc_hd__buf_6)
                                         z[7] (net)
                  0.04    0.00    6.87 v z[7] (out)
                                  6.87   data arrival time

                  0.00   10.00   10.00   clock __VIRTUAL_CLK__ (rise edge)
                          0.00   10.00   clock network delay (ideal)
                         -0.25    9.75   clock uncertainty
                          0.00    9.75   clock reconvergence pessimism
                         -2.00    7.75   output external delay
                                  7.75   data required time
-----------------------------------------------------------------------------
                                  7.75   data required time
                                 -6.87   data arrival time
-----------------------------------------------------------------------------
                                  0.88   slack (MET)




===========================================================================
report_checks --slack_max -0.01
============================================================================
======================= Fastest Corner ===================================

No paths found.

======================= Slowest Corner ===================================

Startpoint: b[1] (input port clocked by __VIRTUAL_CLK__)
Endpoint: z[7] (output port clocked by __VIRTUAL_CLK__)
Path Group: __VIRTUAL_CLK__
Path Type: max
Corner: Slowest

Fanout     Cap    Slew   Delay    Time   Description
-----------------------------------------------------------------------------
                  0.00    0.00    0.00   clock __VIRTUAL_CLK__ (rise edge)
                          0.00    0.00   clock network delay (ideal)
                          2.00    2.00 v input external delay
     1    0.01    0.04    0.03    2.03 v b[1] (in)
                                         b[1] (net)
                  0.04    0.00    2.03 v input10/A (sky130_fd_sc_hd__buf_8)
     2    0.04    0.08    0.25    2.27 v input10/X (sky130_fd_sc_hd__buf_8)
                                         net10 (net)
                  0.08    0.01    2.28 v fanout1/A (sky130_fd_sc_hd__buf_12)
    10    0.12    0.13    0.31    2.59 v fanout1/X (sky130_fd_sc_hd__buf_12)
                                         net83 (net)
                  0.13    0.01    2.60 v _258_/A (sky130_fd_sc_hd__buf_12)
     5    0.09    0.10    0.32    2.92 v _258_/X (sky130_fd_sc_hd__buf_12)
                                         _188_ (net)
                  0.10    0.01    2.92 v _309_/A1 (sky130_fd_sc_hd__a22oi_4)
     2    0.05    0.66    0.67    3.59 ^ _309_/Y (sky130_fd_sc_hd__a22oi_4)
                                         _237_ (net)
                  0.66    0.01    3.60 ^ _310_/A (sky130_fd_sc_hd__nor2_4)
     1    0.04    0.20    0.37    3.97 v _310_/Y (sky130_fd_sc_hd__nor2_4)
                                         _238_ (net)
                  0.21    0.01    3.98 v _311_/A (sky130_fd_sc_hd__xnor2_4)
     2    0.06    0.70    0.74    4.71 ^ _311_/Y (sky130_fd_sc_hd__xnor2_4)
                                         _239_ (net)
                  0.70    0.01    4.72 ^ _313_/A (sky130_fd_sc_hd__xnor2_4)
     2    0.05    0.59    0.55    5.27 ^ _313_/Y (sky130_fd_sc_hd__xnor2_4)
                                         _241_ (net)
                  0.59    0.01    5.27 ^ rebuffer4/A (sky130_fd_sc_hd__dlymetal6s2s_1)
     1    0.03    0.54    0.72    5.99 ^ rebuffer4/X (sky130_fd_sc_hd__dlymetal6s2s_1)
                                         net35 (net)
                  0.54    0.01    5.99 ^ _315_/B1 (sky130_fd_sc_hd__a21oi_4)
     1    0.07    0.31    0.35    6.35 v _315_/Y (sky130_fd_sc_hd__a21oi_4)
                                         _001_ (net)
                  0.31    0.02    6.36 v _316_/B (sky130_fd_sc_hd__nor2_8)
     4    0.11    0.64    0.66    7.03 ^ _316_/Y (sky130_fd_sc_hd__nor2_8)
                                         _002_ (net)
                  0.64    0.00    7.03 ^ _318_/B (sky130_fd_sc_hd__nand2_4)
     3    0.07    0.33    0.50    7.53 v _318_/Y (sky130_fd_sc_hd__nand2_4)
                                         _004_ (net)
                  0.33    0.01    7.53 v _388_/C (sky130_fd_sc_hd__nor4b_4)
     2    0.03    0.81    0.90    8.43 ^ _388_/Y (sky130_fd_sc_hd__nor4b_4)
                                         _072_ (net)
                  0.81    0.00    8.44 ^ max_cap28/A (sky130_fd_sc_hd__buf_6)
     3    0.02    0.10    0.46    8.90 ^ max_cap28/X (sky130_fd_sc_hd__buf_6)
                                         net28 (net)
                  0.10    0.00    8.90 ^ _457_/A1 (sky130_fd_sc_hd__a21o_4)
     2    0.05    0.22    0.38    9.28 ^ _457_/X (sky130_fd_sc_hd__a21o_4)
                                         _139_ (net)
                  0.22    0.00    9.28 ^ _484_/A (sky130_fd_sc_hd__nand2_2)
     1    0.04    0.34    0.36    9.64 v _484_/Y (sky130_fd_sc_hd__nand2_2)
                                         _166_ (net)
                  0.34    0.00    9.64 v _490_/A2 (sky130_fd_sc_hd__a21o_4)
     1    0.05    0.15    0.64   10.28 v _490_/X (sky130_fd_sc_hd__a21o_4)
                                         _172_ (net)
                  0.15    0.00   10.28 v _491_/B1 (sky130_fd_sc_hd__a21o_4)
     1    0.03    0.10    0.45   10.73 v _491_/X (sky130_fd_sc_hd__a21o_4)
                                         net27 (net)
                  0.10    0.00   10.73 v output27/A (sky130_fd_sc_hd__buf_6)
     1    0.03    0.08    0.28   11.01 v output27/X (sky130_fd_sc_hd__buf_6)
                                         z[7] (net)
                  0.08    0.00   11.01 v z[7] (out)
                                 11.01   data arrival time

                  0.00   10.00   10.00   clock __VIRTUAL_CLK__ (rise edge)
                          0.00   10.00   clock network delay (ideal)
                         -0.25    9.75   clock uncertainty
                          0.00    9.75   clock reconvergence pessimism
                         -2.00    7.75   output external delay
                                  7.75   data required time
-----------------------------------------------------------------------------
                                  7.75   data required time
                                -11.01   data arrival time
-----------------------------------------------------------------------------
                                 -3.26   slack (VIOLATED)



======================= Typical Corner ===================================

No paths found.


===========================================================================
 report_check_types -max_slew -max_cap -max_fanout -violators
============================================================================
======================= Fastest Corner ===================================

max fanout

Pin                                   Limit Fanout  Slack
---------------------------------------------------------
_263_/X                                  10     11        (VIOLATED)


max slew violations count Fastest: 0
max fanout violations count Fastest: 1
max cap violations count Fastest: 0
======================= Slowest Corner ===================================

max slew

Pin                                    Limit    Slew   Slack
------------------------------------------------------------
_390_/B                                 0.75    0.94   -0.19 (VIOLATED)
rebuffer19/X                            0.75    0.94   -0.19 (VIOLATED)
_390_/A                                 0.75    0.91   -0.16 (VIOLATED)
rebuffer26/X                            0.75    0.91   -0.16 (VIOLATED)
_357_/B1                                0.75    0.90   -0.15 (VIOLATED)
_389_/B1                                0.75    0.90   -0.15 (VIOLATED)
_356_/Y                                 0.75    0.90   -0.15 (VIOLATED)
_358_/C                                 0.75    0.90   -0.15 (VIOLATED)
_331_/C1                                0.75    0.84   -0.09 (VIOLATED)
_330_/Y                                 0.75    0.84   -0.09 (VIOLATED)
_406_/B1                                0.75    0.84   -0.09 (VIOLATED)
_405_/Y                                 0.75    0.84   -0.09 (VIOLATED)
_425_/B                                 0.75    0.82   -0.07 (VIOLATED)
_477_/A3                                0.75    0.82   -0.07 (VIOLATED)
_424_/X                                 0.75    0.82   -0.07 (VIOLATED)
max_cap28/A                             0.75    0.81   -0.06 (VIOLATED)
rebuffer14/A                            0.75    0.81   -0.06 (VIOLATED)
_388_/Y                                 0.75    0.81   -0.06 (VIOLATED)
_391_/B1                                0.75    0.79   -0.04 (VIOLATED)
_390_/Y                                 0.75    0.79   -0.04 (VIOLATED)
_316_/B                                 0.75    0.76   -0.01 (VIOLATED)
_315_/Y                                 0.75    0.76   -0.01 (VIOLATED)
_448_/C1                                0.75    0.75   -0.00 (VIOLATED)
ANTENNA_4/DIODE                         0.75    0.75   -0.00 (VIOLATED)
_447_/Y                                 0.75    0.75   -0.00 (VIOLATED)
_431_/A                                 0.75    0.75   -0.00 (VIOLATED)
_432_/B1                                0.75    0.75   -0.00 (VIOLATED)
_415_/Y                                 0.75    0.75   -0.00 (VIOLATED)

max fanout

Pin                                   Limit Fanout  Slack
---------------------------------------------------------
_263_/X                                  10     11        (VIOLATED)


max slew violations count Slowest: 28
max fanout violations count Slowest: 1
max cap violations count Slowest: 0
======================= Typical Corner ===================================

max fanout

Pin                                   Limit Fanout  Slack
---------------------------------------------------------
_263_/X                                  10     11        (VIOLATED)


max slew violations count Typical: 0
max fanout violations count Typical: 1
max cap violations count Typical: 0

===========================================================================
report_parasitic_annotation -report_unannotated
============================================================================
Found 0 unannotated drivers.
Found 0 partially unannotated drivers.

===========================================================================
max slew violation count 28
max fanout violation count 1
max cap violation count 0
============================================================================

===========================================================================
check_setup -verbose -unconstrained_endpoints -multiple_clock -no_clock -no_input_delay -loops -generated_clocks
===========================================================================
