
===========================================================================
 report_power
============================================================================
======================= Fastest Corner ===================================

Group                  Internal  Switching    Leakage      Total
                          Power      Power      Power      Power (Watts)
----------------------------------------------------------------
Sequential             0.00e+00   0.00e+00   0.00e+00   0.00e+00   0.0%
Combinational          1.88e-04   5.24e-04   6.20e-09   7.13e-04 100.0%
Clock                 -9.06e-10   0.00e+00   4.38e-09   3.48e-09   0.0%
Macro                  0.00e+00   0.00e+00   0.00e+00   0.00e+00   0.0%
Pad                    0.00e+00   0.00e+00   0.00e+00   0.00e+00   0.0%
----------------------------------------------------------------
Total                  1.88e-04   5.24e-04   1.06e-08   7.13e-04 100.0%
                          26.4%      73.6%       0.0%

======================= Slowest Corner ===================================

Group                  Internal  Switching    Leakage      Total
                          Power      Power      Power      Power (Watts)
----------------------------------------------------------------
Sequential             0.00e+00   0.00e+00   0.00e+00   0.00e+00   0.0%
Combinational          1.25e-04   3.53e-04   2.64e-06   4.80e-04 100.0%
Clock                 -4.03e-10   0.00e+00   4.42e-09   4.01e-09   0.0%
Macro                  0.00e+00   0.00e+00   0.00e+00   0.00e+00   0.0%
Pad                    0.00e+00   0.00e+00   0.00e+00   0.00e+00   0.0%
----------------------------------------------------------------
Total                  1.25e-04   3.53e-04   2.64e-06   4.80e-04 100.0%
                          26.0%      73.4%       0.6%

======================= Typical Corner ===================================

Group                  Internal  Switching    Leakage      Total
                          Power      Power      Power      Power (Watts)
----------------------------------------------------------------
Sequential             0.00e+00   0.00e+00   0.00e+00   0.00e+00   0.0%
Combinational          1.67e-04   4.47e-04   1.85e-09   6.14e-04 100.0%
Clock                 -1.45e-10   0.00e+00   4.38e-09   4.24e-09   0.0%
Macro                  0.00e+00   0.00e+00   0.00e+00   0.00e+00   0.0%
Pad                    0.00e+00   0.00e+00   0.00e+00   0.00e+00   0.0%
----------------------------------------------------------------
Total                  1.67e-04   4.47e-04   6.23e-09   6.14e-04 100.0%
                          27.3%      72.7%       0.0%

