
===========================================================================
 report_power
============================================================================
======================= Fastest Corner ===================================

Group                  Internal  Switching    Leakage      Total
                          Power      Power      Power      Power (Watts)
----------------------------------------------------------------
Sequential             2.04e-03   0.00e+00   7.77e-09   2.04e-03  60.8%
Combinational          7.59e-07   1.53e-06   1.47e-08   2.31e-06   0.1%
Clock                  4.69e-04   8.42e-04   3.85e-09   1.31e-03  39.1%
Macro                  0.00e+00   0.00e+00   0.00e+00   0.00e+00   0.0%
Pad                    0.00e+00   0.00e+00   0.00e+00   0.00e+00   0.0%
----------------------------------------------------------------
Total                  2.51e-03   8.43e-04   2.63e-08   3.35e-03 100.0%
                          74.8%      25.2%       0.0%

======================= Slowest Corner ===================================

Group                  Internal  Switching    Leakage      Total
                          Power      Power      Power      Power (Watts)
----------------------------------------------------------------
Sequential             1.35e-03   0.00e+00   7.20e-06   1.36e-03  60.4%
Combinational          5.14e-07   9.99e-07   1.48e-05   1.63e-05   0.7%
Clock                  3.32e-04   5.41e-04   6.04e-07   8.74e-04  38.8%
Macro                  0.00e+00   0.00e+00   0.00e+00   0.00e+00   0.0%
Pad                    0.00e+00   0.00e+00   0.00e+00   0.00e+00   0.0%
----------------------------------------------------------------
Total                  1.68e-03   5.42e-04   2.26e-05   2.25e-03 100.0%
                          74.9%      24.1%       1.0%

======================= Typical Corner ===================================

Group                  Internal  Switching    Leakage      Total
                          Power      Power      Power      Power (Watts)
----------------------------------------------------------------
Sequential             1.75e-03   0.00e+00   4.28e-09   1.75e-03  61.1%
Combinational          6.33e-07   1.30e-06   1.13e-08   1.94e-06   0.1%
Clock                  4.08e-04   7.08e-04   2.41e-09   1.12e-03  38.9%
Macro                  0.00e+00   0.00e+00   0.00e+00   0.00e+00   0.0%
Pad                    0.00e+00   0.00e+00   0.00e+00   0.00e+00   0.0%
----------------------------------------------------------------
Total                  2.16e-03   7.09e-04   1.80e-08   2.87e-03 100.0%
                          75.3%      24.7%       0.0%

