
===========================================================================
 report_power
============================================================================
======================= Fastest Corner ===================================

Group                  Internal  Switching    Leakage      Total
                          Power      Power      Power      Power (Watts)
----------------------------------------------------------------
Sequential             2.04e-03   0.00e+00   7.77e-09   2.04e-03  61.3%
Combinational          7.57e-07   1.49e-06   1.47e-08   2.26e-06   0.1%
Clock                  4.68e-04   8.13e-04   3.85e-09   1.28e-03  38.6%
Macro                  0.00e+00   0.00e+00   0.00e+00   0.00e+00   0.0%
Pad                    0.00e+00   0.00e+00   0.00e+00   0.00e+00   0.0%
----------------------------------------------------------------
Total                  2.50e-03   8.15e-04   2.63e-08   3.32e-03 100.0%
                          75.5%      24.5%       0.0%

======================= Slowest Corner ===================================

Group                  Internal  Switching    Leakage      Total
                          Power      Power      Power      Power (Watts)
----------------------------------------------------------------
Sequential             1.35e-03   0.00e+00   7.20e-06   1.36e-03  60.9%
Combinational          5.13e-07   9.72e-07   1.48e-05   1.63e-05   0.7%
Clock                  3.33e-04   5.21e-04   6.04e-07   8.55e-04  38.3%
Macro                  0.00e+00   0.00e+00   0.00e+00   0.00e+00   0.0%
Pad                    0.00e+00   0.00e+00   0.00e+00   0.00e+00   0.0%
----------------------------------------------------------------
Total                  1.69e-03   5.22e-04   2.26e-05   2.23e-03 100.0%
                          75.6%      23.4%       1.0%

======================= Typical Corner ===================================

Group                  Internal  Switching    Leakage      Total
                          Power      Power      Power      Power (Watts)
----------------------------------------------------------------
Sequential             1.75e-03   0.00e+00   4.28e-09   1.75e-03  61.6%
Combinational          6.32e-07   1.27e-06   1.13e-08   1.91e-06   0.1%
Clock                  4.08e-04   6.83e-04   2.41e-09   1.09e-03  38.3%
Macro                  0.00e+00   0.00e+00   0.00e+00   0.00e+00   0.0%
Pad                    0.00e+00   0.00e+00   0.00e+00   0.00e+00   0.0%
----------------------------------------------------------------
Total                  2.16e-03   6.85e-04   1.80e-08   2.85e-03 100.0%
                          75.9%      24.1%       0.0%

