
===========================================================================
report_checks -unconstrained
===========================================================================
======================= Typical Corner ===================================

Startpoint: _5745_ (rising edge-triggered flip-flop clocked by core_clock)
Endpoint: _5761_ (rising edge-triggered flip-flop clocked by core_clock)
Path Group: core_clock
Path Type: max

Fanout     Cap    Slew   Delay    Time   Description
-----------------------------------------------------------------------------
                          0.00    0.00   clock core_clock (rise edge)
                          0.00    0.00   clock source latency
     1    0.01    0.00    0.00    0.00 ^ clk (in)
                                         clk (net)
                  0.00    0.00    0.00 ^ clkbuf_0_clk/A (sky130_fd_sc_hd__clkbuf_16)
     2    0.02    0.04    0.11    0.11 ^ clkbuf_0_clk/X (sky130_fd_sc_hd__clkbuf_16)
                                         clknet_0_clk (net)
                  0.04    0.00    0.11 ^ clkbuf_1_1__f_clk/A (sky130_fd_sc_hd__clkbuf_16)
    13    0.07    0.09    0.16    0.27 ^ clkbuf_1_1__f_clk/X (sky130_fd_sc_hd__clkbuf_16)
                                         clknet_1_1__leaf_clk (net)
                  0.09    0.00    0.27 ^ clkbuf_leaf_6_clk/A (sky130_fd_sc_hd__clkbuf_8)
    21    0.05    0.10    0.18    0.45 ^ clkbuf_leaf_6_clk/X (sky130_fd_sc_hd__clkbuf_8)
                                         clknet_leaf_6_clk (net)
                  0.10    0.00    0.45 ^ _5745_/CLK (sky130_fd_sc_hd__dfxtp_1)
     5    0.01    0.14    0.40    0.84 ^ _5745_/Q (sky130_fd_sc_hd__dfxtp_1)
                                         clk_div.counter[0] (net)
                  0.14    0.00    0.84 ^ _4700_/B (sky130_fd_sc_hd__and3_1)
     4    0.02    0.17    0.27    1.11 ^ _4700_/X (sky130_fd_sc_hd__and3_1)
                                         _2304_ (net)
                  0.17    0.00    1.11 ^ _4706_/C (sky130_fd_sc_hd__and3_1)
     4    0.01    0.15    0.25    1.37 ^ _4706_/X (sky130_fd_sc_hd__and3_1)
                                         _2308_ (net)
                  0.15    0.00    1.37 ^ _4711_/B (sky130_fd_sc_hd__and2_1)
     4    0.01    0.13    0.20    1.57 ^ _4711_/X (sky130_fd_sc_hd__and2_1)
                                         _2312_ (net)
                  0.13    0.00    1.57 ^ _4717_/C (sky130_fd_sc_hd__and3_1)
     4    0.02    0.18    0.27    1.84 ^ _4717_/X (sky130_fd_sc_hd__and3_1)
                                         _2316_ (net)
                  0.18    0.00    1.84 ^ _4722_/C (sky130_fd_sc_hd__and3_1)
     4    0.01    0.12    0.24    2.08 ^ _4722_/X (sky130_fd_sc_hd__and3_1)
                                         _2319_ (net)
                  0.12    0.00    2.08 ^ _4726_/C (sky130_fd_sc_hd__and3_1)
     5    0.02    0.16    0.25    2.33 ^ _4726_/X (sky130_fd_sc_hd__and3_1)
                                         _2321_ (net)
                  0.16    0.00    2.33 ^ _4732_/C (sky130_fd_sc_hd__and3_1)
     4    0.02    0.16    0.26    2.59 ^ _4732_/X (sky130_fd_sc_hd__and3_1)
                                         _2325_ (net)
                  0.16    0.00    2.59 ^ _4737_/C (sky130_fd_sc_hd__and3_1)
     3    0.01    0.10    0.22    2.81 ^ _4737_/X (sky130_fd_sc_hd__and3_1)
                                         _2328_ (net)
                  0.10    0.00    2.81 ^ _4740_/B (sky130_fd_sc_hd__nand2_1)
     2    0.01    0.07    0.09    2.91 v _4740_/Y (sky130_fd_sc_hd__nand2_1)
                                         _2330_ (net)
                  0.07    0.00    2.91 v _4742_/A (sky130_fd_sc_hd__and2_1)
     1    0.00    0.03    0.14    3.04 v _4742_/X (sky130_fd_sc_hd__and2_1)
                                         _2332_ (net)
                  0.03    0.00    3.04 v _4743_/A (sky130_fd_sc_hd__clkbuf_1)
     1    0.00    0.03    0.08    3.13 v _4743_/X (sky130_fd_sc_hd__clkbuf_1)
                                         _0045_ (net)
                  0.03    0.00    3.13 v _5761_/D (sky130_fd_sc_hd__dfxtp_1)
                                  3.13   data arrival time

                         10.00   10.00   clock core_clock (rise edge)
                          0.00   10.00   clock source latency
     1    0.01    0.00    0.00   10.00 ^ clk (in)
                                         clk (net)
                  0.00    0.00   10.00 ^ clkbuf_0_clk/A (sky130_fd_sc_hd__clkbuf_16)
     2    0.02    0.04    0.11   10.11 ^ clkbuf_0_clk/X (sky130_fd_sc_hd__clkbuf_16)
                                         clknet_0_clk (net)
                  0.04    0.00   10.11 ^ clkbuf_1_1__f_clk/A (sky130_fd_sc_hd__clkbuf_16)
    13    0.07    0.09    0.16   10.27 ^ clkbuf_1_1__f_clk/X (sky130_fd_sc_hd__clkbuf_16)
                                         clknet_1_1__leaf_clk (net)
                  0.09    0.00   10.27 ^ clkbuf_leaf_6_clk/A (sky130_fd_sc_hd__clkbuf_8)
    21    0.05    0.10    0.18   10.45 ^ clkbuf_leaf_6_clk/X (sky130_fd_sc_hd__clkbuf_8)
                                         clknet_leaf_6_clk (net)
                  0.10    0.00   10.45 ^ _5761_/CLK (sky130_fd_sc_hd__dfxtp_1)
                          0.00   10.45   clock reconvergence pessimism
                         -0.09   10.36   library setup time
                                 10.36   data required time
-----------------------------------------------------------------------------
                                 10.36   data required time
                                 -3.13   data arrival time
-----------------------------------------------------------------------------
                                  7.23   slack (MET)




===========================================================================
report_checks --slack_max -0.01
============================================================================
======================= Typical Corner ===================================

No paths found.


===========================================================================
 report_check_types -max_slew -max_cap -max_fanout -violators
============================================================================
======================= Typical Corner ===================================


max slew violations count Typical: 0
max fanout violations count Typical: 0
max cap violations count Typical: 0

===========================================================================
report_parasitic_annotation -report_unannotated
============================================================================
Found 28 unannotated drivers.
 Main_18/LO
 clkload0/Y
 clkload1/Y
 clkload10/Y
 clkload11/Y
 clkload12/Y
 clkload13/Y
 clkload14/Y
 clkload15/Y
 clkload16/Y
 clkload17/Y
 clkload18/Y
 clkload19/Y
 clkload2/Y
 clkload20/Y
 clkload21/Y
 clkload22/X
 clkload23/Y
 clkload24/Y
 clkload25/Y
 clkload26/Y
 clkload3/Y
 clkload4/Y
 clkload5/Y
 clkload6/Y
 clkload7/Y
 clkload8/Y
 clkload9/Y
Found 537 partially unannotated drivers.
 clk
 _2870_/Y
 _2872_/X
 _2873_/Y
 _2877_/Y
 _2878_/Y
 _2879_/X
 _2881_/X
 _2883_/X
 _2886_/Y
 _2887_/X
 _2888_/X
 _2892_/Y
 _2893_/Y
 _2899_/Y
 _2900_/Y
 _2901_/X
 _2902_/X
 _2905_/Y
 _2906_/X
 _2907_/X
 _2911_/X
 _2912_/X
 _2913_/X
 _2915_/X
 _2916_/X
 _2923_/X
 _2924_/X
 _2925_/X
 _2926_/X
 _2927_/X
 _2929_/X
 _2930_/X
 _2932_/X
 _2933_/X
 _2935_/X
 _2939_/Y
 _2940_/X
 _2941_/X
 _2943_/X
 _2944_/X
 _2946_/X
 _2947_/X
 _2950_/X
 _2951_/X
 _2952_/X
 _2953_/X
 _2957_/X
 _2958_/Y
 _2959_/X
 _2960_/X
 _2970_/X
 _2971_/X
 _2975_/X
 _2976_/X
 _2979_/X
 _2980_/X
 _2981_/X
 _2984_/X
 _2985_/X
 _2988_/X
 _2989_/X
 _2990_/X
 _2997_/Y
 _2998_/X
 _2999_/X
 _3000_/X
 _3003_/X
 _3005_/X
 _3006_/X
 _3007_/X
 _3009_/X
 _3012_/X
 _3024_/X
 _3027_/X
 _3037_/X
 _3040_/X
 _3054_/X
 _3056_/X
 _3068_/X
 _3072_/X
 _3081_/Y
 _3089_/X
 _3099_/Y
 _3106_/X
 _3112_/X
 _3117_/Y
 _3119_/X
 _3124_/X
 _3150_/X
 _3151_/X
 _3156_/X
 _3172_/X
 _3181_/Y
 _3186_/X
 _3187_/X
 _3188_/X
 _3195_/X
 _3196_/X
 _3203_/X
 _3204_/X
 _3211_/X
 _3218_/X
 _3219_/X
 _3224_/X
 _3228_/Y
 _3234_/X
 _3235_/X
 _3241_/X
 _3245_/X
 _3246_/Y
 _3252_/X
 _3253_/X
 _3268_/X
 _3278_/Y
 _3279_/X
 _3285_/X
 _3295_/X
 _3300_/X
 _3301_/X
 _3307_/X
 _3311_/X
 _3312_/X
 _3315_/X
 _3316_/X
 _3317_/Y
 _3342_/X
 _3347_/X
 _3349_/Y
 _3351_/X
 _3353_/X
 _3374_/X
 _3378_/X
 _3390_/X
 _3392_/X
 _3398_/X
 _3412_/X
 _3413_/X
 _3426_/X
 _3433_/X
 _3434_/X
 _3440_/Y
 _3442_/Y
 _3444_/X
 _3451_/Y
 _3454_/Y
 _3484_/X
 _3485_/X
 _3488_/Y
 _3489_/X
 _3490_/X
 _3506_/X
 _3509_/X
 _3516_/X
 _3575_/Y
 _3587_/Y
 _3590_/X
 _3596_/Y
 _3598_/Y
 _3626_/Y
 _3628_/Y
 _3629_/X
 _3687_/X
 _3688_/Y
 _3689_/X
 _3690_/X
 _3695_/X
 _3696_/X
 _3712_/X
 _3717_/X
 _3720_/X
 _3725_/Y
 _3726_/X
 _3727_/X
 _3729_/X
 _3735_/X
 _3737_/Y
 _3743_/X
 _3747_/Y
 _3751_/X
 _3759_/Y
 _3762_/X
 _3770_/X
 _3788_/X
 _3790_/Y
 _3793_/X
 _3833_/X
 _3941_/X
 _3973_/Y
 _3982_/X
 _3987_/X
 _4007_/X
 _4011_/X
 _4013_/X
 _4017_/X
 _4019_/X
 _4023_/X
 _4024_/X
 _4030_/Y
 _4032_/Y
 _4033_/X
 _4041_/X
 _4043_/X
 _4048_/Y
 _4051_/X
 _4055_/X
 _4059_/X
 _4062_/X
 _4078_/Y
 _4079_/Y
 _4081_/Y
 _4084_/Y
 _4087_/X
 _4089_/X
 _4091_/X
 _4092_/X
 _4094_/Y
 _4097_/Y
 _4101_/Y
 _4116_/Y
 _4125_/Y
 _4133_/X
 _4136_/X
 _4137_/Y
 _4143_/X
 _4146_/Y
 _4149_/Y
 _4151_/X
 _4153_/Y
 _4155_/X
 _4171_/X
 _4174_/X
 _4186_/Y
 _4187_/Y
 _4190_/Y
 _4194_/X
 _4201_/X
 _4218_/Y
 _4222_/X
 _4229_/Y
 _4236_/Y
 _4237_/X
 _4244_/Y
 _4253_/Y
 _4258_/X
 _4264_/X
 _4265_/Y
 _4277_/X
 _4282_/Y
 _4283_/X
 _4286_/Y
 _4292_/X
 _4298_/X
 _4299_/Y
 _4305_/X
 _4306_/X
 _4309_/X
 _4312_/X
 _4322_/X
 _4328_/X
 _4330_/Y
 _4331_/X
 _4334_/X
 _4346_/Y
 _4349_/X
 _4352_/X
 _4355_/X
 _4360_/X
 _4363_/X
 _4365_/X
 _4367_/X
 _4373_/X
 _4376_/X
 _4381_/Y
 _4382_/X
 _4385_/X
 _4386_/X
 _4389_/X
 _4392_/X
 _4397_/Y
 _4399_/X
 _4400_/X
 _4402_/X
 _4406_/X
 _4413_/X
 _4414_/X
 _4417_/X
 _4419_/X
 _4420_/X
 _4423_/Y
 _4424_/X
 _4428_/X
 _4430_/X
 _4431_/X
 _4433_/Y
 _4435_/X
 _4437_/X
 _4440_/X
 _4442_/Y
 _4443_/X
 _4444_/X
 _4450_/X
 _4453_/X
 _4455_/X
 _4456_/X
 _4457_/X
 _4468_/X
 _4470_/X
 _4471_/X
 _4474_/X
 _4477_/X
 _4482_/X
 _4485_/X
 _4490_/X
 _4491_/X
 _4497_/X
 _4498_/X
 _4501_/X
 _4504_/X
 _4505_/X
 _4508_/X
 _4509_/X
 _4511_/X
 _4517_/X
 _4524_/X
 _4525_/X
 _4526_/X
 _4527_/X
 _4528_/X
 _4530_/X
 _4531_/X
 _4533_/X
 _4540_/X
 _4545_/X
 _4548_/X
 _4552_/X
 _4553_/X
 _4555_/X
 _4566_/X
 _4569_/X
 _4570_/X
 _4581_/X
 _4582_/X
 _4589_/X
 _4590_/X
 _4601_/X
 _4603_/X
 _4605_/X
 _4612_/Y
 _4615_/X
 _4616_/Y
 _4623_/X
 _4625_/X
 _4630_/X
 _4631_/X
 _4647_/X
 _4649_/X
 _4650_/X
 _4658_/X
 _4660_/X
 _4661_/X
 _4665_/X
 _4668_/X
 _4672_/X
 _4684_/X
 _4694_/X
 _4695_/X
 _4701_/Y
 _4703_/X
 _4716_/X
 _4718_/Y
 _4722_/X
 _4733_/Y
 _4741_/X
 _4742_/X
 _4747_/X
 _4757_/X
 _4758_/X
 _4799_/X
 _4800_/X
 _4830_/X
 _4852_/X
 _4854_/X
 _4857_/X
 _4859_/X
 _4861_/X
 _4881_/X
 _4882_/X
 _4883_/X
 _4913_/X
 _4914_/X
 _4917_/X
 _4920_/X
 _4929_/X
 _4935_/X
 _4938_/X
 _4945_/X
 _4953_/X
 _4955_/X
 _4962_/X
 _4980_/X
 _4981_/X
 _4982_/X
 _4984_/X
 _4987_/X
 _5002_/X
 _5023_/X
 _5034_/X
 _5035_/X
 _5041_/X
 _5049_/X
 _5050_/X
 _5071_/X
 _5092_/X
 _5099_/X
 _5100_/X
 _5102_/X
 _5104_/X
 _5117_/X
 _5118_/X
 _5139_/X
 _5142_/X
 _5163_/X
 _5168_/X
 _5170_/X
 _5187_/Y
 _5188_/X
 _5230_/X
 _5231_/X
 _5237_/X
 _5238_/X
 _5240_/X
 _5242_/X
 _5304_/X
 _5306_/X
 _5319_/Y
 _5320_/X
 _5354_/X
 _5362_/X
 _5363_/X
 _5367_/X
 _5373_/X
 _5387_/X
 _5388_/X
 _5389_/X
 _5410_/X
 _5431_/X
 _5498_/X
 _5501_/X
 _5503_/X
 _5505_/X
 _5521_/X
 _5557_/X
 _5564_/X
 _5590_/Y
 _5591_/X
 _5606_/X
 _5633_/X
 _5636_/X
 _5659_/X
 _5705_/X
 _5712_/X
 _5714_/X
 _5716_/X
 _5717_/X
 _5744_/Q
 _5758_/Q
 _5773_/Q
 _5794_/Q
 _5795_/Q
 _5796_/Q
 _5797_/Q
 _5798_/Q
 _5799_/Q
 _5800_/Q
 _5801_/Q
 _5802_/Q
 _5803_/Q
 _5804_/Q
 _5805_/Q
 _5806_/Q
 _5807_/Q
 _5808_/Q
 _5809_/Q
 _5810_/Q
 _5811_/Q
 _5812_/Q
 _5813_/Q
 _5814_/Q
 _5815_/Q
 _5816_/Q
 _5817_/Q
 _5818_/Q
 _5819_/Q
 _5820_/Q
 _5821_/Q
 _5822_/Q
 _5823_/Q
 _5825_/Q
 _5847_/Q
 _5848_/Q
 _5865_/Q
 _5927_/Q
 _5977_/Q
 _5980_/Q
 _5984_/Q
 _5985_/Q
 _5986_/Q
 _5987_/Q
 _5991_/Q
 _5999_/Q
 _6024_/Q
 _6041_/Q
 _6059_/Q
 _6062_/Q
 _6063_/Q
 _6087_/Q
 _6094_/Q
 _6108_/Q
 _6151_/Q
 _6249_/Q
 _6267_/Q
 _6268_/Q
 _6269_/Q
 clkbuf_0_clk/X
 clkbuf_1_0__f_clk/X
 clkbuf_1_1__f_clk/X
 clkbuf_leaf_13_clk/X
 clkbuf_leaf_14_clk/X
 clkbuf_leaf_15_clk/X
 clkbuf_leaf_19_clk/X
 clkbuf_leaf_24_clk/X
 clkbuf_leaf_2_clk/X
 clkbuf_leaf_6_clk/X
 clkbuf_leaf_7_clk/X
 clkbuf_leaf_9_clk/X
 input1/X

===========================================================================
max slew violation count 0
max fanout violation count 0
max cap violation count 0
============================================================================

===========================================================================
check_setup -verbose -unconstrained_endpoints -multiple_clock -no_clock -no_input_delay -loops -generated_clocks
===========================================================================
Warning: There are 2 input ports missing set_input_delay.
  next
  rst
Warning: There are 90 unclocked register/latch pins.
  _5740_/CLK
  _5741_/CLK
  _5742_/CLK
  _5743_/CLK
  _5744_/CLK
  _5764_/CLK
  _5765_/CLK
  _5766_/CLK
  _5767_/CLK
  _5768_/CLK
  _5769_/CLK
  _5770_/CLK
  _5771_/CLK
  _5772_/CLK
  _5773_/CLK
  _5774_/CLK
  _5775_/CLK
  _5776_/CLK
  _5777_/CLK
  _5778_/CLK
  _5779_/CLK
  _5780_/CLK
  _5781_/CLK
  _5782_/CLK
  _5783_/CLK
  _5784_/CLK
  _5785_/CLK
  _5786_/CLK
  _5787_/CLK
  _5788_/CLK
  _5789_/CLK
  _5790_/CLK
  _5791_/CLK
  _5792_/CLK
  _5793_/GATE_N
  _5794_/GATE_N
  _5795_/GATE_N
  _5796_/GATE_N
  _5797_/GATE_N
  _5798_/GATE_N
  _5799_/GATE_N
  _5800_/GATE_N
  _5801_/GATE_N
  _5802_/GATE_N
  _5803_/GATE_N
  _5804_/GATE_N
  _5805_/GATE_N
  _5806_/GATE_N
  _5807_/GATE_N
  _5808_/GATE_N
  _5809_/GATE_N
  _5810_/GATE_N
  _5811_/GATE_N
  _5812_/GATE_N
  _5813_/GATE_N
  _5814_/GATE_N
  _5815_/GATE_N
  _5816_/GATE_N
  _5817_/GATE_N
  _5818_/GATE_N
  _5819_/GATE_N
  _5820_/GATE_N
  _5821_/GATE_N
  _5822_/GATE_N
  _5823_/GATE_N
  _5824_/GATE_N
  _5825_/GATE_N
  _5858_/CLK
  _5859_/CLK
  _5860_/CLK
  _5861_/CLK
  _5862_/CLK
  _5863_/CLK
  _5864_/CLK
  _5866_/CLK
  _5867_/CLK
  _5868_/CLK
  _5869_/CLK
  _5870_/CLK
  _5871_/CLK
  _5872_/CLK
  _5873_/CLK
  _6259_/CLK
  _6260_/CLK
  _6261_/CLK
  _6262_/CLK
  _6263_/CLK
  _6264_/CLK
  _6265_/CLK
  _6266_/CLK
Warning: There are 111 unconstrained endpoints.
  an[0]
  an[1]
  an[2]
  an[3]
  an[4]
  an[5]
  an[6]
  an[7]
  cx[0]
  cx[1]
  cx[2]
  cx[3]
  cx[4]
  cx[5]
  cx[6]
  cx[7]
  _5740_/D
  _5741_/D
  _5742_/D
  _5743_/D
  _5744_/D
  _5763_/D
  _5764_/D
  _5765_/D
  _5766_/D
  _5767_/D
  _5768_/D
  _5769_/D
  _5770_/D
  _5771_/D
  _5772_/D
  _5773_/D
  _5774_/D
  _5775_/D
  _5776_/D
  _5777_/D
  _5778_/D
  _5779_/D
  _5780_/D
  _5781_/D
  _5782_/D
  _5783_/D
  _5784_/D
  _5785_/D
  _5786_/D
  _5787_/D
  _5788_/D
  _5789_/D
  _5790_/D
  _5791_/D
  _5792_/D
  _5793_/D
  _5794_/D
  _5795_/D
  _5796_/D
  _5797_/D
  _5798_/D
  _5799_/D
  _5800_/D
  _5801_/D
  _5802_/D
  _5803_/D
  _5804_/D
  _5805_/D
  _5806_/D
  _5807_/D
  _5808_/D
  _5809_/D
  _5810_/D
  _5811_/D
  _5812_/D
  _5813_/D
  _5814_/D
  _5815_/D
  _5816_/D
  _5817_/D
  _5818_/D
  _5819_/D
  _5820_/D
  _5821_/D
  _5822_/D
  _5823_/D
  _5824_/D
  _5825_/D
  _5858_/D
  _5859_/D
  _5860_/D
  _5861_/D
  _5862_/D
  _5863_/D
  _5864_/D
  _5866_/D
  _5867_/D
  _5868_/D
  _5869_/D
  _5870_/D
  _5871_/D
  _5872_/D
  _5873_/D
  _6258_/D
  _6259_/D
  _6260_/D
  _6261_/D
  _6262_/D
  _6263_/D
  _6264_/D
  _6265_/D
  _6266_/D
  _6267_/D
  _6268_/D
  _6269_/D
