
===========================================================================
report_checks -unconstrained
===========================================================================
======================= Typical Corner ===================================

Startpoint: b[0] (input port clocked by __VIRTUAL_CLK__)
Endpoint: z[7] (output port clocked by __VIRTUAL_CLK__)
Path Group: __VIRTUAL_CLK__
Path Type: max

Fanout     Cap    Slew   Delay    Time   Description
-----------------------------------------------------------------------------
                  0.00    0.00    0.00   clock __VIRTUAL_CLK__ (rise edge)
                          0.00    0.00   clock network delay (ideal)
                          2.00    2.00 ^ input external delay
     1    0.00    0.02    0.01    2.01 ^ b[0] (in)
                                         b[0] (net)
                  0.02    0.00    2.01 ^ input9/A (sky130_fd_sc_hd__clkbuf_4)
     3    0.04    0.12    0.19    2.20 ^ input9/X (sky130_fd_sc_hd__clkbuf_4)
                                         net9 (net)
                  0.12    0.00    2.21 ^ _243_/A (sky130_fd_sc_hd__buf_8)
    10    0.10    0.17    0.22    2.42 ^ _243_/X (sky130_fd_sc_hd__buf_8)
                                         _174_ (net)
                  0.17    0.00    2.42 ^ _244_/A (sky130_fd_sc_hd__buf_8)
    10    0.10    0.16    0.23    2.65 ^ _244_/X (sky130_fd_sc_hd__buf_8)
                                         _175_ (net)
                  0.16    0.00    2.65 ^ _416_/A (sky130_fd_sc_hd__nand4_4)
     4    0.05    0.23    0.23    2.88 v _416_/Y (sky130_fd_sc_hd__nand4_4)
                                         _099_ (net)
                  0.23    0.00    2.89 v _418_/B1 (sky130_fd_sc_hd__a22o_2)
     2    0.03    0.11    0.37    3.26 v _418_/X (sky130_fd_sc_hd__a22o_2)
                                         _101_ (net)
                  0.11    0.00    3.26 v _422_/A1 (sky130_fd_sc_hd__a21o_4)
     2    0.04    0.08    0.29    3.55 v _422_/X (sky130_fd_sc_hd__a21o_4)
                                         _105_ (net)
                  0.08    0.01    3.55 v _426_/A2 (sky130_fd_sc_hd__a21o_2)
     2    0.04    0.11    0.32    3.87 v _426_/X (sky130_fd_sc_hd__a21o_2)
                                         _109_ (net)
                  0.11    0.01    3.88 v _430_/A1 (sky130_fd_sc_hd__a21o_2)
     2    0.04    0.11    0.30    4.18 v _430_/X (sky130_fd_sc_hd__a21o_2)
                                         _113_ (net)
                  0.11    0.00    4.18 v _432_/A2 (sky130_fd_sc_hd__a21o_4)
     2    0.04    0.08    0.30    4.48 v _432_/X (sky130_fd_sc_hd__a21o_4)
                                         _115_ (net)
                  0.08    0.00    4.48 v _434_/A2 (sky130_fd_sc_hd__a21o_2)
     2    0.04    0.11    0.32    4.80 v _434_/X (sky130_fd_sc_hd__a21o_2)
                                         _117_ (net)
                  0.11    0.01    4.81 v _436_/A2 (sky130_fd_sc_hd__a21bo_2)
     2    0.02    0.08    0.30    5.11 v _436_/X (sky130_fd_sc_hd__a21bo_2)
                                         _119_ (net)
                  0.08    0.00    5.11 v _457_/A2 (sky130_fd_sc_hd__a21o_2)
     2    0.03    0.09    0.29    5.41 v _457_/X (sky130_fd_sc_hd__a21o_2)
                                         _139_ (net)
                  0.09    0.00    5.41 v _485_/A1 (sky130_fd_sc_hd__o21a_1)
     1    0.01    0.09    0.26    5.67 v _485_/X (sky130_fd_sc_hd__o21a_1)
                                         _167_ (net)
                  0.09    0.00    5.67 v _490_/A2 (sky130_fd_sc_hd__a21o_2)
     1    0.02    0.08    0.29    5.96 v _490_/X (sky130_fd_sc_hd__a21o_2)
                                         _172_ (net)
                  0.08    0.00    5.97 v _491_/B1 (sky130_fd_sc_hd__a21o_1)
     1    0.02    0.09    0.23    6.20 v _491_/X (sky130_fd_sc_hd__a21o_1)
                                         net27 (net)
                  0.09    0.00    6.20 v output27/A (sky130_fd_sc_hd__buf_2)
     1    0.03    0.09    0.21    6.41 v output27/X (sky130_fd_sc_hd__buf_2)
                                         z[7] (net)
                  0.09    0.00    6.41 v z[7] (out)
                                  6.41   data arrival time

                  0.00   10.00   10.00   clock __VIRTUAL_CLK__ (rise edge)
                          0.00   10.00   clock network delay (ideal)
                         -0.25    9.75   clock uncertainty
                          0.00    9.75   clock reconvergence pessimism
                         -2.00    7.75   output external delay
                                  7.75   data required time
-----------------------------------------------------------------------------
                                  7.75   data required time
                                 -6.41   data arrival time
-----------------------------------------------------------------------------
                                  1.34   slack (MET)




===========================================================================
report_checks --slack_max -0.01
============================================================================
======================= Typical Corner ===================================

No paths found.


===========================================================================
 report_check_types -max_slew -max_cap -max_fanout -violators
============================================================================
======================= Typical Corner ===================================


max slew violations count Typical: 0
max fanout violations count Typical: 0
max cap violations count Typical: 0

===========================================================================
report_parasitic_annotation -report_unannotated
============================================================================
Found 0 unannotated drivers.
Found 0 partially unannotated drivers.

===========================================================================
max slew violation count 0
max fanout violation count 0
max cap violation count 0
============================================================================

===========================================================================
check_setup -verbose -unconstrained_endpoints -multiple_clock -no_clock -no_input_delay -loops -generated_clocks
===========================================================================
