
===========================================================================
report_checks -path_delay max (Setup)
============================================================================
======================= Typical Corner ===================================

Startpoint: b[1] (input port clocked by __VIRTUAL_CLK__)
Endpoint: z[7] (output port clocked by __VIRTUAL_CLK__)
Path Group: __VIRTUAL_CLK__
Path Type: max

Fanout     Cap    Slew   Delay    Time   Description
-----------------------------------------------------------------------------
                  0.00    0.00    0.00   clock __VIRTUAL_CLK__ (rise edge)
                          0.00    0.00   clock network delay (ideal)
                          2.00    2.00 v input external delay
     1    0.01    0.02    0.01    2.01 v b[1] (in)
                                         b[1] (net)
                  0.02    0.00    2.01 v input10/A (sky130_fd_sc_hd__buf_8)
     2    0.02    0.03    0.11    2.13 v input10/X (sky130_fd_sc_hd__buf_8)
                                         net10 (net)
                  0.03    0.00    2.13 v fanout1/A (sky130_fd_sc_hd__buf_12)
    10    0.04    0.04    0.14    2.26 v fanout1/X (sky130_fd_sc_hd__buf_12)
                                         net83 (net)
                  0.04    0.00    2.26 v _258_/A (sky130_fd_sc_hd__buf_12)
     5    0.03    0.03    0.13    2.40 v _258_/X (sky130_fd_sc_hd__buf_12)
                                         _188_ (net)
                  0.03    0.00    2.40 v _417_/A1 (sky130_fd_sc_hd__a22o_4)
     2    0.01    0.05    0.26    2.66 v _417_/X (sky130_fd_sc_hd__a22o_4)
                                         _100_ (net)
                  0.05    0.00    2.66 v _418_/B1 (sky130_fd_sc_hd__a22o_4)
     2    0.01    0.05    0.23    2.89 v _418_/X (sky130_fd_sc_hd__a22o_4)
                                         _101_ (net)
                  0.05    0.00    2.89 v _422_/A2 (sky130_fd_sc_hd__a21o_4)
     2    0.01    0.04    0.23    3.12 v _422_/X (sky130_fd_sc_hd__a21o_4)
                                         _105_ (net)
                  0.04    0.00    3.12 v _426_/A1 (sky130_fd_sc_hd__a21o_4)
     2    0.01    0.04    0.21    3.33 v _426_/X (sky130_fd_sc_hd__a21o_4)
                                         _109_ (net)
                  0.04    0.00    3.33 v _430_/A2 (sky130_fd_sc_hd__a21o_4)
     2    0.01    0.04    0.23    3.56 v _430_/X (sky130_fd_sc_hd__a21o_4)
                                         _113_ (net)
                  0.04    0.00    3.56 v _432_/A1 (sky130_fd_sc_hd__a21o_4)
     2    0.01    0.04    0.22    3.78 v _432_/X (sky130_fd_sc_hd__a21o_4)
                                         _115_ (net)
                  0.04    0.00    3.78 v _434_/A1 (sky130_fd_sc_hd__a21o_4)
     2    0.01    0.04    0.21    3.99 v _434_/X (sky130_fd_sc_hd__a21o_4)
                                         _117_ (net)
                  0.04    0.00    3.99 v _436_/A2 (sky130_fd_sc_hd__a21bo_4)
     2    0.01    0.04    0.22    4.21 v _436_/X (sky130_fd_sc_hd__a21bo_4)
                                         _119_ (net)
                  0.04    0.00    4.21 v _457_/A2 (sky130_fd_sc_hd__a21o_4)
     2    0.01    0.04    0.22    4.43 v _457_/X (sky130_fd_sc_hd__a21o_4)
                                         _139_ (net)
                  0.04    0.00    4.43 v _485_/A2 (sky130_fd_sc_hd__o21a_4)
     1    0.00    0.03    0.19    4.62 v _485_/X (sky130_fd_sc_hd__o21a_4)
                                         _167_ (net)
                  0.03    0.00    4.62 v _490_/A1 (sky130_fd_sc_hd__a21o_4)
     1    0.00    0.03    0.20    4.82 v _490_/X (sky130_fd_sc_hd__a21o_4)
                                         _172_ (net)
                  0.03    0.00    4.82 v _491_/B1 (sky130_fd_sc_hd__a21o_4)
     1    0.00    0.03    0.18    5.00 v _491_/X (sky130_fd_sc_hd__a21o_4)
                                         net27 (net)
                  0.03    0.00    5.00 v output27/A (sky130_fd_sc_hd__buf_6)
     1    0.03    0.04    0.14    5.14 v output27/X (sky130_fd_sc_hd__buf_6)
                                         z[7] (net)
                  0.04    0.00    5.14 v z[7] (out)
                                  5.14   data arrival time

                  0.00   10.00   10.00   clock __VIRTUAL_CLK__ (rise edge)
                          0.00   10.00   clock network delay (ideal)
                         -0.25    9.75   clock uncertainty
                          0.00    9.75   clock reconvergence pessimism
                         -2.00    7.75   output external delay
                                  7.75   data required time
-----------------------------------------------------------------------------
                                  7.75   data required time
                                 -5.14   data arrival time
-----------------------------------------------------------------------------
                                  2.61   slack (MET)


Startpoint: c[2] (input port clocked by __VIRTUAL_CLK__)
Endpoint: z[5] (output port clocked by __VIRTUAL_CLK__)
Path Group: __VIRTUAL_CLK__
Path Type: max

Fanout     Cap    Slew   Delay    Time   Description
-----------------------------------------------------------------------------
                  0.00    0.00    0.00   clock __VIRTUAL_CLK__ (rise edge)
                          0.00    0.00   clock network delay (ideal)
                          2.00    2.00 v input external delay
     1    0.01    0.02    0.01    2.01 v c[2] (in)
                                         c[2] (net)
                  0.02    0.00    2.01 v input19/A (sky130_fd_sc_hd__buf_8)
     8    0.03    0.04    0.13    2.14 v input19/X (sky130_fd_sc_hd__buf_8)
                                         net19 (net)
                  0.04    0.00    2.14 v _259_/A (sky130_fd_sc_hd__or3b_4)
     1    0.01    0.07    0.41    2.55 v _259_/X (sky130_fd_sc_hd__or3b_4)
                                         _189_ (net)
                  0.07    0.00    2.55 v _260_/A (sky130_fd_sc_hd__buf_8)
     9    0.03    0.04    0.15    2.70 v _260_/X (sky130_fd_sc_hd__buf_8)
                                         _190_ (net)
                  0.04    0.00    2.70 v _261_/C (sky130_fd_sc_hd__and3_4)
     2    0.01    0.04    0.19    2.89 v _261_/X (sky130_fd_sc_hd__and3_4)
                                         _191_ (net)
                  0.04    0.00    2.89 v _264_/B (sky130_fd_sc_hd__or3b_4)
     4    0.02    0.09    0.42    3.32 v _264_/X (sky130_fd_sc_hd__or3b_4)
                                         _194_ (net)
                  0.09    0.00    3.32 v _302_/A1 (sky130_fd_sc_hd__a21bo_4)
     3    0.01    0.04    0.24    3.56 v _302_/X (sky130_fd_sc_hd__a21bo_4)
                                         _231_ (net)
                  0.04    0.00    3.56 v _326_/A2 (sky130_fd_sc_hd__a21o_4)
     3    0.02    0.05    0.24    3.79 v _326_/X (sky130_fd_sc_hd__a21o_4)
                                         _012_ (net)
                  0.05    0.00    3.79 v _341_/A2 (sky130_fd_sc_hd__a21o_4)
     3    0.01    0.05    0.24    4.03 v _341_/X (sky130_fd_sc_hd__a21o_4)
                                         _026_ (net)
                  0.05    0.00    4.03 v _400_/A1 (sky130_fd_sc_hd__a21oi_4)
     2    0.01    0.11    0.13    4.16 ^ _400_/Y (sky130_fd_sc_hd__a21oi_4)
                                         _084_ (net)
                  0.11    0.00    4.16 ^ rebuffer15/A (sky130_fd_sc_hd__buf_6)
     2    0.02    0.05    0.13    4.29 ^ rebuffer15/X (sky130_fd_sc_hd__buf_6)
                                         net46 (net)
                  0.05    0.00    4.29 ^ _402_/A (sky130_fd_sc_hd__nor2_4)
     1    0.00    0.02    0.03    4.32 v _402_/Y (sky130_fd_sc_hd__nor2_4)
                                         _086_ (net)
                  0.02    0.00    4.32 v _407_/A2 (sky130_fd_sc_hd__a211o_2)
     1    0.00    0.05    0.33    4.66 v _407_/X (sky130_fd_sc_hd__a211o_2)
                                         _091_ (net)
                  0.05    0.00    4.66 v _408_/B1 (sky130_fd_sc_hd__a21o_4)
     2    0.00    0.03    0.18    4.84 v _408_/X (sky130_fd_sc_hd__a21o_4)
                                         net25 (net)
                  0.03    0.00    4.84 v output25/A (sky130_fd_sc_hd__clkbuf_4)
     1    0.03    0.08    0.18    5.03 v output25/X (sky130_fd_sc_hd__clkbuf_4)
                                         z[5] (net)
                  0.08    0.00    5.03 v z[5] (out)
                                  5.03   data arrival time

                  0.00   10.00   10.00   clock __VIRTUAL_CLK__ (rise edge)
                          0.00   10.00   clock network delay (ideal)
                         -0.25    9.75   clock uncertainty
                          0.00    9.75   clock reconvergence pessimism
                         -2.00    7.75   output external delay
                                  7.75   data required time
-----------------------------------------------------------------------------
                                  7.75   data required time
                                 -5.03   data arrival time
-----------------------------------------------------------------------------
                                  2.72   slack (MET)


Startpoint: b[0] (input port clocked by __VIRTUAL_CLK__)
Endpoint: z[6] (output port clocked by __VIRTUAL_CLK__)
Path Group: __VIRTUAL_CLK__
Path Type: max

Fanout     Cap    Slew   Delay    Time   Description
-----------------------------------------------------------------------------
                  0.00    0.00    0.00   clock __VIRTUAL_CLK__ (rise edge)
                          0.00    0.00   clock network delay (ideal)
                          2.00    2.00 v input external delay
     1    0.01    0.02    0.01    2.01 v b[0] (in)
                                         b[0] (net)
                  0.02    0.00    2.01 v input9/A (sky130_fd_sc_hd__buf_12)
     3    0.02    0.03    0.12    2.13 v input9/X (sky130_fd_sc_hd__buf_12)
                                         net9 (net)
                  0.03    0.00    2.13 v clone11/A (sky130_fd_sc_hd__clkbuf_16)
     5    0.03    0.04    0.16    2.29 v clone11/X (sky130_fd_sc_hd__clkbuf_16)
                                         net42 (net)
                  0.04    0.00    2.29 v _368_/B2 (sky130_fd_sc_hd__a22o_4)
     3    0.02    0.06    0.25    2.54 v _368_/X (sky130_fd_sc_hd__a22o_4)
                                         _052_ (net)
                  0.06    0.00    2.54 v _370_/A1 (sky130_fd_sc_hd__a21o_4)
     2    0.01    0.05    0.23    2.77 v _370_/X (sky130_fd_sc_hd__a21o_4)
                                         _054_ (net)
                  0.05    0.00    2.77 v _374_/A2 (sky130_fd_sc_hd__a21o_4)
     3    0.01    0.04    0.23    3.00 v _374_/X (sky130_fd_sc_hd__a21o_4)
                                         _058_ (net)
                  0.04    0.00    3.00 v _380_/A2 (sky130_fd_sc_hd__a21o_4)
     2    0.01    0.04    0.23    3.23 v _380_/X (sky130_fd_sc_hd__a21o_4)
                                         _064_ (net)
                  0.04    0.00    3.23 v _384_/A1 (sky130_fd_sc_hd__a21o_4)
     3    0.02    0.05    0.23    3.45 v _384_/X (sky130_fd_sc_hd__a21o_4)
                                         _068_ (net)
                  0.05    0.00    3.45 v _386_/C (sky130_fd_sc_hd__and3_4)
     2    0.01    0.04    0.20    3.65 v _386_/X (sky130_fd_sc_hd__and3_4)
                                         _070_ (net)
                  0.04    0.00    3.65 v _409_/A (sky130_fd_sc_hd__or3_4)
     2    0.00    0.06    0.39    4.04 v _409_/X (sky130_fd_sc_hd__or3_4)
                                         _092_ (net)
                  0.06    0.00    4.04 v _435_/A_N (sky130_fd_sc_hd__and3b_2)
     2    0.01    0.06    0.26    4.30 ^ _435_/X (sky130_fd_sc_hd__and3b_2)
                                         _118_ (net)
                  0.06    0.00    4.30 ^ _437_/A_N (sky130_fd_sc_hd__and2b_1)
     2    0.01    0.05    0.20    4.50 v _437_/X (sky130_fd_sc_hd__and2b_1)
                                         _120_ (net)
                  0.05    0.00    4.50 v _439_/A2 (sky130_fd_sc_hd__o21a_1)
     1    0.00    0.03    0.17    4.67 v _439_/X (sky130_fd_sc_hd__o21a_1)
                                         _122_ (net)
                  0.03    0.00    4.67 v _450_/A1 (sky130_fd_sc_hd__a21o_1)
     1    0.00    0.03    0.15    4.82 v _450_/X (sky130_fd_sc_hd__a21o_1)
                                         net26 (net)
                  0.03    0.00    4.82 v output26/A (sky130_fd_sc_hd__buf_4)
     1    0.03    0.06    0.17    4.98 v output26/X (sky130_fd_sc_hd__buf_4)
                                         z[6] (net)
                  0.06    0.00    4.98 v z[6] (out)
                                  4.98   data arrival time

                  0.00   10.00   10.00   clock __VIRTUAL_CLK__ (rise edge)
                          0.00   10.00   clock network delay (ideal)
                         -0.25    9.75   clock uncertainty
                          0.00    9.75   clock reconvergence pessimism
                         -2.00    7.75   output external delay
                                  7.75   data required time
-----------------------------------------------------------------------------
                                  7.75   data required time
                                 -4.98   data arrival time
-----------------------------------------------------------------------------
                                  2.77   slack (MET)


Startpoint: b[1] (input port clocked by __VIRTUAL_CLK__)
Endpoint: z[4] (output port clocked by __VIRTUAL_CLK__)
Path Group: __VIRTUAL_CLK__
Path Type: max

Fanout     Cap    Slew   Delay    Time   Description
-----------------------------------------------------------------------------
                  0.00    0.00    0.00   clock __VIRTUAL_CLK__ (rise edge)
                          0.00    0.00   clock network delay (ideal)
                          2.00    2.00 v input external delay
     1    0.01    0.02    0.01    2.01 v b[1] (in)
                                         b[1] (net)
                  0.02    0.00    2.01 v input10/A (sky130_fd_sc_hd__buf_8)
     2    0.02    0.03    0.11    2.13 v input10/X (sky130_fd_sc_hd__buf_8)
                                         net10 (net)
                  0.03    0.00    2.13 v fanout1/A (sky130_fd_sc_hd__buf_12)
    10    0.04    0.04    0.14    2.26 v fanout1/X (sky130_fd_sc_hd__buf_12)
                                         net83 (net)
                  0.04    0.00    2.26 v _258_/A (sky130_fd_sc_hd__buf_12)
     5    0.03    0.03    0.13    2.40 v _258_/X (sky130_fd_sc_hd__buf_12)
                                         _188_ (net)
                  0.03    0.00    2.40 v _309_/A1 (sky130_fd_sc_hd__a22oi_4)
     2    0.01    0.18    0.20    2.60 ^ _309_/Y (sky130_fd_sc_hd__a22oi_4)
                                         _237_ (net)
                  0.18    0.00    2.60 ^ _310_/A (sky130_fd_sc_hd__nor2_4)
     1    0.02    0.06    0.08    2.68 v _310_/Y (sky130_fd_sc_hd__nor2_4)
                                         _238_ (net)
                  0.06    0.00    2.68 v _311_/A (sky130_fd_sc_hd__xnor2_4)
     2    0.02    0.21    0.24    2.91 ^ _311_/Y (sky130_fd_sc_hd__xnor2_4)
                                         _239_ (net)
                  0.21    0.00    2.91 ^ _313_/A (sky130_fd_sc_hd__xnor2_4)
     2    0.00    0.05    0.10    3.01 v _313_/Y (sky130_fd_sc_hd__xnor2_4)
                                         _241_ (net)
                  0.05    0.00    3.01 v _314_/A (sky130_fd_sc_hd__and3_4)
     2    0.01    0.04    0.16    3.17 v _314_/X (sky130_fd_sc_hd__and3_4)
                                         _000_ (net)
                  0.04    0.00    3.17 v rebuffer39/A (sky130_fd_sc_hd__buf_4)
     2    0.01    0.04    0.15    3.32 v rebuffer39/X (sky130_fd_sc_hd__buf_4)
                                         net70 (net)
                  0.04    0.00    3.32 v _358_/B (sky130_fd_sc_hd__nor3_2)
     2    0.01    0.24    0.24    3.56 ^ _358_/Y (sky130_fd_sc_hd__nor3_2)
                                         _043_ (net)
                  0.24    0.00    3.56 ^ max_cap29/A (sky130_fd_sc_hd__clkbuf_2)
     1    0.01    0.06    0.18    3.75 ^ max_cap29/X (sky130_fd_sc_hd__clkbuf_2)
                                         net29 (net)
                  0.06    0.00    3.75 ^ _359_/B (sky130_fd_sc_hd__nor2_4)
     2    0.01    0.03    0.04    3.78 v _359_/Y (sky130_fd_sc_hd__nor2_4)
                                         _044_ (net)
                  0.03    0.00    3.78 v _360_/B (sky130_fd_sc_hd__xnor2_1)
     1    0.00    0.04    0.11    3.90 v _360_/Y (sky130_fd_sc_hd__xnor2_1)
                                         _045_ (net)
                  0.04    0.00    3.90 v _365_/A2 (sky130_fd_sc_hd__a211o_2)
     1    0.00    0.04    0.33    4.23 v _365_/X (sky130_fd_sc_hd__a211o_2)
                                         _050_ (net)
                  0.04    0.00    4.23 v _366_/B1 (sky130_fd_sc_hd__a31o_2)
     1    0.00    0.03    0.21    4.44 v _366_/X (sky130_fd_sc_hd__a31o_2)
                                         net24 (net)
                  0.03    0.00    4.44 v output24/A (sky130_fd_sc_hd__buf_2)
     1    0.03    0.09    0.18    4.62 v output24/X (sky130_fd_sc_hd__buf_2)
                                         z[4] (net)
                  0.09    0.00    4.62 v z[4] (out)
                                  4.62   data arrival time

                  0.00   10.00   10.00   clock __VIRTUAL_CLK__ (rise edge)
                          0.00   10.00   clock network delay (ideal)
                         -0.25    9.75   clock uncertainty
                          0.00    9.75   clock reconvergence pessimism
                         -2.00    7.75   output external delay
                                  7.75   data required time
-----------------------------------------------------------------------------
                                  7.75   data required time
                                 -4.62   data arrival time
-----------------------------------------------------------------------------
                                  3.13   slack (MET)


Startpoint: c[2] (input port clocked by __VIRTUAL_CLK__)
Endpoint: z[3] (output port clocked by __VIRTUAL_CLK__)
Path Group: __VIRTUAL_CLK__
Path Type: max

Fanout     Cap    Slew   Delay    Time   Description
-----------------------------------------------------------------------------
                  0.00    0.00    0.00   clock __VIRTUAL_CLK__ (rise edge)
                          0.00    0.00   clock network delay (ideal)
                          2.00    2.00 v input external delay
     1    0.01    0.02    0.01    2.01 v c[2] (in)
                                         c[2] (net)
                  0.02    0.00    2.01 v input19/A (sky130_fd_sc_hd__buf_8)
     8    0.03    0.04    0.13    2.14 v input19/X (sky130_fd_sc_hd__buf_8)
                                         net19 (net)
                  0.04    0.00    2.14 v _259_/A (sky130_fd_sc_hd__or3b_4)
     1    0.01    0.07    0.41    2.55 v _259_/X (sky130_fd_sc_hd__or3b_4)
                                         _189_ (net)
                  0.07    0.00    2.55 v _260_/A (sky130_fd_sc_hd__buf_8)
     9    0.03    0.04    0.15    2.70 v _260_/X (sky130_fd_sc_hd__buf_8)
                                         _190_ (net)
                  0.04    0.00    2.70 v _261_/C (sky130_fd_sc_hd__and3_4)
     2    0.01    0.04    0.19    2.89 v _261_/X (sky130_fd_sc_hd__and3_4)
                                         _191_ (net)
                  0.04    0.00    2.89 v _264_/B (sky130_fd_sc_hd__or3b_4)
     4    0.02    0.09    0.42    3.32 v _264_/X (sky130_fd_sc_hd__or3b_4)
                                         _194_ (net)
                  0.09    0.00    3.32 v _302_/A1 (sky130_fd_sc_hd__a21bo_4)
     3    0.01    0.04    0.24    3.56 v _302_/X (sky130_fd_sc_hd__a21bo_4)
                                         _231_ (net)
                  0.04    0.00    3.56 v _326_/A2 (sky130_fd_sc_hd__a21o_4)
     3    0.02    0.05    0.24    3.79 v _326_/X (sky130_fd_sc_hd__a21o_4)
                                         _012_ (net)
                  0.05    0.00    3.79 v _332_/A3 (sky130_fd_sc_hd__a31o_2)
     2    0.00    0.04    0.25    4.04 v _332_/X (sky130_fd_sc_hd__a31o_2)
                                         _018_ (net)
                  0.04    0.00    4.04 v _333_/B1 (sky130_fd_sc_hd__a31o_2)
     1    0.00    0.03    0.21    4.25 v _333_/X (sky130_fd_sc_hd__a31o_2)
                                         net23 (net)
                  0.03    0.00    4.25 v output23/A (sky130_fd_sc_hd__buf_2)
     1    0.03    0.09    0.18    4.44 v output23/X (sky130_fd_sc_hd__buf_2)
                                         z[3] (net)
                  0.09    0.00    4.44 v z[3] (out)
                                  4.44   data arrival time

                  0.00   10.00   10.00   clock __VIRTUAL_CLK__ (rise edge)
                          0.00   10.00   clock network delay (ideal)
                         -0.25    9.75   clock uncertainty
                          0.00    9.75   clock reconvergence pessimism
                         -2.00    7.75   output external delay
                                  7.75   data required time
-----------------------------------------------------------------------------
                                  7.75   data required time
                                 -4.44   data arrival time
-----------------------------------------------------------------------------
                                  3.31   slack (MET)


Startpoint: c[2] (input port clocked by __VIRTUAL_CLK__)
Endpoint: z[2] (output port clocked by __VIRTUAL_CLK__)
Path Group: __VIRTUAL_CLK__
Path Type: max

Fanout     Cap    Slew   Delay    Time   Description
-----------------------------------------------------------------------------
                  0.00    0.00    0.00   clock __VIRTUAL_CLK__ (rise edge)
                          0.00    0.00   clock network delay (ideal)
                          2.00    2.00 v input external delay
     1    0.01    0.02    0.01    2.01 v c[2] (in)
                                         c[2] (net)
                  0.02    0.00    2.01 v input19/A (sky130_fd_sc_hd__buf_8)
     8    0.03    0.04    0.13    2.14 v input19/X (sky130_fd_sc_hd__buf_8)
                                         net19 (net)
                  0.04    0.00    2.14 v _259_/A (sky130_fd_sc_hd__or3b_4)
     1    0.01    0.07    0.41    2.55 v _259_/X (sky130_fd_sc_hd__or3b_4)
                                         _189_ (net)
                  0.07    0.00    2.55 v _260_/A (sky130_fd_sc_hd__buf_8)
     9    0.03    0.04    0.15    2.70 v _260_/X (sky130_fd_sc_hd__buf_8)
                                         _190_ (net)
                  0.04    0.00    2.70 v _261_/C (sky130_fd_sc_hd__and3_4)
     2    0.01    0.04    0.19    2.89 v _261_/X (sky130_fd_sc_hd__and3_4)
                                         _191_ (net)
                  0.04    0.00    2.89 v _264_/B (sky130_fd_sc_hd__or3b_4)
     4    0.02    0.09    0.42    3.32 v _264_/X (sky130_fd_sc_hd__or3b_4)
                                         _194_ (net)
                  0.09    0.00    3.32 v _266_/B (sky130_fd_sc_hd__nand3b_4)
     3    0.01    0.07    0.10    3.42 ^ _266_/Y (sky130_fd_sc_hd__nand3b_4)
                                         _196_ (net)
                  0.07    0.00    3.42 ^ _301_/B (sky130_fd_sc_hd__nand2_1)
     1    0.00    0.03    0.05    3.47 v _301_/Y (sky130_fd_sc_hd__nand2_1)
                                         _230_ (net)
                  0.03    0.00    3.47 v _303_/A2 (sky130_fd_sc_hd__o211a_2)
     1    0.00    0.04    0.23    3.71 v _303_/X (sky130_fd_sc_hd__o211a_2)
                                         _232_ (net)
                  0.04    0.00    3.71 v _304_/C1 (sky130_fd_sc_hd__a211o_2)
     2    0.00    0.05    0.27    3.97 v _304_/X (sky130_fd_sc_hd__a211o_2)
                                         net22 (net)
                  0.05    0.00    3.97 v output22/A (sky130_fd_sc_hd__buf_2)
     1    0.03    0.09    0.19    4.16 v output22/X (sky130_fd_sc_hd__buf_2)
                                         z[2] (net)
                  0.09    0.00    4.16 v z[2] (out)
                                  4.16   data arrival time

                  0.00   10.00   10.00   clock __VIRTUAL_CLK__ (rise edge)
                          0.00   10.00   clock network delay (ideal)
                         -0.25    9.75   clock uncertainty
                          0.00    9.75   clock reconvergence pessimism
                         -2.00    7.75   output external delay
                                  7.75   data required time
-----------------------------------------------------------------------------
                                  7.75   data required time
                                 -4.16   data arrival time
-----------------------------------------------------------------------------
                                  3.59   slack (MET)


Startpoint: b[0] (input port clocked by __VIRTUAL_CLK__)
Endpoint: z[0] (output port clocked by __VIRTUAL_CLK__)
Path Group: __VIRTUAL_CLK__
Path Type: max

Fanout     Cap    Slew   Delay    Time   Description
-----------------------------------------------------------------------------
                  0.00    0.00    0.00   clock __VIRTUAL_CLK__ (rise edge)
                          0.00    0.00   clock network delay (ideal)
                          2.00    2.00 ^ input external delay
     1    0.01    0.05    0.03    2.03 ^ b[0] (in)
                                         b[0] (net)
                  0.05    0.00    2.03 ^ input9/A (sky130_fd_sc_hd__buf_12)
     3    0.02    0.04    0.10    2.14 ^ input9/X (sky130_fd_sc_hd__buf_12)
                                         net9 (net)
                  0.04    0.00    2.14 ^ _243_/A (sky130_fd_sc_hd__buf_12)
     5    0.03    0.05    0.11    2.25 ^ _243_/X (sky130_fd_sc_hd__buf_12)
                                         _174_ (net)
                  0.05    0.00    2.25 ^ _244_/A (sky130_fd_sc_hd__buf_12)
     4    0.02    0.04    0.10    2.35 ^ _244_/X (sky130_fd_sc_hd__buf_12)
                                         _175_ (net)
                  0.04    0.00    2.35 ^ rebuffer20/A (sky130_fd_sc_hd__clkdlybuf4s15_2)
     7    0.02    0.14    0.27    2.62 ^ rebuffer20/X (sky130_fd_sc_hd__clkdlybuf4s15_2)
                                         net51 (net)
                  0.14    0.00    2.62 ^ rebuffer22/A (sky130_fd_sc_hd__dlygate4sd1_1)
     1    0.01    0.10    0.27    2.89 ^ rebuffer22/X (sky130_fd_sc_hd__dlygate4sd1_1)
                                         net53 (net)
                  0.10    0.00    2.89 ^ _246_/B (sky130_fd_sc_hd__nand2_4)
     5    0.01    0.04    0.06    2.95 v _246_/Y (sky130_fd_sc_hd__nand2_4)
                                         _177_ (net)
                  0.04    0.00    2.95 v _247_/B1 (sky130_fd_sc_hd__a21o_1)
     1    0.00    0.03    0.15    3.10 v _247_/X (sky130_fd_sc_hd__a21o_1)
                                         _178_ (net)
                  0.03    0.00    3.10 v _250_/B1 (sky130_fd_sc_hd__o2111a_1)
     1    0.00    0.04    0.12    3.22 v _250_/X (sky130_fd_sc_hd__o2111a_1)
                                         _181_ (net)
                  0.04    0.00    3.22 v _256_/A (sky130_fd_sc_hd__or3_2)
     1    0.00    0.07    0.47    3.70 v _256_/X (sky130_fd_sc_hd__or3_2)
                                         _187_ (net)
                  0.07    0.00    3.70 v _257_/A (sky130_fd_sc_hd__buf_2)
     1    0.00    0.02    0.13    3.82 v _257_/X (sky130_fd_sc_hd__buf_2)
                                         net20 (net)
                  0.02    0.00    3.82 v output20/A (sky130_fd_sc_hd__buf_2)
     1    0.03    0.09    0.18    4.00 v output20/X (sky130_fd_sc_hd__buf_2)
                                         z[0] (net)
                  0.09    0.00    4.00 v z[0] (out)
                                  4.00   data arrival time

                  0.00   10.00   10.00   clock __VIRTUAL_CLK__ (rise edge)
                          0.00   10.00   clock network delay (ideal)
                         -0.25    9.75   clock uncertainty
                          0.00    9.75   clock reconvergence pessimism
                         -2.00    7.75   output external delay
                                  7.75   data required time
-----------------------------------------------------------------------------
                                  7.75   data required time
                                 -4.00   data arrival time
-----------------------------------------------------------------------------
                                  3.75   slack (MET)


Startpoint: c[2] (input port clocked by __VIRTUAL_CLK__)
Endpoint: z[1] (output port clocked by __VIRTUAL_CLK__)
Path Group: __VIRTUAL_CLK__
Path Type: max

Fanout     Cap    Slew   Delay    Time   Description
-----------------------------------------------------------------------------
                  0.00    0.00    0.00   clock __VIRTUAL_CLK__ (rise edge)
                          0.00    0.00   clock network delay (ideal)
                          2.00    2.00 v input external delay
     1    0.01    0.02    0.01    2.01 v c[2] (in)
                                         c[2] (net)
                  0.02    0.00    2.01 v input19/A (sky130_fd_sc_hd__buf_8)
     8    0.03    0.04    0.13    2.14 v input19/X (sky130_fd_sc_hd__buf_8)
                                         net19 (net)
                  0.04    0.00    2.14 v _259_/A (sky130_fd_sc_hd__or3b_4)
     1    0.01    0.07    0.41    2.55 v _259_/X (sky130_fd_sc_hd__or3b_4)
                                         _189_ (net)
                  0.07    0.00    2.55 v _260_/A (sky130_fd_sc_hd__buf_8)
     9    0.03    0.04    0.15    2.70 v _260_/X (sky130_fd_sc_hd__buf_8)
                                         _190_ (net)
                  0.04    0.00    2.70 v _261_/C (sky130_fd_sc_hd__and3_4)
     2    0.01    0.04    0.19    2.89 v _261_/X (sky130_fd_sc_hd__and3_4)
                                         _191_ (net)
                  0.04    0.00    2.89 v _264_/B (sky130_fd_sc_hd__or3b_4)
     4    0.02    0.09    0.42    3.32 v _264_/X (sky130_fd_sc_hd__or3b_4)
                                         _194_ (net)
                  0.09    0.00    3.32 v _269_/A1 (sky130_fd_sc_hd__a21bo_1)
     1    0.00    0.03    0.19    3.50 v _269_/X (sky130_fd_sc_hd__a21bo_1)
                                         _199_ (net)
                  0.03    0.00    3.50 v _281_/A3 (sky130_fd_sc_hd__a31o_1)
     1    0.00    0.03    0.21    3.71 v _281_/X (sky130_fd_sc_hd__a31o_1)
                                         net21 (net)
                  0.03    0.00    3.71 v output21/A (sky130_fd_sc_hd__buf_2)
     1    0.03    0.09    0.18    3.89 v output21/X (sky130_fd_sc_hd__buf_2)
                                         z[1] (net)
                  0.09    0.00    3.89 v z[1] (out)
                                  3.89   data arrival time

                  0.00   10.00   10.00   clock __VIRTUAL_CLK__ (rise edge)
                          0.00   10.00   clock network delay (ideal)
                         -0.25    9.75   clock uncertainty
                          0.00    9.75   clock reconvergence pessimism
                         -2.00    7.75   output external delay
                                  7.75   data required time
-----------------------------------------------------------------------------
                                  7.75   data required time
                                 -3.89   data arrival time
-----------------------------------------------------------------------------
                                  3.86   slack (MET)



worst slack corner Typical: 2.6150
